Component: ARM Compiler 5.06 update 6 (build 750) Tool: armlink [4d35ed]

==============================================================================

Section Cross References

    startup_stm32l476xx.o(RESET) refers to startup_stm32l476xx.o(STACK) for __initial_sp
    startup_stm32l476xx.o(RESET) refers to startup_stm32l476xx.o(.text) for Reset_Handler
    startup_stm32l476xx.o(RESET) refers to stm32l4xx_it.o(i.NMI_Handler) for NMI_Handler
    startup_stm32l476xx.o(RESET) refers to stm32l4xx_it.o(i.HardFault_Handler) for HardFault_Handler
    startup_stm32l476xx.o(RESET) refers to stm32l4xx_it.o(i.MemManage_Handler) for MemManage_Handler
    startup_stm32l476xx.o(RESET) refers to stm32l4xx_it.o(i.BusFault_Handler) for BusFault_Handler
    startup_stm32l476xx.o(RESET) refers to stm32l4xx_it.o(i.UsageFault_Handler) for UsageFault_Handler
    startup_stm32l476xx.o(RESET) refers to stm32l4xx_it.o(i.SVC_Handler) for SVC_Handler
    startup_stm32l476xx.o(RESET) refers to stm32l4xx_it.o(i.DebugMon_Handler) for DebugMon_Handler
    startup_stm32l476xx.o(RESET) refers to stm32l4xx_it.o(i.PendSV_Handler) for PendSV_Handler
    startup_stm32l476xx.o(RESET) refers to stm32l4xx_it.o(i.SysTick_Handler) for SysTick_Handler
    startup_stm32l476xx.o(RESET) refers to stm32l4xx_it.o(i.DMA1_Channel1_IRQHandler) for DMA1_Channel1_IRQHandler
    startup_stm32l476xx.o(RESET) refers to stm32l4xx_it.o(i.TIM2_IRQHandler) for TIM2_IRQHandler
    startup_stm32l476xx.o(RESET) refers to stm32l4xx_it.o(i.USART1_IRQHandler) for USART1_IRQHandler
    startup_stm32l476xx.o(.text) refers to system_stm32l4xx.o(i.SystemInit) for SystemInit
    startup_stm32l476xx.o(.text) refers to entry.o(.ARM.Collect$$$$00000000) for __main
    bmp180.o(i.BMP_Init) refers to i2c.o(i.IIC_Init) for IIC_Init
    bmp180.o(i.BMP_ReadCalibrationData) refers to bmp180.o(i.BMP_ReadTwoByte) for BMP_ReadTwoByte
    bmp180.o(i.BMP_ReadCalibrationData) refers to bmp180.o(.bss) for .bss
    bmp180.o(i.BMP_ReadOneByte) refers to i2c.o(i.IIC_Start) for IIC_Start
    bmp180.o(i.BMP_ReadOneByte) refers to i2c.o(i.IIC_Send_Byte) for IIC_Send_Byte
    bmp180.o(i.BMP_ReadOneByte) refers to i2c.o(i.IIC_Wait_Ack) for IIC_Wait_Ack
    bmp180.o(i.BMP_ReadOneByte) refers to i2c.o(i.IIC_Read_Byte) for IIC_Read_Byte
    bmp180.o(i.BMP_ReadOneByte) refers to i2c.o(i.IIC_Stop) for IIC_Stop
    bmp180.o(i.BMP_ReadTwoByte) refers to i2c.o(i.IIC_Start) for IIC_Start
    bmp180.o(i.BMP_ReadTwoByte) refers to i2c.o(i.IIC_Send_Byte) for IIC_Send_Byte
    bmp180.o(i.BMP_ReadTwoByte) refers to i2c.o(i.IIC_Wait_Ack) for IIC_Wait_Ack
    bmp180.o(i.BMP_ReadTwoByte) refers to i2c.o(i.IIC_Read_Byte) for IIC_Read_Byte
    bmp180.o(i.BMP_ReadTwoByte) refers to i2c.o(i.IIC_Stop) for IIC_Stop
    bmp180.o(i.BMP_Read_UP) refers to bmp180.o(i.BMP_WriteOneByte) for BMP_WriteOneByte
    bmp180.o(i.BMP_Read_UP) refers to delay.o(i.myDelay) for myDelay
    bmp180.o(i.BMP_Read_UP) refers to bmp180.o(i.BMP_ReadTwoByte) for BMP_ReadTwoByte
    bmp180.o(i.BMP_Read_UT) refers to bmp180.o(i.BMP_WriteOneByte) for BMP_WriteOneByte
    bmp180.o(i.BMP_Read_UT) refers to delay.o(i.myDelay) for myDelay
    bmp180.o(i.BMP_Read_UT) refers to bmp180.o(i.BMP_ReadTwoByte) for BMP_ReadTwoByte
    bmp180.o(i.BMP_UncompemstatedToTrue) refers to bmp180.o(i.BMP_Read_UT) for BMP_Read_UT
    bmp180.o(i.BMP_UncompemstatedToTrue) refers to bmp180.o(i.BMP_Read_UP) for BMP_Read_UP
    bmp180.o(i.BMP_UncompemstatedToTrue) refers to dflti.o(.text) for __aeabi_i2d
    bmp180.o(i.BMP_UncompemstatedToTrue) refers to ddiv.o(.text) for __aeabi_ddiv
    bmp180.o(i.BMP_UncompemstatedToTrue) refers to pow.o(i.__hardfp_pow) for __hardfp_pow
    bmp180.o(i.BMP_UncompemstatedToTrue) refers to dadd.o(.text) for __aeabi_drsub
    bmp180.o(i.BMP_UncompemstatedToTrue) refers to dmul.o(.text) for __aeabi_dmul
    bmp180.o(i.BMP_UncompemstatedToTrue) refers to d2f.o(.text) for __aeabi_d2f
    bmp180.o(i.BMP_UncompemstatedToTrue) refers to bmp180.o(.bss) for .bss
    bmp180.o(i.BMP_WriteOneByte) refers to i2c.o(i.IIC_Start) for IIC_Start
    bmp180.o(i.BMP_WriteOneByte) refers to i2c.o(i.IIC_Send_Byte) for IIC_Send_Byte
    bmp180.o(i.BMP_WriteOneByte) refers to i2c.o(i.IIC_Wait_Ack) for IIC_Wait_Ack
    bmp180.o(i.BMP_WriteOneByte) refers to i2c.o(i.IIC_Stop) for IIC_Stop
    i2c.o(i.GPIO_SDA_IN) refers to i2c.o(i.LL_AHB2_GRP1_EnableClock) for LL_AHB2_GRP1_EnableClock
    i2c.o(i.GPIO_SDA_IN) refers to stm32l4xx_ll_gpio.o(i.LL_GPIO_Init) for LL_GPIO_Init
    i2c.o(i.IIC_Ack) refers to stm32l4xx_hal_gpio.o(i.HAL_GPIO_WritePin) for HAL_GPIO_WritePin
    i2c.o(i.IIC_Ack) refers to i2c.o(i.LL_GPIO_SetPinMode) for LL_GPIO_SetPinMode
    i2c.o(i.IIC_Ack) refers to delay.o(i.us_Dealy) for us_Dealy
    i2c.o(i.IIC_Init) refers to i2c.o(i.LL_AHB2_GRP1_EnableClock) for LL_AHB2_GRP1_EnableClock
    i2c.o(i.IIC_Init) refers to stm32l4xx_hal_gpio.o(i.HAL_GPIO_WritePin) for HAL_GPIO_WritePin
[...]
    i.gizGetTimerCount                       0x08006768   Section        0  gizwits_product.o(i.gizGetTimerCount)
    i.gizProtocolAckHandle                   0x08006774   Section        0  gizwits_protocol.o(i.gizProtocolAckHandle)
    gizProtocolAckHandle                     0x08006775   Thumb Code    78  gizwits_protocol.o(i.gizProtocolAckHandle)
    i.gizProtocolCommonAck                   0x080067f0   Section        0  gizwits_protocol.o(i.gizProtocolCommonAck)
    gizProtocolCommonAck                     0x080067f1   Thumb Code    80  gizwits_protocol.o(i.gizProtocolCommonAck)
    i.gizProtocolErrorCmd                    0x08006888   Section        0  gizwits_protocol.o(i.gizProtocolErrorCmd)
    gizProtocolErrorCmd                      0x08006889   Thumb Code    88  gizwits_protocol.o(i.gizProtocolErrorCmd)
    i.gizProtocolGetDeviceInfo               0x08006928   Section        0  gizwits_protocol.o(i.gizProtocolGetDeviceInfo)
    gizProtocolGetDeviceInfo                 0x08006929   Thumb Code   180  gizwits_protocol.o(i.gizProtocolGetDeviceInfo)
    i.gizProtocolGetOnePacket                0x08006aa0   Section        0  gizwits_protocol.o(i.gizProtocolGetOnePacket)
    gizProtocolGetOnePacket                  0x08006aa1   Thumb Code   266  gizwits_protocol.o(i.gizProtocolGetOnePacket)
    i.gizProtocolHeadInit                    0x08006be8   Section        0  gizwits_protocol.o(i.gizProtocolHeadInit)
    gizProtocolHeadInit                      0x08006be9   Thumb Code    32  gizwits_protocol.o(i.gizProtocolHeadInit)
    i.gizProtocolIssuedDataAck               0x08006c34   Section        0  gizwits_protocol.o(i.gizProtocolIssuedDataAck)
    gizProtocolIssuedDataAck                 0x08006c35   Thumb Code   198  gizwits_protocol.o(i.gizProtocolIssuedDataAck)
    i.gizProtocolIssuedProcess               0x08006d54   Section        0  gizwits_protocol.o(i.gizProtocolIssuedProcess)
    gizProtocolIssuedProcess                 0x08006d55   Thumb Code   176  gizwits_protocol.o(i.gizProtocolIssuedProcess)
    i.gizProtocolModuleStatus                0x08006e38   Section        0  gizwits_protocol.o(i.gizProtocolModuleStatus)
    gizProtocolModuleStatus                  0x08006e39   Thumb Code   574  gizwits_protocol.o(i.gizProtocolModuleStatus)
    i.gizProtocolNTP                         0x0800724c   Section        0  gizwits_protocol.o(i.gizProtocolNTP)
    gizProtocolNTP                           0x0800724d   Thumb Code    88  gizwits_protocol.o(i.gizProtocolNTP)
    i.gizProtocolResendData                  0x080072bc   Section        0  gizwits_protocol.o(i.gizProtocolResendData)
    gizProtocolResendData                    0x080072bd   Thumb Code    52  gizwits_protocol.o(i.gizProtocolResendData)
    i.gizProtocolSum                         0x0800732c   Section        0  common.o(i.gizProtocolSum)
    i.gizProtocolWaitAck                     0x08007350   Section        0  gizwits_protocol.o(i.gizProtocolWaitAck)
    gizProtocolWaitAck                       0x08007351   Thumb Code    64  gizwits_protocol.o(i.gizProtocolWaitAck)
    i.gizProtocolWaitAckCheck                0x080073ac   Section        0  gizwits_protocol.o(i.gizProtocolWaitAckCheck)
    gizProtocolWaitAckCheck                  0x080073ad   Thumb Code    42  gizwits_protocol.o(i.gizProtocolWaitAckCheck)
    i.gizPutData                             0x080073f4   Section        0  gizwits_protocol.o(i.gizPutData)
    i.gizReportData                          0x0800745c   Section        0  gizwits_protocol.o(i.gizReportData)
    gizReportData                            0x0800745d   Thumb Code   128  gizwits_protocol.o(i.gizReportData)
    i.gizTimerMs                             0x08007524   Section        0  gizwits_product.o(i.gizTimerMs)
    i.gizY2X                                 0x08007534   Section        0  datapointtools.o(i.gizY2X)
    i.gizwitsEventProcess                    0x0800753c   Section        0  gizwits_product.o(i.gizwitsEventProcess)
    i.gizwitsHandle                          0x08007640   Section        0  gizwits_protocol.o(i.gizwitsHandle)
    i.gizwitsInit                            0x08007988   Section        0  gizwits_protocol.o(i.gizwitsInit)
    i.gizwitsSetMode                         0x080079e4   Section        0  gizwits_protocol.o(i.gizwitsSetMode)
    i.key1LongPress                          0x08007af8   Section        0  main.o(i.key1LongPress)
    i.key1ShortPress                         0x08007b2c   Section        0  main.o(i.key1ShortPress)
    i.key2LongPress                          0x08007b60   Section        0  main.o(i.key2LongPress)
    i.key2ShortPress                         0x08007b94   Section        0  main.o(i.key2ShortPress)
    i.keyHandle                              0x08007bc4   Section        0  hal_key.o(i.keyHandle)
    i.keyInit                                0x08007c40   Section        0  main.o(i.keyInit)
    i.keyInitOne                             0x08007cbc   Section        0  hal_key.o(i.keyInitOne)
    i.keyParaInit                            0x08007cfc   Section        0  hal_key.o(i.keyParaInit)
    i.main                                   0x08007d14   Section        0  main.o(i.main)
    i.mcuRestart                             0x08008094   Section        0  gizwits_product.o(i.mcuRestart)
    i.myDelay                                0x0800809e   Section        0  delay.o(i.myDelay)
    i.rbCanRead                              0x080080b6   Section        0  ringbuffer.o(i.rbCanRead)
    i.rbCanWrite                             0x080080e8   Section        0  ringbuffer.o(i.rbCanWrite)
    i.rbCapacity                             0x08008104   Section        0  ringbuffer.o(i.rbCapacity)
    i.rbCreate                               0x08008110   Section        0  ringbuffer.o(i.rbCreate)
    i.rbRead                                 0x08008122   Section        0  ringbuffer.o(i.rbRead)
    i.rbWrite                                0x080081a0   Section        0  ringbuffer.o(i.rbWrite)
    i.readKeyValue                           0x08008230   Section        0  hal_key.o(i.readKeyValue)
    i.sqrt                                   0x080082b8   Section        0  sqrt.o(i.sqrt)
    i.timerInit                              0x08008328   Section        0  gizwits_product.o(i.timerInit)
    i.uartInit                               0x08008334   Section        0  gizwits_product.o(i.uartInit)
    i.uartWrite                              0x08008348   Section        0  gizwits_product.o(i.uartWrite)
    i.us_Dealy                               0x08008400   Section        0  delay.o(i.us_Dealy)
    i.userHandle                             0x08008414   Section        0  main.o(i.userHandle)
    i.userInit                               0x08008490   Section        0  gizwits_product.o(i.userInit)
    .constdata                               0x080084b0   Section       64  system_stm32l4xx.o(.constdata)
    .constdata                               0x080084f0   Section        8  system_stm32l4xx.o(.constdata)
    .constdata                               0x080084f8   Section      136  pow.o(.constdata)
    bp                                       0x080084f8   Data          16  pow.o(.constdata)
    dp_h                                     0x08008508   Data          16  pow.o(.constdata)
    dp_l                                     0x08008518   Data          16  pow.o(.constdata)
    L                                        0x08008528   Data          48  pow.o(.constdata)
    P                                        0x08008558   Data          40  pow.o(.constdata)
    .constdata                               0x08008580   Section        8  qnan.o(.constdata)
    .data                                    0x20000000   Section        3  gy30.o(.data)
    .data                                    0x20000004   Section       54  main.o(.data)
    cnt                                      0x2000000c   Data           4  main.o(.data)
    .data                                    0x2000003c   Section        4  stm32l4xx_hal.o(.data)
    .data                                    0x20000040   Section        4  system_stm32l4xx.o(.data)
    .data                                    0x20000044   Section        8  gizwits_product.o(.data)
    timerMsCount                             0x20000048   Data           4  gizwits_product.o(.data)
    .data                                    0x2000004c   Section       16  gizwits_protocol.o(.data)
    protocolFlag                             0x2000004c   Data           1  gizwits_protocol.o(.data)
    lastData                                 0x2000004d   Data           1  gizwits_protocol.o(.data)
    debugCount                               0x2000004e   Data           1  gizwits_protocol.o(.data)
    protocolCount                            0x20000050   Data           2  gizwits_protocol.o(.data)
    lastStatus                               0x20000052   Data           2  gizwits_protocol.o(.data)
    lastReportTime                           0x20000054   Data           4  gizwits_protocol.o(.data)
    lastRepTime                              0x20000058   Data           4  gizwits_protocol.o(.data)
    .data                                    0x2000005c   Section       10  hal_key.o(.data)
    keyTotolNum                              0x2000005c   Data           1  hal_key.o(.data)
    keyCheck                                 0x2000005d   Data           1  hal_key.o(.data)
    keyState                                 0x2000005e   Data           1  hal_key.o(.data)
    key_total                                0x2000005f   Data           1  hal_key.o(.data)
    keyLongCheck                             0x20000062   Data           2  hal_key.o(.data)
    keyPrev                                  0x20000064   Data           2  hal_key.o(.data)
    .data                                    0x20000068   Section        4  stdout.o(.data)
    .data                                    0x2000006c   Section        4  errno.o(.data)
    _errno                                   0x2000006c   Data           4  errno.o(.data)
    .bss                                     0x20000070   Section       76  bmp180.o(.bss)
    .bss                                     0x200000bc   Section       82  main.o(.bss)
    .bss                                     0x20000110   Section      176  adc.o(.bss)
    .bss                                     0x200001c0   Section      128  tim.o(.bss)
    .bss                                     0x20000240   Section      240  usart.o(.bss)
    .bss                                     0x20000330   Section       20  gizwits_product.o(.bss)
    .bss                                     0x20000344   Section      381  gizwits_protocol.o(.bss)
    rbBuf                                    0x20000487   Data          58  gizwits_protocol.o(.bss)
    STACK                                    0x200004c8   Section     1024  startup_stm32l476xx.o(STACK)

    Global Symbols

    Symbol Name                              Value     Ov Type        Size  Object(Section)

    BuildAttributes$$THM_ISAv4$E$P$D$K$B$S$7EM$VFPi3$EXTD16$VFPS$VFMA$PE$A:L22UL41UL21$X:L11$S22US41US21$IEEE1$IW$USESV6$~STKCKD$USESV7$~SHL$OTIME$ROPI$IEEEX$EBA8$MICROLIB$REQ8$PRES8$EABIv2 0x00000000   Number         0  anon$$obj.o ABSOLUTE
    __ARM_use_no_argv                        0x00000000   Number         0  main.o ABSOLUTE
    _printf_a                                0x00000000   Number         0  stubs.o ABSOLUTE
    _printf_c                                0x00000000   Number         0  stubs.o ABSOLUTE
    _printf_charcount                        0x00000000   Number         0  stubs.o ABSOLUTE
    _printf_d                                0x00000000   Number         0  stubs.o ABSOLUTE
    _printf_e                                0x00000000   Number         0  stubs.o ABSOLUTE
    _printf_f                                0x00000000   Number         0  stubs.o ABSOLUTE
    _printf_flags                            0x00000000   Number         0  stubs.o ABSOLUTE
    _printf_fp_dec                           0x00000000   Number         0  stubs.o ABSOLUTE
    _printf_fp_hex                           0x00000000   Number         0  stubs.o ABSOLUTE
    _printf_g                                0x00000000   Number         0  stubs.o ABSOLUTE
    _printf_i                                0x00000000   Number         0  stubs.o ABSOLUTE
    _printf_int_dec                          0x00000000   Number         0  stubs.o ABSOLUTE
    _printf_l                                0x00000000   Number         0  stubs.o ABSOLUTE
    _printf_lc                               0x00000000   Number         0  stubs.o ABSOLUTE
    _printf_ll                               0x00000000   Number         0  stubs.o ABSOLUTE
    _printf_lld                              0x00000000   Number         0  stubs.o ABSOLUTE
    _printf_lli                              0x00000000   Number         0  stubs.o ABSOLUTE
    _printf_llo                              0x00000000   Number         0  stubs.o ABSOLUTE
    _printf_llu                              0x00000000   Number         0  stubs.o ABSOLUTE
    _printf_llx                              0x00000000   Number         0  stubs.o ABSOLUTE
    _printf_longlong_dec                     0x00000000   Number         0  stubs.o ABSOLUTE
    _printf_longlong_hex                     0x00000000   Number         0  stubs.o ABSOLUTE
    _printf_longlong_oct                     0x00000000   Number         0  stubs.o ABSOLUTE
    _printf_ls                               0x00000000   Number         0  stubs.o ABSOLUTE
    _printf_mbtowc                           0x00000000   Number         0  stubs.o ABSOLUTE
    _printf_n                                0x00000000   Number         0  stubs.o ABSOLUTE
    _printf_o                                0x00000000   Number         0  stubs.o ABSOLUTE
    _printf_p                                0x00000000   Number         0  stubs.o ABSOLUTE
    _printf_percent                          0x00000000   Number         0  stubs.o ABSOLUTE
    _printf_pre_padding                      0x00000000   Number         0  stubs.o ABSOLUTE
    _printf_return_value                     0x00000000   Number         0  stubs.o ABSOLUTE
    _printf_s                                0x00000000   Number         0  stubs.o ABSOLUTE
    _printf_sizespec                         0x00000000   Number         0  stubs.o ABSOLUTE
    _printf_str                              0x00000000   Number         0  stubs.o ABSOLUTE
    _printf_truncate_signed                  0x00000000   Number         0  stubs.o ABSOLUTE
    _printf_truncate_unsigned                0x00000000   Number         0  stubs.o ABSOLUTE
    _printf_u                                0x00000000   Number         0  stubs.o ABSOLUTE
    _printf_wc                               0x00000000   Number         0  stubs.o ABSOLUTE
    _printf_wctomb                           0x00000000   Number         0  stubs.o ABSOLUTE
    _printf_widthprec                        0x00000000   Number         0  stubs.o ABSOLUTE
    _printf_x                                0x00000000   Number         0  stubs.o ABSOLUTE
    __cpp_initialize__aeabi_                  - Undefined Weak Reference
    __cxa_finalize                            - Undefined Weak Reference
    __decompress                              - Undefined Weak Reference
    _clock_init                               - Undefined Weak Reference
    _microlib_exit                            - Undefined Weak Reference
    __Vectors_Size                           0x00000188   Number         0  startup_stm32l476xx.o ABSOLUTE
    __Vectors                                0x08000000   Data           4  startup_stm32l476xx.o(RESET)
    __Vectors_End                            0x08000188   Data           0  startup_stm32l476xx.o(RESET)
    __main                                   0x08000189   Thumb Code     0  entry.o(.ARM.Collect$$$$00000000)
    _main_stk                                0x08000189   Thumb Code     0  entry2.o(.ARM.Collect$$$$00000001)
    _main_scatterload                        0x0800018d   Thumb Code     0  entry5.o(.ARM.Collect$$$$00000004)
    __main_after_scatterload                 0x08000191   Thumb Code     0  entry5.o(.ARM.Collect$$$$00000004)
    _main_clock                              0x08000191   Thumb Code     0  entry7b.o(.ARM.Collect$$$$00000008)
    _main_cpp_init                           0x08000191   Thumb Code     0  entry8b.o(.ARM.Collect$$$$0000000A)
    _main_init                               0x08000191   Thumb Code     0  entry9a.o(.ARM.Collect$$$$0000000B)
    __rt_final_cpp                           0x08000199   Thumb Code     0  entry10a.o(.ARM.Collect$$$$0000000D)
    __rt_final_exit                          0x08000199   Thumb Code     0  entry11a.o(.ARM.Collect$$$$0000000F)
    Reset_Handler                            0x0800019d   Thumb Code     8  startup_stm32l476xx.o(.text)
    ADC1_2_IRQHandler                        0x080001b7   Thumb Code     0  startup_stm32l476xx.o(.text)
    ADC3_IRQHandler                          0x080001b7   Thumb Code     0  startup_stm32l476xx.o(.text)
    CAN1_RX0_IRQHandler                      0x080001b7   Thumb Code     0  startup_stm32l476xx.o(.text)
    CAN1_RX1_IRQHandler                      0x080001b7   Thumb Code     0  startup_stm32l476xx.o(.text)
    CAN1_SCE_IRQHandler                      0x080001b7   Thumb Code     0  startup_stm32l476xx.o(.text)
    CAN1_TX_IRQHandler                       0x080001b7   Thumb Code     0  startup_stm32l476xx.o(.text)
    COMP_IRQHandler                          0x080001b7   Thumb Code     0  startup_stm32l476xx.o(.text)
    DFSDM1_FLT0_IRQHandler                   0x080001b7   Thumb Code     0  startup_stm32l476xx.o(.text)
    DFSDM1_FLT1_IRQHandler                   0x080001b7   Thumb Code     0  startup_stm32l476xx.o(.text)
    DFSDM1_FLT2_IRQHandler                   0x080001b7   Thumb Code     0  startup_stm32l476xx.o(.text)
    DFSDM1_FLT3_IRQHandler                   0x080001b7   Thumb Code     0  startup_stm32l476xx.o(.text)
    DMA1_Channel2_IRQHandler                 0x080001b7   Thumb Code     0  startup_stm32l476xx.o(.text)
    DMA1_Channel3_IRQHandler                 0x080001b7   Thumb Code     0  startup_stm32l476xx.o(.text)
    DMA1_Channel4_IRQHandler                 0x080001b7   Thumb Code     0  startup_stm32l476xx.o(.text)
    DMA1_Channel5_IRQHandler                 0x080001b7   Thumb Code     0  startup_stm32l476xx.o(.text)
    DMA1_Channel6_IRQHandler                 0x080001b7   Thumb Code     0  startup_stm32l476xx.o(.text)
    DMA1_Channel7_IRQHandler                 0x080001b7   Thumb Code     0  startup_stm32l476xx.o(.text)
    DMA2_Channel1_IRQHandler                 0x080001b7   Thumb Code     0  startup_stm32l476xx.o(.text)
    DMA2_Channel2_IRQHandler                 0x080001b7   Thumb Code     0  startup_stm32l476xx.o(.text)
    DMA2_Channel3_IRQHandler                 0x080001b7   Thumb Code     0  startup_stm32l476xx.o(.text)
    DMA2_Channel4_IRQHandler                 0x080001b7   Thumb Code     0  startup_stm32l476xx.o(.text)
    DMA2_Channel5_IRQHandler                 0x080001b7   Thumb Code     0  startup_stm32l476xx.o(.text)
    DMA2_Channel6_IRQHandler                 0x080001b7   Thumb Code     0  startup_stm32l476xx.o(.text)
    DMA2_Channel7_IRQHandler                 0x080001b7   Thumb Code     0  startup_stm32l476xx.o(.text)
    EXTI0_IRQHandler                         0x080001b7   Thumb Code     0  startup_stm32l476xx.o(.text)
    EXTI15_10_IRQHandler                     0x080001b7   Thumb Code     0  startup_stm32l476xx.o(.text)
    EXTI1_IRQHandler                         0x080001b7   Thumb Code     0  startup_stm32l476xx.o(.text)
    EXTI2_IRQHandler                         0x080001b7   Thumb Code     0  startup_stm32l476xx.o(.text)
    EXTI3_IRQHandler                         0x080001b7   Thumb Code     0  startup_stm32l476xx.o(.text)
    EXTI4_IRQHandler                         0x080001b7   Thumb Code     0  startup_stm32l476xx.o(.text)
    EXTI9_5_IRQHandler                       0x080001b7   Thumb Code     0  startup_stm32l476xx.o(.text)
    FLASH_IRQHandler                         0x080001b7   Thumb Code     0  startup_stm32l476xx.o(.text)
    FMC_IRQHandler                           0x080001b7   Thumb Code     0  startup_stm32l476xx.o(.text)
    FPU_IRQHandler                           0x080001b7   Thumb Code     0  startup_stm32l476xx.o(.text)
    I2C1_ER_IRQHandler                       0x080001b7   Thumb Code     0  startup_stm32l476xx.o(.text)
    I2C1_EV_IRQHandler                       0x080001b7   Thumb Code     0  startup_stm32l476xx.o(.text)
    I2C2_ER_IRQHandler                       0x080001b7   Thumb Code     0  startup_stm32l476xx.o(.text)
    I2C2_EV_IRQHandler                       0x080001b7   Thumb Code     0  startup_stm32l476xx.o(.text)
    I2C3_ER_IRQHandler                       0x080001b7   Thumb Code     0  startup_stm32l476xx.o(.text)
    I2C3_EV_IRQHandler                       0x080001b7   Thumb Code     0  startup_stm32l476xx.o(.text)
    LCD_IRQHandler                           0x080001b7   Thumb Code     0  startup_stm32l476xx.o(.text)
    LPTIM1_IRQHandler                        0x080001b7   Thumb Code     0  startup_stm32l476xx.o(.text)
    LPTIM2_IRQHandler                        0x080001b7   Thumb Code     0  startup_stm32l476xx.o(.text)
    LPUART1_IRQHandler                       0x080001b7   Thumb Code     0  startup_stm32l476xx.o(.text)
    OTG_FS_IRQHandler                        0x080001b7   Thumb Code     0  startup_stm32l476xx.o(.text)
    PVD_PVM_IRQHandler                       0x080001b7   Thumb Code     0  startup_stm32l476xx.o(.text)
    QUADSPI_IRQHandler                       0x080001b7   Thumb Code     0  startup_stm32l476xx.o(.text)
    RCC_IRQHandler                           0x080001b7   Thumb Code     0  startup_stm32l476xx.o(.text)
    RNG_IRQHandler                           0x080001b7   Thumb Code     0  startup_stm32l476xx.o(.text)
    RTC_Alarm_IRQHandler                     0x080001b7   Thumb Code     0  startup_stm32l476xx.o(.text)
    RTC_WKUP_IRQHandler                      0x080001b7   Thumb Code     0  startup_stm32l476xx.o(.text)
    SAI1_IRQHandler                          0x080001b7   Thumb Code     0  startup_stm32l476xx.o(.text)
    SAI2_IRQHandler                          0x080001b7   Thumb Code     0  startup_stm32l476xx.o(.text)
    SDMMC1_IRQHandler                        0x080001b7   Thumb Code     0  startup_stm32l476xx.o(.text)
    SPI1_IRQHandler                          0x080001b7   Thumb Code     0  startup_stm32l476xx.o(.text)
    SPI2_IRQHandler                          0x080001b7   Thumb Code     0  startup_stm32l476xx.o(.text)
    SPI3_IRQHandler                          0x080001b7   Thumb Code     0  startup_stm32l476xx.o(.text)
    SWPMI1_IRQHandler                        0x080001b7   Thumb Code     0  startup_stm32l476xx.o(.text)
    TAMP_STAMP_IRQHandler                    0x080001b7   Thumb Code     0  startup_stm32l476xx.o(.text)
    TIM1_BRK_TIM15_IRQHandler                0x080001b7   Thumb Code     0  startup_stm32l476xx.o(.text)
    TIM1_CC_IRQHandler                       0x080001b7   Thumb Code     0  startup_stm32l476xx.o(.text)
    TIM1_TRG_COM_TIM17_IRQHandler            0x080001b7   Thumb Code     0  startup_stm32l476xx.o(.text)
    TIM1_UP_TIM16_IRQHandler                 0x080001b7   Thumb Code     0  startup_stm32l476xx.o(.text)
    TIM3_IRQHandler                          0x080001b7   Thumb Code     0  startup_stm32l476xx.o(.text)
    TIM4_IRQHandler                          0x080001b7   Thumb Code     0  startup_stm32l476xx.o(.text)
    TIM5_IRQHandler                          0x080001b7   Thumb Code     0  startup_stm32l476xx.o(.text)
    TIM6_DAC_IRQHandler                      0x080001b7   Thumb Code     0  startup_stm32l476xx.o(.text)
    TIM7_IRQHandler                          0x080001b7   Thumb Code     0  startup_stm32l476xx.o(.text)
    TIM8_BRK_IRQHandler                      0x080001b7   Thumb Code     0  startup_stm32l476xx.o(.text)
    TIM8_CC_IRQHandler                       0x080001b7   Thumb Code     0  startup_stm32l476xx.o(.text)
    TIM8_TRG_COM_IRQHandler                  0x080001b7   Thumb Code     0  startup_stm32l476xx.o(.text)
    TIM8_UP_IRQHandler                       0x080001b7   Thumb Code     0  startup_stm32l476xx.o(.text)
    TSC_IRQHandler                           0x080001b7   Thumb Code     0  startup_stm32l476xx.o(.text)
    UART4_IRQHandler                         0x080001b7   Thumb Code     0  startup_stm32l476xx.o(.text)
    UART5_IRQHandler                         0x080001b7   Thumb Code     0  startup_stm32l476xx.o(.text)
    USART2_IRQHandler                        0x080001b7   Thumb Code     0  startup_stm32l476xx.o(.text)
    USART3_IRQHandler                        0x080001b7   Thumb Code     0  startup_stm32l476xx.o(.text)
    WWDG_IRQHandler                          0x080001b7   Thumb Code     0  startup_stm32l476xx.o(.text)
    __aeabi_uldivmod                         0x080001c1   Thumb Code    98  uldiv.o(.text)
    __aeabi_memcpy                           0x08000229   Thumb Code    36  memcpya.o(.text)
    __aeabi_memcpy4                          0x08000229   Thumb Code     0  memcpya.o(.text)
    __aeabi_memcpy8                          0x08000229   Thumb Code     0  memcpya.o(.text)
    __aeabi_memset                           0x0800024d   Thumb Code    14  memseta.o(.text)
    __aeabi_memset4                          0x0800024d   Thumb Code     0  memseta.o(.text)
    __aeabi_memset8                          0x0800024d   Thumb Code     0  memseta.o(.text)
    __aeabi_memclr                           0x0800025b   Thumb Code     4  memseta.o(.text)
    __aeabi_memclr4                          0x0800025b   Thumb Code     0  memseta.o(.text)
    __aeabi_memclr8                          0x0800025b   Thumb Code     0  memseta.o(.text)
    _memset$wrapper                          0x0800025f   Thumb Code    18  memseta.o(.text)
    __aeabi_dadd                             0x08000271   Thumb Code   322  dadd.o(.text)
    __aeabi_dsub                             0x080003b3   Thumb Code     6  dadd.o(.text)
    __aeabi_drsub                            0x080003b9   Thumb Code     6  dadd.o(.text)
    __aeabi_dmul                             0x080003cf   Thumb Code   228  dmul.o(.text)
    __aeabi_ddiv                             0x080004b9   Thumb Code   222  ddiv.o(.text)
    __aeabi_i2d                              0x08000597   Thumb Code    34  dflti.o(.text)
    __aeabi_f2d                              0x080005b9   Thumb Code    38  f2d.o(.text)
    __aeabi_d2f                              0x080005df   Thumb Code    56  d2f.o(.text)
    __aeabi_uidiv                            0x08000617   Thumb Code     0  uidiv.o(.text)
    __aeabi_uidivmod                         0x08000617   Thumb Code    44  uidiv.o(.text)
    __aeabi_llsl                             0x08000643   Thumb Code    30  llshl.o(.text)
    _ll_shift_l                              0x08000643   Thumb Code     0  llshl.o(.text)
    __aeabi_llsr                             0x08000661   Thumb Code    32  llushr.o(.text)
    _ll_ushift_r                             0x08000661   Thumb Code     0  llushr.o(.text)
    __aeabi_lasr                             0x08000681   Thumb Code    36  llsshr.o(.text)
    _ll_sshift_r                             0x08000681   Thumb Code     0  llsshr.o(.text)
    __I$use$fp                               0x080006a5   Thumb Code     0  iusefp.o(.text)
    _float_round                             0x080006a5   Thumb Code    18  fepilogue.o(.text)
    _float_epilogue                          0x080006b7   Thumb Code    92  fepilogue.o(.text)
    _double_round                            0x08000713   Thumb Code    30  depilogue.o(.text)
    _double_epilogue                         0x08000731   Thumb Code   156  depilogue.o(.text)
    __ARM_scalbn                             0x080007cd   Thumb Code    46  dscalb.o(.text)
    scalbn                                   0x080007cd   Thumb Code     0  dscalb.o(.text)
    __aeabi_d2ulz                            0x080007fb   Thumb Code    48  dfixul.o(.text)
    __aeabi_cdrcmple                         0x0800082d   Thumb Code    48  cdrcmple.o(.text)
    __scatterload                            0x0800085d   Thumb Code    28  init.o(.text)
    __scatterload_rt2                        0x0800085d   Thumb Code     0  init.o(.text)
    _dsqrt                                   0x08000881   Thumb Code   162  dsqrt.o(.text)
    ADC_DMAConvCplt                          0x08000923   Thumb Code   104  stm32l4xx_hal_adc.o(i.ADC_DMAConvCplt)
    ADC_DMAError                             0x0800098b   Thumb Code    26  stm32l4xx_hal_adc.o(i.ADC_DMAError)
    ADC_DMAHalfConvCplt                      0x080009a5   Thumb Code    10  stm32l4xx_hal_adc.o(i.ADC_DMAHalfConvCplt)
    ADC_Enable                               0x080009b1   Thumb Code   138  stm32l4xx_hal_adc.o(i.ADC_Enable)
    BMP_Init                                 0x08000a49   Thumb Code     4  bmp180.o(i.BMP_Init)
    BMP_ReadCalibrationData                  0x08000a4d   Thumb Code    94  bmp180.o(i.BMP_ReadCalibrationData)
    BMP_ReadTwoByte                          0x08000ab1   Thumb Code    70  bmp180.o(i.BMP_ReadTwoByte)
    BMP_Read_UP                              0x08000af7   Thumb Code    26  bmp180.o(i.BMP_Read_UP)
    BMP_Read_UT                              0x08000b11   Thumb Code    26  bmp180.o(i.BMP_Read_UT)
    BMP_UncompemstatedToTrue                 0x08000b2d   Thumb Code   282  bmp180.o(i.BMP_UncompemstatedToTrue)
    BMP_WriteOneByte                         0x08000c71   Thumb Code    48  bmp180.o(i.BMP_WriteOneByte)
    BusFault_Handler                         0x08000ca1   Thumb Code     2  stm32l4xx_it.o(i.BusFault_Handler)
    ClearBitMask                             0x08000ca3   Thumb Code    24  mfrc.o(i.ClearBitMask)
    DHT11_Init                               0x08000cbd   Thumb Code    46  dht11.o(i.DHT11_Init)
    DHT11_Read_TempAndHumidity               0x08000d81   Thumb Code   242  dht11.o(i.DHT11_Read_TempAndHumidity)
    DMA1_Channel1_IRQHandler                 0x08000e7d   Thumb Code     6  stm32l4xx_it.o(i.DMA1_Channel1_IRQHandler)
    DebugMon_Handler                         0x08000eb3   Thumb Code     2  stm32l4xx_it.o(i.DebugMon_Handler)
    GPIO_SDA_IN                              0x08000eb5   Thumb Code    34  i2c.o(i.GPIO_SDA_IN)
    GPIO_SDA_IN_2                            0x08000edd   Thumb Code    36  i2c_2.o(i.GPIO_SDA_IN_2)
    GY30_GetLight                            0x08000f05   Thumb Code   110  gy30.o(i.GY30_GetLight)
    GY30_Int                                 0x08000f81   Thumb Code    16  gy30.o(i.GY30_Int)
    GY30_Read3Bytes                          0x08000f91   Thumb Code    68  gy30.o(i.GY30_Read3Bytes)
    GY30_WriteByte                           0x08000fd9   Thumb Code    36  gy30.o(i.GY30_WriteByte)
    HAL_ADCEx_MultiModeConfigChannel         0x08000ffd   Thumb Code   224  stm32l4xx_hal_adc_ex.o(i.HAL_ADCEx_MultiModeConfigChannel)
    HAL_ADC_ConfigChannel                    0x080010e9   Thumb Code  1142  stm32l4xx_hal_adc.o(i.HAL_ADC_ConfigChannel)
    HAL_ADC_ConvCpltCallback                 0x08001591   Thumb Code     2  stm32l4xx_hal_adc.o(i.HAL_ADC_ConvCpltCallback)
    HAL_ADC_ConvHalfCpltCallback             0x08001593   Thumb Code     2  stm32l4xx_hal_adc.o(i.HAL_ADC_ConvHalfCpltCallback)
    HAL_ADC_ErrorCallback                    0x08001595   Thumb Code     2  stm32l4xx_hal_adc.o(i.HAL_ADC_ErrorCallback)
    HAL_ADC_Init                             0x08001599   Thumb Code   496  stm32l4xx_hal_adc.o(i.HAL_ADC_Init)
    HAL_ADC_MspInit                          0x080017ad   Thumb Code   122  adc.o(i.HAL_ADC_MspInit)
    HAL_ADC_Start_DMA                        0x0800184d   Thumb Code   248  stm32l4xx_hal_adc.o(i.HAL_ADC_Start_DMA)
    HAL_DMA_Abort_IT                         0x08001961   Thumb Code    74  stm32l4xx_hal_dma.o(i.HAL_DMA_Abort_IT)
    HAL_DMA_IRQHandler                       0x080019ab   Thumb Code   170  stm32l4xx_hal_dma.o(i.HAL_DMA_IRQHandler)
    HAL_DMA_Init                             0x08001a55   Thumb Code   202  stm32l4xx_hal_dma.o(i.HAL_DMA_Init)
    HAL_DMA_Start_IT                         0x08001b2d   Thumb Code   112  stm32l4xx_hal_dma.o(i.HAL_DMA_Start_IT)
    HAL_Delay                                0x08001b9d   Thumb Code    28  stm32l4xx_hal.o(i.HAL_Delay)
    HAL_GPIO_Init                            0x08001bb9   Thumb Code   424  stm32l4xx_hal_gpio.o(i.HAL_GPIO_Init)
    HAL_GPIO_ReadPin                         0x08001d8b   Thumb Code    10  stm32l4xx_hal_gpio.o(i.HAL_GPIO_ReadPin)
    HAL_GPIO_WritePin                        0x08001d95   Thumb Code    10  stm32l4xx_hal_gpio.o(i.HAL_GPIO_WritePin)
    HAL_GetTick                              0x08001da1   Thumb Code     6  stm32l4xx_hal.o(i.HAL_GetTick)
    HAL_IncTick                              0x08001dad   Thumb Code    10  stm32l4xx_hal.o(i.HAL_IncTick)
    HAL_Init                                 0x08001dbd   Thumb Code    32  stm32l4xx_hal.o(i.HAL_Init)
    HAL_InitTick                             0x08001de1   Thumb Code    34  stm32l4xx_hal.o(i.HAL_InitTick)
    HAL_MspInit                              0x08001e09   Thumb Code   122  stm32l4xx_hal_msp.o(i.HAL_MspInit)
    HAL_NVIC_EnableIRQ                       0x08001e89   Thumb Code    22  stm32l4xx_hal_cortex.o(i.HAL_NVIC_EnableIRQ)
    HAL_NVIC_SetPriority                     0x08001ea1   Thumb Code    60  stm32l4xx_hal_cortex.o(i.HAL_NVIC_SetPriority)
    HAL_NVIC_SetPriorityGrouping             0x08001ee1   Thumb Code    26  stm32l4xx_hal_cortex.o(i.HAL_NVIC_SetPriorityGrouping)
    HAL_NVIC_SystemReset                     0x08001f05   Thumb Code    26  stm32l4xx_hal_cortex.o(i.HAL_NVIC_SystemReset)
    HAL_PWREx_ControlVoltageScaling          0x08001f29   Thumb Code    86  stm32l4xx_hal_pwr_ex.o(i.HAL_PWREx_ControlVoltageScaling)
    HAL_PWREx_GetVoltageRange                0x08001f8d   Thumb Code    10  stm32l4xx_hal_pwr_ex.o(i.HAL_PWREx_GetVoltageRange)
    HAL_RCCEx_PeriphCLKConfig                0x08001f9d   Thumb Code   924  stm32l4xx_hal_rcc_ex.o(i.HAL_RCCEx_PeriphCLKConfig)
    HAL_RCC_ClockConfig                      0x08002349   Thumb Code   352  stm32l4xx_hal_rcc.o(i.HAL_RCC_ClockConfig)
    HAL_RCC_GetHCLKFreq                      0x080024b9   Thumb Code     6  stm32l4xx_hal_rcc.o(i.HAL_RCC_GetHCLKFreq)
    HAL_RCC_GetPCLK1Freq                     0x080024c5   Thumb Code    20  stm32l4xx_hal_rcc.o(i.HAL_RCC_GetPCLK1Freq)
    HAL_RCC_GetPCLK2Freq                     0x080024e5   Thumb Code    20  stm32l4xx_hal_rcc.o(i.HAL_RCC_GetPCLK2Freq)
    HAL_RCC_GetSysClockFreq                  0x08002505   Thumb Code   182  stm32l4xx_hal_rcc.o(i.HAL_RCC_GetSysClockFreq)
    HAL_RCC_OscConfig                        0x080025c9   Thumb Code  1114  stm32l4xx_hal_rcc.o(i.HAL_RCC_OscConfig)
    HAL_SYSTICK_CLKSourceConfig              0x08002a23   Thumb Code    24  stm32l4xx_hal_cortex.o(i.HAL_SYSTICK_CLKSourceConfig)
    HAL_SYSTICK_Callback                     0x08002a3b   Thumb Code     2  stm32l4xx_hal_cortex.o(i.HAL_SYSTICK_Callback)
    HAL_SYSTICK_Config                       0x08002a3d   Thumb Code    40  stm32l4xx_hal_cortex.o(i.HAL_SYSTICK_Config)
    HAL_SYSTICK_IRQHandler                   0x08002a65   Thumb Code     8  stm32l4xx_hal_cortex.o(i.HAL_SYSTICK_IRQHandler)
    HAL_TIMEx_BreakCallback                  0x08002a6d   Thumb Code     2  stm32l4xx_hal_tim_ex.o(i.HAL_TIMEx_BreakCallback)
    HAL_TIMEx_CommutationCallback            0x08002a6f   Thumb Code     2  stm32l4xx_hal_tim_ex.o(i.HAL_TIMEx_CommutationCallback)
    HAL_TIMEx_MasterConfigSynchronization    0x08002a71   Thumb Code    78  stm32l4xx_hal_tim_ex.o(i.HAL_TIMEx_MasterConfigSynchronization)
    HAL_TIM_Base_Init                        0x08002ac9   Thumb Code    54  stm32l4xx_hal_tim.o(i.HAL_TIM_Base_Init)
    HAL_TIM_Base_MspInit                     0x08002b01   Thumb Code    72  tim.o(i.HAL_TIM_Base_MspInit)
    HAL_TIM_Base_Start_IT                    0x08002b51   Thumb Code    24  stm32l4xx_hal_tim.o(i.HAL_TIM_Base_Start_IT)
    HAL_TIM_ConfigClockSource                0x08002b69   Thumb Code   244  stm32l4xx_hal_tim.o(i.HAL_TIM_ConfigClockSource)
    HAL_TIM_IC_CaptureCallback               0x08002c61   Thumb Code     2  stm32l4xx_hal_tim.o(i.HAL_TIM_IC_CaptureCallback)
    HAL_TIM_IRQHandler                       0x08002c63   Thumb Code   358  stm32l4xx_hal_tim.o(i.HAL_TIM_IRQHandler)
    HAL_TIM_OC_DelayElapsedCallback          0x08002dc9   Thumb Code     2  stm32l4xx_hal_tim.o(i.HAL_TIM_OC_DelayElapsedCallback)
    HAL_TIM_PWM_PulseFinishedCallback        0x08002dcb   Thumb Code     2  stm32l4xx_hal_tim.o(i.HAL_TIM_PWM_PulseFinishedCallback)
    HAL_TIM_PeriodElapsedCallback            0x08002dcd   Thumb Code    24  gizwits_product.o(i.HAL_TIM_PeriodElapsedCallback)
    HAL_TIM_TriggerCallback                  0x08002ded   Thumb Code     2  stm32l4xx_hal_tim.o(i.HAL_TIM_TriggerCallback)
    HAL_UARTEx_WakeupCallback                0x08002def   Thumb Code     2  stm32l4xx_hal_uart_ex.o(i.HAL_UARTEx_WakeupCallback)
    HAL_UART_ErrorCallback                   0x08002df1   Thumb Code     2  stm32l4xx_hal_uart.o(i.HAL_UART_ErrorCallback)
    HAL_UART_IRQHandler                      0x08002df5   Thumb Code   328  stm32l4xx_hal_uart.o(i.HAL_UART_IRQHandler)
    HAL_UART_Init                            0x08002f41   Thumb Code   106  stm32l4xx_hal_uart.o(i.HAL_UART_Init)
    HAL_UART_MspInit                         0x08002fad   Thumb Code   110  usart.o(i.HAL_UART_MspInit)
    HAL_UART_Receive_IT                      0x08003029   Thumb Code   164  stm32l4xx_hal_uart.o(i.HAL_UART_Receive_IT)
    HAL_UART_RxCpltCallback                  0x080030d5   Thumb Code    34  gizwits_product.o(i.HAL_UART_RxCpltCallback)
    HAL_UART_Transmit                        0x08003105   Thumb Code   176  stm32l4xx_hal_uart.o(i.HAL_UART_Transmit)
    HAL_UART_Transmit_IT                     0x080031b5   Thumb Code    96  stm32l4xx_hal_uart.o(i.HAL_UART_Transmit_IT)
    HAL_UART_TxCpltCallback                  0x0800321d   Thumb Code     2  stm32l4xx_hal_uart.o(i.HAL_UART_TxCpltCallback)
    HardFault_Handler                        0x0800321f   Thumb Code     2  stm32l4xx_it.o(i.HardFault_Handler)
    IIC_Ack                                  0x08003221   Thumb Code    70  i2c.o(i.IIC_Ack)
    IIC_Ack_2                                0x0800326d   Thumb Code    76  i2c_2.o(i.IIC_Ack_2)
    IIC_Init                                 0x080032bd   Thumb Code    60  i2c.o(i.IIC_Init)
    IIC_Init_2                               0x080032fd   Thumb Code    68  i2c_2.o(i.IIC_Init_2)
    IIC_NAck                                 0x08003345   Thumb Code    70  i2c.o(i.IIC_NAck)
    IIC_NAck_2                               0x08003391   Thumb Code    76  i2c_2.o(i.IIC_NAck_2)
    IIC_Read_Byte                            0x080033e1   Thumb Code    98  i2c.o(i.IIC_Read_Byte)
    IIC_Read_Byte_2                          0x08003449   Thumb Code   110  i2c_2.o(i.IIC_Read_Byte_2)
    IIC_Send_Byte                            0x080034bd   Thumb Code    98  i2c.o(i.IIC_Send_Byte)
    IIC_Send_Byte_2                          0x08003525   Thumb Code   112  i2c_2.o(i.IIC_Send_Byte_2)
    IIC_Start                                0x08003599   Thumb Code    70  i2c.o(i.IIC_Start)
    IIC_Start_2                              0x080035e5   Thumb Code    74  i2c_2.o(i.IIC_Start_2)
    IIC_Stop                                 0x08003635   Thumb Code    70  i2c.o(i.IIC_Stop)
    IIC_Stop_2                               0x08003681   Thumb Code    74  i2c_2.o(i.IIC_Stop_2)
    IIC_Wait_Ack                             0x080036d1   Thumb Code    96  i2c.o(i.IIC_Wait_Ack)
    IIC_Wait_Ack_2                           0x08003735   Thumb Code   104  i2c_2.o(i.IIC_Wait_Ack_2)
    LL_GPIO_Init                             0x0800385d   Thumb Code   282  stm32l4xx_ll_gpio.o(i.LL_GPIO_Init)
    M500PcdConfigISOType                     0x080039c3   Thumb Code    88  mfrc.o(i.M500PcdConfigISOType)
    MX_ADC1_Init                             0x08003a1d   Thumb Code   192  adc.o(i.MX_ADC1_Init)
    MX_DMA_Init                              0x08003b05   Thumb Code    40  dma.o(i.MX_DMA_Init)
    MX_GPIO_Init                             0x08003b31   Thumb Code   204  gpio.o(i.MX_GPIO_Init)
    MX_TIM1_Init                             0x08003c05   Thumb Code    92  tim.o(i.MX_TIM1_Init)
    MX_TIM2_Init                             0x08003c79   Thumb Code    96  tim.o(i.MX_TIM2_Init)
    MX_USART1_UART_Init                      0x08003ced   Thumb Code    56  usart.o(i.MX_USART1_UART_Init)
    MX_USART2_UART_Init                      0x08003d3d   Thumb Code    56  usart.o(i.MX_USART2_UART_Init)
    MemManage_Handler                        0x08003d8d   Thumb Code     2  stm32l4xx_it.o(i.MemManage_Handler)
    NMI_Handler                              0x08003d8f   Thumb Code     2  stm32l4xx_it.o(i.NMI_Handler)
    PcdAntennaOff                            0x08003db1   Thumb Code     8  mfrc.o(i.PcdAntennaOff)
    PcdAntennaOn                             0x08003db9   Thumb Code    26  mfrc.o(i.PcdAntennaOn)
    PcdAnticoll                              0x08003dd3   Thumb Code   106  mfrc.o(i.PcdAnticoll)
    PcdComMF522                              0x08003e3d   Thumb Code   280  mfrc.o(i.PcdComMF522)
    PcdRequest                               0x08003f5b   Thumb Code    80  mfrc.o(i.PcdRequest)
    PcdReset                                 0x08003fad   Thumb Code   120  mfrc.o(i.PcdReset)
    PendSV_Handler                           0x08004029   Thumb Code     2  stm32l4xx_it.o(i.PendSV_Handler)
    ReadRawRC                                0x080042e1   Thumb Code   184  mfrc.o(i.ReadRawRC)
    SVC_Handler                              0x080043a7   Thumb Code     2  stm32l4xx_it.o(i.SVC_Handler)
    SetBitMask                               0x080043a9   Thumb Code    24  mfrc.o(i.SetBitMask)
    SysTick_Handler                          0x080043c1   Thumb Code    14  stm32l4xx_it.o(i.SysTick_Handler)
    SystemClock_Config                       0x080043cf   Thumb Code   178  main.o(i.SystemClock_Config)
    SystemInit                               0x08004481   Thumb Code    56  system_stm32l4xx.o(i.SystemInit)
    TIM2_IRQHandler                          0x080044c5   Thumb Code     6  stm32l4xx_it.o(i.TIM2_IRQHandler)
    TIM_Base_SetConfig                       0x080044d1   Thumb Code   160  stm32l4xx_hal_tim.o(i.TIM_Base_SetConfig)
    TIM_ETR_SetConfig                        0x08004591   Thumb Code    20  stm32l4xx_hal_tim.o(i.TIM_ETR_SetConfig)
    UART_AdvFeatureConfig                    0x080045fb   Thumb Code   200  stm32l4xx_hal_uart.o(i.UART_AdvFeatureConfig)
    UART_CheckIdleState                      0x080046c3   Thumb Code    92  stm32l4xx_hal_uart.o(i.UART_CheckIdleState)
    UART_SetConfig                           0x08004809   Thumb Code   652  stm32l4xx_hal_uart.o(i.UART_SetConfig)
    UART_WaitOnFlagUntilTimeout              0x08004b43   Thumb Code    98  stm32l4xx_hal_uart.o(i.UART_WaitOnFlagUntilTimeout)
    USART1_IRQHandler                        0x08004ba5   Thumb Code     6  stm32l4xx_it.o(i.USART1_IRQHandler)
    UsageFault_Handler                       0x08004bb1   Thumb Code     2  stm32l4xx_it.o(i.UsageFault_Handler)
    WriteRawRC                               0x08004bb5   Thumb Code   182  mfrc.o(i.WriteRawRC)
    _Error_Handler                           0x08004c7f   Thumb Code     2  main.o(i._Error_Handler)
    __0printf                                0x08004c81   Thumb Code    22  printfa.o(i.__0printf)
    __1printf                                0x08004c81   Thumb Code     0  printfa.o(i.__0printf)
    __2printf                                0x08004c81   Thumb Code     0  printfa.o(i.__0printf)
    __c89printf                              0x08004c81   Thumb Code     0  printfa.o(i.__0printf)
    printf                                   0x08004c81   Thumb Code     0  printfa.o(i.__0printf)
    __ARM_fpclassify                         0x08004ca1   Thumb Code    48  fpclassify.o(i.__ARM_fpclassify)
    __hardfp_pow                             0x08004cd1   Thumb Code  3072  pow.o(i.__hardfp_pow)
    __kernel_poly                            0x08005951   Thumb Code   248  poly.o(i.__kernel_poly)
    __mathlib_dbl_divzero                    0x08005a49   Thumb Code    28  dunder.o(i.__mathlib_dbl_divzero)
    __mathlib_dbl_infnan2                    0x08005a79   Thumb Code    20  dunder.o(i.__mathlib_dbl_infnan2)
    __mathlib_dbl_invalid                    0x08005a91   Thumb Code    24  dunder.o(i.__mathlib_dbl_invalid)
    __mathlib_dbl_overflow                   0x08005ab1   Thumb Code    24  dunder.o(i.__mathlib_dbl_overflow)
    __mathlib_dbl_underflow                  0x08005ad1   Thumb Code    24  dunder.o(i.__mathlib_dbl_underflow)
    __scatterload_copy                       0x08005af1   Thumb Code    14  handlers.o(i.__scatterload_copy)
    __scatterload_null                       0x08005aff   Thumb Code     2  handlers.o(i.__scatterload_null)
    __scatterload_zeroinit                   0x08005b01   Thumb Code    14  handlers.o(i.__scatterload_zeroinit)
    __set_errno                              0x08005b11   Thumb Code     6  errno.o(i.__set_errno)
    exchangeBytes                            0x080063dd   Thumb Code    32  common.o(i.exchangeBytes)
    exchangeWord                             0x080063fd   Thumb Code     4  common.o(i.exchangeWord)
    fabs                                     0x08006401   Thumb Code    24  fabs.o(i.fabs)
    fputc                                    0x08006419   Thumb Code    20  main.o(i.fputc)
    getKey                                   0x08006431   Thumb Code    86  hal_key.o(i.getKey)
    gizGetTimerCount                         0x08006769   Thumb Code     6  gizwits_product.o(i.gizGetTimerCount)
    gizProtocolSum                           0x0800732d   Thumb Code    36  common.o(i.gizProtocolSum)
    gizPutData                               0x080073f5   Thumb Code    38  gizwits_protocol.o(i.gizPutData)
    gizTimerMs                               0x08007525   Thumb Code    10  gizwits_product.o(i.gizTimerMs)
    gizY2X                                   0x08007535   Thumb Code     8  datapointtools.o(i.gizY2X)
    gizwitsEventProcess                      0x0800753d   Thumb Code   128  gizwits_product.o(i.gizwitsEventProcess)
    gizwitsHandle                            0x08007641   Thumb Code   554  gizwits_protocol.o(i.gizwitsHandle)
    gizwitsInit                              0x08007989   Thumb Code    44  gizwits_protocol.o(i.gizwitsInit)
    gizwitsSetMode                           0x080079e5   Thumb Code   220  gizwits_protocol.o(i.gizwitsSetMode)
    key1LongPress                            0x08007af9   Thumb Code    18  main.o(i.key1LongPress)
    key1ShortPress                           0x08007b2d   Thumb Code    18  main.o(i.key1ShortPress)
    key2LongPress                            0x08007b61   Thumb Code    18  main.o(i.key2LongPress)
    key2ShortPress                           0x08007b95   Thumb Code    18  main.o(i.key2ShortPress)
    keyHandle                                0x08007bc5   Thumb Code   122  hal_key.o(i.keyHandle)
    keyInit                                  0x08007c41   Thumb Code    90  main.o(i.keyInit)
    keyInitOne                               0x08007cbd   Thumb Code    58  hal_key.o(i.keyInitOne)
    keyParaInit                              0x08007cfd   Thumb Code    20  hal_key.o(i.keyParaInit)
    main                                     0x08007d15   Thumb Code   678  main.o(i.main)
    mcuRestart                               0x08008095   Thumb Code    10  gizwits_product.o(i.mcuRestart)
    myDelay                                  0x0800809f   Thumb Code    24  delay.o(i.myDelay)
    rbCanRead                                0x080080b7   Thumb Code    50  ringbuffer.o(i.rbCanRead)
    rbCanWrite                               0x080080e9   Thumb Code    28  ringbuffer.o(i.rbCanWrite)
    rbCapacity                               0x08008105   Thumb Code    12  ringbuffer.o(i.rbCapacity)
    rbCreate                                 0x08008111   Thumb Code    18  ringbuffer.o(i.rbCreate)
    rbRead                                   0x08008123   Thumb Code   126  ringbuffer.o(i.rbRead)
    rbWrite                                  0x080081a1   Thumb Code   142  ringbuffer.o(i.rbWrite)
    readKeyValue                             0x08008231   Thumb Code   130  hal_key.o(i.readKeyValue)
    sqrt                                     0x080082b9   Thumb Code   110  sqrt.o(i.sqrt)
    timerInit                                0x08008329   Thumb Code     6  gizwits_product.o(i.timerInit)
    uartInit                                 0x08008335   Thumb Code    10  gizwits_product.o(i.uartInit)
    uartWrite                                0x08008349   Thumb Code   138  gizwits_product.o(i.uartWrite)
    us_Dealy                                 0x08008401   Thumb Code    18  delay.o(i.us_Dealy)
    userHandle                               0x08008415   Thumb Code   108  main.o(i.userHandle)
    userInit                                 0x08008491   Thumb Code    26  gizwits_product.o(i.userInit)
    AHBPrescTable                            0x080084b0   Data          16  system_stm32l4xx.o(.constdata)
    MSIRangeTable                            0x080084c0   Data          48  system_stm32l4xx.o(.constdata)
    APBPrescTable                            0x080084f0   Data           8  system_stm32l4xx.o(.constdata)
    __mathlib_zero                           0x08008580   Data           8  qnan.o(.constdata)
    Region$$Table$$Base                      0x08008588   Number         0  anon$$obj.o(Region$$Table)
    Region$$Table$$Limit                     0x080085a8   Number         0  anon$$obj.o(Region$$Table)
    Buf                                      0x20000000   Data           3  gy30.o(.data)
    shuaka_mark                              0x20000004   Data           1  main.o(.data)
    dingshi_mark                             0x20000005   Data           1  main.o(.data)
    alarm_mark                               0x20000006   Data           1  main.o(.data)
    transmit_mark                            0x20000007   Data           1  main.o(.data)
    UV_index                                 0x20000008   Data           1  main.o(.data)
    status                                   0x20000009   Data           1  main.o(.data)
    RFID_kind                                0x2000000a   Data           2  main.o(.data)
    GY_30_value                              0x20000010   Data           4  main.o(.data)
    ADC_UV                                   0x20000014   Data           4  main.o(.data)
    MQ135_value                              0x20000018   Data           4  main.o(.data)
    RFID_num                                 0x2000001c   Data           4  main.o(.data)
    keys                                     0x20000020   Data           5  main.o(.data)
    yuyin1                                   0x20000025   Data           7  main.o(.data)
    yuyin2                                   0x2000002c   Data           7  main.o(.data)
    yuyin3                                   0x20000033   Data           7  main.o(.data)
    uwTick                                   0x2000003c   Data           4  stm32l4xx_hal.o(.data)
    SystemCoreClock                          0x20000040   Data           4  system_stm32l4xx.o(.data)
    aRxBuffer                                0x20000044   Data           1  gizwits_product.o(.data)
    keyCountTime                             0x20000060   Data           1  hal_key.o(.data)
    __stdout                                 0x20000068   Data           4  stdout.o(.data)
    bmp180                                   0x20000070   Data          76  bmp180.o(.bss)
    dht11                                    0x200000bc   Data          16  main.o(.bss)
    ADC_Value                                0x200000cc   Data          24  main.o(.bss)
    singleKey                                0x200000e4   Data          42  main.o(.bss)
    hadc1                                    0x20000110   Data         104  adc.o(.bss)
    hdma_adc1                                0x20000178   Data          72  adc.o(.bss)
    htim1                                    0x200001c0   Data          64  tim.o(.bss)
    htim2                                    0x20000200   Data          64  tim.o(.bss)
    huart1                                   0x20000240   Data         120  usart.o(.bss)
    huart2                                   0x200002b8   Data         120  usart.o(.bss)
    currentDataPoint                         0x20000330   Data          20  gizwits_product.o(.bss)
    gizwitsProtocol                          0x20000344   Data         307  gizwits_protocol.o(.bss)
    pRb                                      0x20000477   Data          16  gizwits_protocol.o(.bss)
    __initial_sp                             0x200008c8   Data           0  startup_stm32l476xx.o(STACK)



==============================================================================

Memory Map of the image

  Image Entry point : 0x08000189

  Load Region LR_IROM1 (Base: 0x08000000, Size: 0x00008618, Max: 0x00100000, ABSOLUTE)

    Execution Region ER_IROM1 (Exec base: 0x08000000, Load base: 0x08000000, Size: 0x000085a8, Max: 0x00100000, ABSOLUTE)

    Exec Addr    Load Addr    Size         Type   Attr      Idx    E Section Name        Object

    0x08000000   0x08000000   0x00000188   Data   RO            3    RESET               startup_stm32l476xx.o
    0x08000188   0x08000188   0x00000000   Code   RO         5384  * .ARM.Collect$$$$00000000  mc_w.l(entry.o)
    0x08000188   0x08000188   0x00000004   Code   RO         5709    .ARM.Collect$$$$00000001  mc_w.l(entry2.o)
    0x0800018c   0x0800018c   0x00000004   Code   RO         5712    .ARM.Collect$$$$00000004  mc_w.l(entry5.o)
    0x08000190   0x08000190   0x00000000   Code   RO         5714    .ARM.Collect$$$$00000008  mc_w.l(entry7b.o)
    0x08000190   0x08000190   0x00000000   Code   RO         5716    .ARM.Collect$$$$0000000A  mc_w.l(entry8b.o)
    0x08000190   0x08000190   0x00000008   Code   RO         5717    .ARM.Collect$$$$0000000B  mc_w.l(entry9a.o)
    0x08000198   0x08000198   0x00000000   Code   RO         5719    .ARM.Collect$$$$0000000D  mc_w.l(entry10a.o)
    0x08000198   0x08000198   0x00000000   Code   RO         5721    .ARM.Collect$$$$0000000F  mc_w.l(entry11a.o)
    0x08000198   0x08000198   0x00000004   Code   RO         5710    .ARM.Collect$$$$00002712  mc_w.l(entry2.o)
    0x0800019c   0x0800019c   0x00000024   Code   RO            4    .text               startup_stm32l476xx.o
    0x080001c0   0x080001c0   0x00000068   Code   RO         5387    .text               mc_w.l(uldiv.o)
    0x08000228   0x08000228   0x00000024   Code   RO         5391    .text               mc_w.l(memcpya.o)
    0x0800024c   0x0800024c   0x00000024   Code   RO         5393    .text               mc_w.l(memseta.o)
    0x08000270   0x08000270   0x0000015e   Code   RO         5660    .text               mf_w.l(dadd.o)
    0x080003ce   0x080003ce   0x000000ea   Code   RO         5662    .text               mf_w.l(dmul.o)
    0x080004b8   0x080004b8   0x000000de   Code   RO         5664    .text               mf_w.l(ddiv.o)
    0x08000596   0x08000596   0x00000022   Code   RO         5666    .text               mf_w.l(dflti.o)
    0x080005b8   0x080005b8   0x00000026   Code   RO         5668    .text               mf_w.l(f2d.o)
    0x080005de   0x080005de   0x00000038   Code   RO         5670    .text               mf_w.l(d2f.o)
    0x08000616   0x08000616   0x0000002c   Code   RO         5724    .text               mc_w.l(uidiv.o)
    0x08000642   0x08000642   0x0000001e   Code   RO         5726    .text               mc_w.l(llshl.o)
    0x08000660   0x08000660   0x00000020   Code   RO         5728    .text               mc_w.l(llushr.o)
    0x08000680   0x08000680   0x00000024   Code   RO         5730    .text               mc_w.l(llsshr.o)
    0x080006a4   0x080006a4   0x00000000   Code   RO         5739    .text               mc_w.l(iusefp.o)
    0x080006a4   0x080006a4   0x0000006e   Code   RO         5740    .text               mf_w.l(fepilogue.o)
    0x08000712   0x08000712   0x000000ba   Code   RO         5742    .text               mf_w.l(depilogue.o)
    0x080007cc   0x080007cc   0x0000002e   Code   RO         5746    .text               mf_w.l(dscalb.o)
    0x080007fa   0x080007fa   0x00000030   Code   RO         5748    .text               mf_w.l(dfixul.o)
    0x0800082a   0x0800082a   0x00000002   PAD
    0x0800082c   0x0800082c   0x00000030   Code   RO         5750    .text               mf_w.l(cdrcmple.o)
    0x0800085c   0x0800085c   0x00000024   Code   RO         5752    .text               mc_w.l(init.o)
    0x08000880   0x08000880   0x000000a2   Code   RO         5754    .text               mf_w.l(dsqrt.o)
    0x08000922   0x08000922   0x00000068   Code   RO         1311    i.ADC_DMAConvCplt   stm32l4xx_hal_adc.o
    0x0800098a   0x0800098a   0x0000001a   Code   RO         1312    i.ADC_DMAError      stm32l4xx_hal_adc.o
    0x080009a4   0x080009a4   0x0000000a   Code   RO         1313    i.ADC_DMAHalfConvCplt  stm32l4xx_hal_adc.o
    0x080009ae   0x080009ae   0x00000002   PAD
    0x080009b0   0x080009b0   0x00000098   Code   RO         1315    i.ADC_Enable        stm32l4xx_hal_adc.o
    0x08000a48   0x08000a48   0x00000004   Code   RO           13    i.BMP_Init          bmp180.o
    0x08000a4c   0x08000a4c   0x00000064   Code   RO           14    i.BMP_ReadCalibrationData  bmp180.o
    0x08000ab0   0x08000ab0   0x00000046   Code   RO           16    i.BMP_ReadTwoByte   bmp180.o
    0x08000af6   0x08000af6   0x0000001a   Code   RO           17    i.BMP_Read_UP       bmp180.o
    0x08000b10   0x08000b10   0x0000001a   Code   RO           18    i.BMP_Read_UT       bmp180.o
    0x08000b2a   0x08000b2a   0x00000002   PAD
    0x08000b2c   0x08000b2c   0x00000144   Code   RO           19    i.BMP_UncompemstatedToTrue  bmp180.o
    0x08000c70   0x08000c70   0x00000030   Code   RO           20    i.BMP_WriteOneByte  bmp180.o
    0x08000ca0   0x08000ca0   0x00000002   Code   RO          883    i.BusFault_Handler  stm32l4xx_it.o
    0x08000ca2   0x08000ca2   0x00000018   Code   RO          999    i.ClearBitMask      mfrc.o
    0x08000cba   0x08000cba   0x00000002   PAD
    0x08000cbc   0x08000cbc   0x00000038   Code   RO          364    i.DHT11_Init        dht11.o
    0x08000cf4   0x08000cf4   0x00000024   Code   RO          365    i.DHT11_Mode_Out_PP  dht11.o
    0x08000d18   0x08000d18   0x00000068   Code   RO          366    i.DHT11_ReadByte    dht11.o
    0x08000d80   0x08000d80   0x000000fc   Code   RO          367    i.DHT11_Read_TempAndHumidity  dht11.o
    0x08000e7c   0x08000e7c   0x0000000c   Code   RO          884    i.DMA1_Channel1_IRQHandler  stm32l4xx_it.o
    0x08000e88   0x08000e88   0x0000002a   Code   RO         4256    i.DMA_SetConfig     stm32l4xx_hal_dma.o
    0x08000eb2   0x08000eb2   0x00000002   Code   RO          885    i.DebugMon_Handler  stm32l4xx_it.o
    0x08000eb4   0x08000eb4   0x00000028   Code   RO          269    i.GPIO_SDA_IN       i2c.o
    0x08000edc   0x08000edc   0x00000028   Code   RO          463    i.GPIO_SDA_IN_2     i2c_2.o
    0x08000f04   0x08000f04   0x0000007c   Code   RO          412    i.GY30_GetLight     gy30.o
    0x08000f80   0x08000f80   0x00000010   Code   RO          413    i.GY30_Int          gy30.o
    0x08000f90   0x08000f90   0x00000048   Code   RO          414    i.GY30_Read3Bytes   gy30.o
    0x08000fd8   0x08000fd8   0x00000024   Code   RO          415    i.GY30_WriteByte    gy30.o
    0x08000ffc   0x08000ffc   0x000000ec   Code   RO         1548    i.HAL_ADCEx_MultiModeConfigChannel  stm32l4xx_hal_adc_ex.o
    0x080010e8   0x080010e8   0x000004a8   Code   RO         1317    i.HAL_ADC_ConfigChannel  stm32l4xx_hal_adc.o
    0x08001590   0x08001590   0x00000002   Code   RO         1318    i.HAL_ADC_ConvCpltCallback  stm32l4xx_hal_adc.o
    0x08001592   0x08001592   0x00000002   Code   RO         1319    i.HAL_ADC_ConvHalfCpltCallback  stm32l4xx_hal_adc.o
    0x08001594   0x08001594   0x00000002   Code   RO         1321    i.HAL_ADC_ErrorCallback  stm32l4xx_hal_adc.o
    0x08001596   0x08001596   0x00000002   PAD
    0x08001598   0x08001598   0x00000214   Code   RO         1326    i.HAL_ADC_Init      stm32l4xx_hal_adc.o
    0x080017ac   0x080017ac   0x000000a0   Code   RO          722    i.HAL_ADC_MspInit   adc.o
    0x0800184c   0x0800184c   0x00000114   Code   RO         1333    i.HAL_ADC_Start_DMA  stm32l4xx_hal_adc.o
    0x08001960   0x08001960   0x0000004a   Code   RO         4258    i.HAL_DMA_Abort_IT  stm32l4xx_hal_dma.o
    0x080019aa   0x080019aa   0x000000aa   Code   RO         4262    i.HAL_DMA_IRQHandler  stm32l4xx_hal_dma.o
    0x08001a54   0x08001a54   0x000000d8   Code   RO         4263    i.HAL_DMA_Init      stm32l4xx_hal_dma.o
    0x08001b2c   0x08001b2c   0x00000070   Code   RO         4267    i.HAL_DMA_Start_IT  stm32l4xx_hal_dma.o
    0x08001b9c   0x08001b9c   0x0000001c   Code   RO         3046    i.HAL_Delay         stm32l4xx_hal.o
    0x08001bb8   0x08001bb8   0x000001d2   Code   RO         4193    i.HAL_GPIO_Init     stm32l4xx_hal_gpio.o
    0x08001d8a   0x08001d8a   0x0000000a   Code   RO         4195    i.HAL_GPIO_ReadPin  stm32l4xx_hal_gpio.o
    0x08001d94   0x08001d94   0x0000000a   Code   RO         4197    i.HAL_GPIO_WritePin  stm32l4xx_hal_gpio.o
    0x08001d9e   0x08001d9e   0x00000002   PAD
    0x08001da0   0x08001da0   0x0000000c   Code   RO         3050    i.HAL_GetTick       stm32l4xx_hal.o
    0x08001dac   0x08001dac   0x00000010   Code   RO         3054    i.HAL_IncTick       stm32l4xx_hal.o
    0x08001dbc   0x08001dbc   0x00000024   Code   RO         3055    i.HAL_Init          stm32l4xx_hal.o
    0x08001de0   0x08001de0   0x00000028   Code   RO         3056    i.HAL_InitTick      stm32l4xx_hal.o
    0x08001e08   0x08001e08   0x00000080   Code   RO          974    i.HAL_MspInit       stm32l4xx_hal_msp.o
    0x08001e88   0x08001e88   0x00000016   Code   RO         4732    i.HAL_NVIC_EnableIRQ  stm32l4xx_hal_cortex.o
    0x08001e9e   0x08001e9e   0x00000002   PAD
    0x08001ea0   0x08001ea0   0x00000040   Code   RO         4738    i.HAL_NVIC_SetPriority  stm32l4xx_hal_cortex.o
    0x08001ee0   0x08001ee0   0x00000024   Code   RO         4739    i.HAL_NVIC_SetPriorityGrouping  stm32l4xx_hal_cortex.o
    0x08001f04   0x08001f04   0x00000024   Code   RO         4740    i.HAL_NVIC_SystemReset  stm32l4xx_hal_cortex.o
    0x08001f28   0x08001f28   0x00000064   Code   RO         4484    i.HAL_PWREx_ControlVoltageScaling  stm32l4xx_hal_pwr_ex.o
    0x08001f8c   0x08001f8c   0x00000010   Code   RO         4515    i.HAL_PWREx_GetVoltageRange  stm32l4xx_hal_pwr_ex.o
    0x08001f9c   0x08001f9c   0x000003aa   Code   RO         3850    i.HAL_RCCEx_PeriphCLKConfig  stm32l4xx_hal_rcc_ex.o
    0x08002346   0x08002346   0x00000002   PAD
    0x08002348   0x08002348   0x00000170   Code   RO         3735    i.HAL_RCC_ClockConfig  stm32l4xx_hal_rcc.o
    0x080024b8   0x080024b8   0x0000000c   Code   RO         3739    i.HAL_RCC_GetHCLKFreq  stm32l4xx_hal_rcc.o
    0x080024c4   0x080024c4   0x00000020   Code   RO         3741    i.HAL_RCC_GetPCLK1Freq  stm32l4xx_hal_rcc.o
    0x080024e4   0x080024e4   0x00000020   Code   RO         3742    i.HAL_RCC_GetPCLK2Freq  stm32l4xx_hal_rcc.o
    0x08002504   0x08002504   0x000000c4   Code   RO         3743    i.HAL_RCC_GetSysClockFreq  stm32l4xx_hal_rcc.o
    0x080025c8   0x080025c8   0x0000045a   Code   RO         3746    i.HAL_RCC_OscConfig  stm32l4xx_hal_rcc.o
    0x08002a22   0x08002a22   0x00000018   Code   RO         4741    i.HAL_SYSTICK_CLKSourceConfig  stm32l4xx_hal_cortex.o
    0x08002a3a   0x08002a3a   0x00000002   Code   RO         4742    i.HAL_SYSTICK_Callback  stm32l4xx_hal_cortex.o
    0x08002a3c   0x08002a3c   0x00000028   Code   RO         4743    i.HAL_SYSTICK_Config  stm32l4xx_hal_cortex.o
    0x08002a64   0x08002a64   0x00000008   Code   RO         4744    i.HAL_SYSTICK_IRQHandler  stm32l4xx_hal_cortex.o
    0x08002a6c   0x08002a6c   0x00000002   Code   RO         2378    i.HAL_TIMEx_BreakCallback  stm32l4xx_hal_tim_ex.o
    0x08002a6e   0x08002a6e   0x00000002   Code   RO         2379    i.HAL_TIMEx_CommutationCallback  stm32l4xx_hal_tim_ex.o
    0x08002a70   0x08002a70   0x00000058   Code   RO         2397    i.HAL_TIMEx_MasterConfigSynchronization  stm32l4xx_hal_tim_ex.o
    0x08002ac8   0x08002ac8   0x00000036   Code   RO         1739    i.HAL_TIM_Base_Init  stm32l4xx_hal_tim.o
    0x08002afe   0x08002afe   0x00000002   PAD
    0x08002b00   0x08002b00   0x00000050   Code   RO          788    i.HAL_TIM_Base_MspInit  tim.o
    0x08002b50   0x08002b50   0x00000018   Code   RO         1744    i.HAL_TIM_Base_Start_IT  stm32l4xx_hal_tim.o
    0x08002b68   0x08002b68   0x000000f8   Code   RO         1748    i.HAL_TIM_ConfigClockSource  stm32l4xx_hal_tim.o
    0x08002c60   0x08002c60   0x00000002   Code   RO         1768    i.HAL_TIM_IC_CaptureCallback  stm32l4xx_hal_tim.o
    0x08002c62   0x08002c62   0x00000166   Code   RO         1781    i.HAL_TIM_IRQHandler  stm32l4xx_hal_tim.o
    0x08002dc8   0x08002dc8   0x00000002   Code   RO         1784    i.HAL_TIM_OC_DelayElapsedCallback  stm32l4xx_hal_tim.o
    0x08002dca   0x08002dca   0x00000002   Code   RO         1811    i.HAL_TIM_PWM_PulseFinishedCallback  stm32l4xx_hal_tim.o
    0x08002dcc   0x08002dcc   0x00000020   Code   RO         4890    i.HAL_TIM_PeriodElapsedCallback  gizwits_product.o
    0x08002dec   0x08002dec   0x00000002   Code   RO         1822    i.HAL_TIM_TriggerCallback  stm32l4xx_hal_tim.o
    0x08002dee   0x08002dee   0x00000002   Code   RO         2990    i.HAL_UARTEx_WakeupCallback  stm32l4xx_hal_uart_ex.o
    0x08002df0   0x08002df0   0x00000002   Code   RO         2651    i.HAL_UART_ErrorCallback  stm32l4xx_hal_uart.o
    0x08002df2   0x08002df2   0x00000002   PAD
    0x08002df4   0x08002df4   0x0000014c   Code   RO         2654    i.HAL_UART_IRQHandler  stm32l4xx_hal_uart.o
    0x08002f40   0x08002f40   0x0000006a   Code   RO         2655    i.HAL_UART_Init     stm32l4xx_hal_uart.o
    0x08002faa   0x08002faa   0x00000002   PAD
    0x08002fac   0x08002fac   0x0000007c   Code   RO          836    i.HAL_UART_MspInit  usart.o
    0x08003028   0x08003028   0x000000ac   Code   RO         2660    i.HAL_UART_Receive_IT  stm32l4xx_hal_uart.o
    0x080030d4   0x080030d4   0x00000030   Code   RO         4891    i.HAL_UART_RxCpltCallback  gizwits_product.o
    0x08003104   0x08003104   0x000000b0   Code   RO         2663    i.HAL_UART_Transmit  stm32l4xx_hal_uart.o
    0x080031b4   0x080031b4   0x00000068   Code   RO         2665    i.HAL_UART_Transmit_IT  stm32l4xx_hal_uart.o
    0x0800321c   0x0800321c   0x00000002   Code   RO         2666    i.HAL_UART_TxCpltCallback  stm32l4xx_hal_uart.o
    0x0800321e   0x0800321e   0x00000002   Code   RO          886    i.HardFault_Handler  stm32l4xx_it.o
    0x08003220   0x08003220   0x0000004c   Code   RO          270    i.IIC_Ack           i2c.o
    0x0800326c   0x0800326c   0x00000050   Code   RO          464    i.IIC_Ack_2         i2c_2.o
    0x080032bc   0x080032bc   0x00000040   Code   RO          271    i.IIC_Init          i2c.o
    0x080032fc   0x080032fc   0x00000048   Code   RO          465    i.IIC_Init_2        i2c_2.o
    0x08003344   0x08003344   0x0000004c   Code   RO          272    i.IIC_NAck          i2c.o
    0x08003390   0x08003390   0x00000050   Code   RO          466    i.IIC_NAck_2        i2c_2.o
    0x080033e0   0x080033e0   0x00000068   Code   RO          273    i.IIC_Read_Byte     i2c.o
    0x08003448   0x08003448   0x00000074   Code   RO          467    i.IIC_Read_Byte_2   i2c_2.o
    0x080034bc   0x080034bc   0x00000068   Code   RO          274    i.IIC_Send_Byte     i2c.o
    0x08003524   0x08003524   0x00000074   Code   RO          468    i.IIC_Send_Byte_2   i2c_2.o
    0x08003598   0x08003598   0x0000004c   Code   RO          275    i.IIC_Start         i2c.o
    0x080035e4   0x080035e4   0x00000050   Code   RO          469    i.IIC_Start_2       i2c_2.o
    0x08003634   0x08003634   0x0000004c   Code   RO          276    i.IIC_Stop          i2c.o
    0x08003680   0x08003680   0x00000050   Code   RO          470    i.IIC_Stop_2        i2c_2.o
    0x080036d0   0x080036d0   0x00000064   Code   RO          277    i.IIC_Wait_Ack      i2c.o
    0x08003734   0x08003734   0x0000006c   Code   RO          471    i.IIC_Wait_Ack_2    i2c_2.o
    0x080037a0   0x080037a0   0x0000000c   Code   RO         1339    i.LL_ADC_GetOffsetChannel  stm32l4xx_hal_adc.o
    0x080037ac   0x080037ac   0x00000008   Code   RO         1340    i.LL_ADC_REG_IsConversionOngoing  stm32l4xx_hal_adc.o
    0x080037b4   0x080037b4   0x00000008   Code   RO         1558    i.LL_ADC_REG_IsConversionOngoing  stm32l4xx_hal_adc_ex.o
    0x080037bc   0x080037bc   0x00000046   Code   RO         1342    i.LL_ADC_SetChannelSamplingTime  stm32l4xx_hal_adc.o
    0x08003802   0x08003802   0x00000010   Code   RO         1343    i.LL_ADC_SetOffsetState  stm32l4xx_hal_adc.o
    0x08003812   0x08003812   0x00000002   PAD
    0x08003814   0x08003814   0x00000018   Code   RO          278    i.LL_AHB2_GRP1_EnableClock  i2c.o
    0x0800382c   0x0800382c   0x00000018   Code   RO          472    i.LL_AHB2_GRP1_EnableClock  i2c_2.o
    0x08003844   0x08003844   0x00000018   Code   RO          689    i.LL_AHB2_GRP1_EnableClock  gpio.o
    0x0800385c   0x0800385c   0x0000011a   Code   RO         1261    i.LL_GPIO_Init      stm32l4xx_ll_gpio.o
    0x08003976   0x08003976   0x00000026   Code   RO          279    i.LL_GPIO_SetPinMode  i2c.o
    0x0800399c   0x0800399c   0x00000026   Code   RO          473    i.LL_GPIO_SetPinMode  i2c_2.o
    0x080039c2   0x080039c2   0x00000058   Code   RO         1000    i.M500PcdConfigISOType  mfrc.o
    0x08003a1a   0x08003a1a   0x00000002   PAD
    0x08003a1c   0x08003a1c   0x000000e8   Code   RO          723    i.MX_ADC1_Init      adc.o
    0x08003b04   0x08003b04   0x0000002c   Code   RO          763    i.MX_DMA_Init       dma.o
    0x08003b30   0x08003b30   0x000000d4   Code   RO          690    i.MX_GPIO_Init      gpio.o
    0x08003c04   0x08003c04   0x00000074   Code   RO          789    i.MX_TIM1_Init      tim.o
    0x08003c78   0x08003c78   0x00000074   Code   RO          790    i.MX_TIM2_Init      tim.o
    0x08003cec   0x08003cec   0x00000050   Code   RO          837    i.MX_USART1_UART_Init  usart.o
    0x08003d3c   0x08003d3c   0x00000050   Code   RO          838    i.MX_USART2_UART_Init  usart.o
    0x08003d8c   0x08003d8c   0x00000002   Code   RO          887    i.MemManage_Handler  stm32l4xx_it.o
    0x08003d8e   0x08003d8e   0x00000002   Code   RO          888    i.NMI_Handler       stm32l4xx_it.o
    0x08003d90   0x08003d90   0x00000020   Code   RO         4745    i.NVIC_SetPriority  stm32l4xx_hal_cortex.o
    0x08003db0   0x08003db0   0x00000008   Code   RO         1001    i.PcdAntennaOff     mfrc.o
    0x08003db8   0x08003db8   0x0000001a   Code   RO         1002    i.PcdAntennaOn      mfrc.o
    0x08003dd2   0x08003dd2   0x0000006a   Code   RO         1003    i.PcdAnticoll       mfrc.o
    0x08003e3c   0x08003e3c   0x0000011e   Code   RO         1006    i.PcdComMF522       mfrc.o
    0x08003f5a   0x08003f5a   0x00000050   Code   RO         1009    i.PcdRequest        mfrc.o
    0x08003faa   0x08003faa   0x00000002   PAD
    0x08003fac   0x08003fac   0x0000007c   Code   RO         1010    i.PcdReset          mfrc.o
    0x08004028   0x08004028   0x00000002   Code   RO          889    i.PendSV_Handler    stm32l4xx_it.o
    0x0800402a   0x0800402a   0x00000002   PAD
    0x0800402c   0x0800402c   0x0000012c   Code   RO         3853    i.RCCEx_PLLSAI1_Config  stm32l4xx_hal_rcc_ex.o
    0x08004158   0x08004158   0x0000010c   Code   RO         3854    i.RCCEx_PLLSAI2_Config  stm32l4xx_hal_rcc_ex.o
    0x08004264   0x08004264   0x0000007c   Code   RO         3747    i.RCC_SetFlashLatencyFromMSIRange  stm32l4xx_hal_rcc.o
    0x080042e0   0x080042e0   0x000000c6   Code   RO         1014    i.ReadRawRC         mfrc.o
    0x080043a6   0x080043a6   0x00000002   Code   RO          890    i.SVC_Handler       stm32l4xx_it.o
    0x080043a8   0x080043a8   0x00000018   Code   RO         1015    i.SetBitMask        mfrc.o
    0x080043c0   0x080043c0   0x0000000e   Code   RO          891    i.SysTick_Handler   stm32l4xx_it.o
    0x080043ce   0x080043ce   0x000000b2   Code   RO          545    i.SystemClock_Config  main.o
    0x08004480   0x08004480   0x00000044   Code   RO         4853    i.SystemInit        system_stm32l4xx.o
    0x080044c4   0x080044c4   0x0000000c   Code   RO          892    i.TIM2_IRQHandler   stm32l4xx_it.o
    0x080044d0   0x080044d0   0x000000c0   Code   RO         1823    i.TIM_Base_SetConfig  stm32l4xx_hal_tim.o
    0x08004590   0x08004590   0x00000014   Code   RO         1830    i.TIM_ETR_SetConfig  stm32l4xx_hal_tim.o
    0x080045a4   0x080045a4   0x00000010   Code   RO         1831    i.TIM_ITRx_SetConfig  stm32l4xx_hal_tim.o
    0x080045b4   0x080045b4   0x00000022   Code   RO         1839    i.TIM_TI1_ConfigInputStage  stm32l4xx_hal_tim.o
    0x080045d6   0x080045d6   0x00000024   Code   RO         1841    i.TIM_TI2_ConfigInputStage  stm32l4xx_hal_tim.o
    0x080045fa   0x080045fa   0x000000c8   Code   RO         2668    i.UART_AdvFeatureConfig  stm32l4xx_hal_uart.o
    0x080046c2   0x080046c2   0x0000005c   Code   RO         2669    i.UART_CheckIdleState  stm32l4xx_hal_uart.o
    0x0800471e   0x0800471e   0x00000014   Code   RO         2670    i.UART_DMAAbortOnError  stm32l4xx_hal_uart.o
    0x08004732   0x08004732   0x00000020   Code   RO         2680    i.UART_EndRxTransfer  stm32l4xx_hal_uart.o
    0x08004752   0x08004752   0x0000005c   Code   RO         2682    i.UART_RxISR_16BIT  stm32l4xx_hal_uart.o
    0x080047ae   0x080047ae   0x0000005a   Code   RO         2683    i.UART_RxISR_8BIT   stm32l4xx_hal_uart.o
    0x08004808   0x08004808   0x000002bc   Code   RO         2684    i.UART_SetConfig    stm32l4xx_hal_uart.o
    0x08004ac4   0x08004ac4   0x00000042   Code   RO         2685    i.UART_TxISR_16BIT  stm32l4xx_hal_uart.o
    0x08004b06   0x08004b06   0x0000003c   Code   RO         2686    i.UART_TxISR_8BIT   stm32l4xx_hal_uart.o
    0x08004b42   0x08004b42   0x00000062   Code   RO         2687    i.UART_WaitOnFlagUntilTimeout  stm32l4xx_hal_uart.o
    0x08004ba4   0x08004ba4   0x0000000c   Code   RO          893    i.USART1_IRQHandler  stm32l4xx_it.o
    0x08004bb0   0x08004bb0   0x00000002   Code   RO          894    i.UsageFault_Handler  stm32l4xx_it.o
    0x08004bb2   0x08004bb2   0x00000002   PAD
    0x08004bb4   0x08004bb4   0x000000ca   Code   RO         1016    i.WriteRawRC        mfrc.o
    0x08004c7e   0x08004c7e   0x00000002   Code   RO          546    i._Error_Handler    main.o
    0x08004c80   0x08004c80   0x00000020   Code   RO         5632    i.__0printf         mc_w.l(printfa.o)
    0x08004ca0   0x08004ca0   0x00000030   Code   RO         5692    i.__ARM_fpclassify  m_wm.l(fpclassify.o)
    0x08004cd0   0x08004cd0   0x00000c80   Code   RO         5370    i.__hardfp_pow      m_wm.l(pow.o)
    0x08005950   0x08005950   0x000000f8   Code   RO         5694    i.__kernel_poly     m_wm.l(poly.o)
    0x08005a48   0x08005a48   0x00000030   Code   RO         5672    i.__mathlib_dbl_divzero  m_wm.l(dunder.o)
    0x08005a78   0x08005a78   0x00000014   Code   RO         5674    i.__mathlib_dbl_infnan2  m_wm.l(dunder.o)
    0x08005a8c   0x08005a8c   0x00000004   PAD
    0x08005a90   0x08005a90   0x00000020   Code   RO         5675    i.__mathlib_dbl_invalid  m_wm.l(dunder.o)
    0x08005ab0   0x08005ab0   0x00000020   Code   RO         5676    i.__mathlib_dbl_overflow  m_wm.l(dunder.o)
    0x08005ad0   0x08005ad0   0x00000020   Code   RO         5678    i.__mathlib_dbl_underflow  m_wm.l(dunder.o)
    0x08005af0   0x08005af0   0x0000000e   Code   RO         5760    i.__scatterload_copy  mc_w.l(handlers.o)
    0x08005afe   0x08005afe   0x00000002   Code   RO         5761    i.__scatterload_null  mc_w.l(handlers.o)
    0x08005b00   0x08005b00   0x0000000e   Code   RO         5762    i.__scatterload_zeroinit  mc_w.l(handlers.o)
    0x08005b0e   0x08005b0e   0x00000002   PAD
    0x08005b10   0x08005b10   0x0000000c   Code   RO         5734    i.__set_errno       mc_w.l(errno.o)
    0x08005b1c   0x08005b1c   0x0000018a   Code   RO         5639    i._fp_digits        mc_w.l(printfa.o)
    0x08005ca6   0x08005ca6   0x00000002   PAD
    0x08005ca8   0x08005ca8   0x000006e2   Code   RO         5640    i._printf_core      mc_w.l(printfa.o)
    0x0800638a   0x0800638a   0x00000024   Code   RO         5641    i._printf_post_padding  mc_w.l(printfa.o)
    0x080063ae   0x080063ae   0x0000002e   Code   RO         5642    i._printf_pre_padding  mc_w.l(printfa.o)
    0x080063dc   0x080063dc   0x00000020   Code   RO         5184    i.exchangeBytes     common.o
    0x080063fc   0x080063fc   0x00000004   Code   RO         5185    i.exchangeWord      common.o
    0x08006400   0x08006400   0x00000018   Code   RO         5688    i.fabs              m_wm.l(fabs.o)
    0x08006418   0x08006418   0x00000018   Code   RO          547    i.fputc             main.o
    0x08006430   0x08006430   0x0000005c   Code   RO         5133    i.getKey            hal_key.o
    0x0800648c   0x0800648c   0x00000184   Code   RO         4978    i.gizCheckReport    gizwits_protocol.o
    0x08006610   0x08006610   0x00000098   Code   RO         4979    i.gizDataPoints2ReportData  gizwits_protocol.o
    0x080066a8   0x080066a8   0x000000c0   Code   RO         4980    i.gizDevReportPolicy  gizwits_protocol.o
    0x08006768   0x08006768   0x0000000c   Code   RO         4892    i.gizGetTimerCount  gizwits_product.o
    0x08006774   0x08006774   0x0000007c   Code   RO         4981    i.gizProtocolAckHandle  gizwits_protocol.o
    0x080067f0   0x080067f0   0x00000098   Code   RO         4982    i.gizProtocolCommonAck  gizwits_protocol.o
    0x08006888   0x08006888   0x000000a0   Code   RO         4983    i.gizProtocolErrorCmd  gizwits_protocol.o
    0x08006928   0x08006928   0x00000178   Code   RO         4984    i.gizProtocolGetDeviceInfo  gizwits_protocol.o
    0x08006aa0   0x08006aa0   0x00000146   Code   RO         4985    i.gizProtocolGetOnePacket  gizwits_protocol.o
    0x08006be6   0x08006be6   0x00000002   PAD
    0x08006be8   0x08006be8   0x0000004c   Code   RO         4986    i.gizProtocolHeadInit  gizwits_protocol.o
    0x08006c34   0x08006c34   0x00000120   Code   RO         4987    i.gizProtocolIssuedDataAck  gizwits_protocol.o
    0x08006d54   0x08006d54   0x000000e4   Code   RO         4988    i.gizProtocolIssuedProcess  gizwits_protocol.o
    0x08006e38   0x08006e38   0x00000414   Code   RO         4989    i.gizProtocolModuleStatus  gizwits_protocol.o
    0x0800724c   0x0800724c   0x00000070   Code   RO         4990    i.gizProtocolNTP    gizwits_protocol.o
    0x080072bc   0x080072bc   0x00000070   Code   RO         4991    i.gizProtocolResendData  gizwits_protocol.o
    0x0800732c   0x0800732c   0x00000024   Code   RO         5186    i.gizProtocolSum    common.o
    0x08007350   0x08007350   0x0000005c   Code   RO         4992    i.gizProtocolWaitAck  gizwits_protocol.o
    0x080073ac   0x080073ac   0x00000048   Code   RO         4993    i.gizProtocolWaitAckCheck  gizwits_protocol.o
    0x080073f4   0x080073f4   0x00000068   Code   RO         4994    i.gizPutData        gizwits_protocol.o
    0x0800745c   0x0800745c   0x000000c8   Code   RO         4995    i.gizReportData     gizwits_protocol.o
    0x08007524   0x08007524   0x00000010   Code   RO         4893    i.gizTimerMs        gizwits_product.o
    0x08007534   0x08007534   0x00000008   Code   RO         5259    i.gizY2X            datapointtools.o
    0x0800753c   0x0800753c   0x00000104   Code   RO         4894    i.gizwitsEventProcess  gizwits_product.o
    0x08007640   0x08007640   0x00000346   Code   RO         4998    i.gizwitsHandle     gizwits_protocol.o
    0x08007986   0x08007986   0x00000002   PAD
    0x08007988   0x08007988   0x0000005c   Code   RO         4999    i.gizwitsInit       gizwits_protocol.o
    0x080079e4   0x080079e4   0x00000114   Code   RO         5001    i.gizwitsSetMode    gizwits_protocol.o
    0x08007af8   0x08007af8   0x00000034   Code   RO          548    i.key1LongPress     main.o
    0x08007b2c   0x08007b2c   0x00000034   Code   RO          549    i.key1ShortPress    main.o
    0x08007b60   0x08007b60   0x00000034   Code   RO          550    i.key2LongPress     main.o
    0x08007b94   0x08007b94   0x00000030   Code   RO          551    i.key2ShortPress    main.o
    0x08007bc4   0x08007bc4   0x0000007a   Code   RO         5134    i.keyHandle         hal_key.o
    0x08007c3e   0x08007c3e   0x00000002   PAD
    0x08007c40   0x08007c40   0x0000007c   Code   RO          552    i.keyInit           main.o
    0x08007cbc   0x08007cbc   0x00000040   Code   RO         5135    i.keyInitOne        hal_key.o
    0x08007cfc   0x08007cfc   0x00000018   Code   RO         5136    i.keyParaInit       hal_key.o
    0x08007d14   0x08007d14   0x00000380   Code   RO          553    i.main              main.o
    0x08008094   0x08008094   0x0000000a   Code   RO         4895    i.mcuRestart        gizwits_product.o
    0x0800809e   0x0800809e   0x00000018   Code   RO          234    i.myDelay           delay.o
    0x080080b6   0x080080b6   0x00000032   Code   RO         5320    i.rbCanRead         ringbuffer.o
    0x080080e8   0x080080e8   0x0000001c   Code   RO         5321    i.rbCanWrite        ringbuffer.o
    0x08008104   0x08008104   0x0000000c   Code   RO         5322    i.rbCapacity        ringbuffer.o
    0x08008110   0x08008110   0x00000012   Code   RO         5323    i.rbCreate          ringbuffer.o
    0x08008122   0x08008122   0x0000007e   Code   RO         5325    i.rbRead            ringbuffer.o
    0x080081a0   0x080081a0   0x0000008e   Code   RO         5326    i.rbWrite           ringbuffer.o
    0x0800822e   0x0800822e   0x00000002   PAD
    0x08008230   0x08008230   0x00000088   Code   RO         5137    i.readKeyValue      hal_key.o
    0x080082b8   0x080082b8   0x0000006e   Code   RO         5699    i.sqrt              m_wm.l(sqrt.o)
    0x08008326   0x08008326   0x00000002   PAD
    0x08008328   0x08008328   0x0000000c   Code   RO         4896    i.timerInit         gizwits_product.o
    0x08008334   0x08008334   0x00000014   Code   RO         4897    i.uartInit          gizwits_product.o
    0x08008348   0x08008348   0x000000b8   Code   RO         4898    i.uartWrite         gizwits_product.o
    0x08008400   0x08008400   0x00000012   Code   RO          235    i.us_Dealy          delay.o
    0x08008412   0x08008412   0x00000002   PAD
    0x08008414   0x08008414   0x0000007c   Code   RO          554    i.userHandle        main.o
    0x08008490   0x08008490   0x00000020   Code   RO         4899    i.userInit          gizwits_product.o
    0x080084b0   0x080084b0   0x00000040   Data   RO         4854    .constdata          system_stm32l4xx.o
    0x080084f0   0x080084f0   0x00000008   Data   RO         4855    .constdata          system_stm32l4xx.o
    0x080084f8   0x080084f8   0x00000088   Data   RO         5373    .constdata          m_wm.l(pow.o)
    0x08008580   0x08008580   0x00000008   Data   RO         5696    .constdata          m_wm.l(qnan.o)
    0x08008588   0x08008588   0x00000020   Data   RO         5758    Region$$Table       anon$$obj.o


    Execution Region RW_IRAM1 (Exec base: 0x20000000, Load base: 0x080085a8, Size: 0x000008c8, Max: 0x00018000, ABSOLUTE)

    Exec Addr    Load Addr    Size         Type   Attr      Idx    E Section Name        Object

    0x20000000   0x080085a8   0x00000003   Data   RW          416    .data               gy30.o
    0x20000003   0x080085ab   0x00000001   PAD
    0x20000004   0x080085ac   0x00000036   Data   RW          556    .data               main.o
    0x2000003a   0x080085e2   0x00000002   PAD
    0x2000003c   0x080085e4   0x00000004   Data   RW         3071    .data               stm32l4xx_hal.o
    0x20000040   0x080085e8   0x00000004   Data   RW         4856    .data               system_stm32l4xx.o
    0x20000044   0x080085ec   0x00000008   Data   RW         4902    .data               gizwits_product.o
    0x2000004c   0x080085f4   0x00000010   Data   RW         5003    .data               gizwits_protocol.o
    0x2000005c   0x08008604   0x0000000a   Data   RW         5138    .data               hal_key.o
    0x20000066   0x0800860e   0x00000002   PAD
    0x20000068   0x08008610   0x00000004   Data   RW         5723    .data               mc_w.l(stdout.o)
    0x2000006c   0x08008614   0x00000004   Data   RW         5735    .data               mc_w.l(errno.o)
    0x20000070        -       0x0000004c   Zero   RW           21    .bss                bmp180.o
    0x200000bc        -       0x00000052   Zero   RW          555    .bss                main.o
    0x2000010e   0x08008618   0x00000002   PAD
    0x20000110        -       0x000000b0   Zero   RW          724    .bss                adc.o
    0x200001c0        -       0x00000080   Zero   RW          791    .bss                tim.o
    0x20000240        -       0x000000f0   Zero   RW          839    .bss                usart.o
    0x20000330        -       0x00000014   Zero   RW         4901    .bss                gizwits_product.o
    0x20000344        -       0x0000017d   Zero   RW         5002    .bss                gizwits_protocol.o
    0x200004c1   0x08008618   0x00000007   PAD
    0x200004c8        -       0x00000400   Zero   RW            1    STACK               startup_stm32l476xx.o


==============================================================================

Image component sizes


      Code (inc. data)   RO Data    RW Data    ZI Data      Debug   Object Name

       392         78          0          0        176       1971   adc.o
       598         48          0          0         76     874532   bmp180.o
        72          0          0          0          0       3660   common.o
         8          0          0          0          0        617   datapointtools.o
        42          0          0          0          0       1109   delay.o
       448         32          0          0          0       3786   dht11.o
        44          4          0          0          0        810   dma.o
       626        252          0          8         20      11734   gizwits_product.o
      5404       2092          0         16        381      19150   gizwits_protocol.o
       236         14          0          0          0       5787   gpio.o
       248         18          0          3          0       2796   gy30.o
       438         22          0         10          0       4273   hal_key.o
       778         56          0          0          0      16972   i2c.o
       834         48          0          0          0       6850   i2c_2.o
      1552        404          0         54         82      15621   main.o
      1166         22          0          0          0       8643   mfrc.o
       376          0          0          0          0       4986   ringbuffer.o
        36          8        392          0       1024        864   startup_stm32l476xx.o
       132         22          0          4          0       4351   stm32l4xx_hal.o
      2404        128          0          0          0      70173   stm32l4xx_hal_adc.o
       244         12          0          0          0      59443   stm32l4xx_hal_adc_ex.o
       264         24          0          0          0      33020   stm32l4xx_hal_cortex.o
       614         14          0          0          0       4646   stm32l4xx_hal_dma.o
       486         36          0          0          0       3419   stm32l4xx_hal_gpio.o
       128          6          0          0          0        962   stm32l4xx_hal_msp.o
       116         20          0          0          0       1418   stm32l4xx_hal_pwr_ex.o
      1878         92          0          0          0       7652   stm32l4xx_hal_rcc.o
      1506         44          0          0          0       4384   stm32l4xx_hal_rcc_ex.o
       990         36          0          0          0      10577   stm32l4xx_hal_tim.o
        92         10          0          0          0       2778   stm32l4xx_hal_tim_ex.o
      2344         88          0          0          0      14855   stm32l4xx_hal_uart.o
         2          0          0          0          0       1080   stm32l4xx_hal_uart_ex.o
        66         18          0          0          0       5843   stm32l4xx_it.o
       282          0          0          0          0       7591   stm32l4xx_ll_gpio.o
        68         12         72          4          0       1297   system_stm32l4xx.o
       312         52          0          0        128       2463   tim.o
       284         62          0          0        240       2447   usart.o

    ----------------------------------------------------------------------
     25550       3774        496        104       2136    1222560   Object Totals
         0          0         32          0          0          0   (incl. Generated)
        40          0          0          5          9          0   (incl. Padding)

    ----------------------------------------------------------------------

      Code (inc. data)   RO Data    RW Data    ZI Data      Debug   Library Member Name

       164         44          0          0          0        620   dunder.o
        24          0          0          0          0        124   fabs.o
        48          0          0          0          0        124   fpclassify.o
       248          0          0          0          0        152   poly.o
      3200        296        136          0          0        352   pow.o
         0          0          8          0          0          0   qnan.o
       110          0          0          0          0        148   sqrt.o
         0          0          0          0          0          0   entry.o
         0          0          0          0          0          0   entry10a.o
         0          0          0          0          0          0   entry11a.o
         8          4          0          0          0          0   entry2.o
         4          0          0          0          0          0   entry5.o
         0          0          0          0          0          0   entry7b.o
         0          0          0          0          0          0   entry8b.o
         8          4          0          0          0          0   entry9a.o
        12          6          0          4          0         68   errno.o
        30          0          0          0          0          0   handlers.o
        36          8          0          0          0         68   init.o
         0          0          0          0          0          0   iusefp.o
        30          0          0          0          0         68   llshl.o
        36          0          0          0          0         68   llsshr.o
        32          0          0          0          0         68   llushr.o
        36          0          0          0          0         68   memcpya.o
        36          0          0          0          0        108   memseta.o
      2270         90          0          0          0        452   printfa.o
         0          0          0          4          0          0   stdout.o
        44          0          0          0          0         80   uidiv.o
       104          0          0          0          0         92   uldiv.o
        48          0          0          0          0         68   cdrcmple.o
        56          0          0          0          0         88   d2f.o
       350          0          0          0          0        148   dadd.o
       222          0          0          0          0        100   ddiv.o
       186          0          0          0          0        176   depilogue.o
        48          0          0          0          0         68   dfixul.o
        34          0          0          0          0         76   dflti.o
       234          0          0          0          0         96   dmul.o
        46          0          0          0          0         80   dscalb.o
       162          0          0          0          0        100   dsqrt.o
        38          0          0          0          0         68   f2d.o
       110          0          0          0          0        168   fepilogue.o

    ----------------------------------------------------------------------
      8026        452        144          8          0       3896   Library Totals
        12          0          0          0          0          0   (incl. Padding)

    ----------------------------------------------------------------------

      Code (inc. data)   RO Data    RW Data    ZI Data      Debug   Library Name

      3794        340        144          0          0       1520   m_wm.l
      2686        112          0          8          0       1140   mc_w.l
      1534          0          0          0          0       1236   mf_w.l

    ----------------------------------------------------------------------
      8026        452        144          8          0       3896   Library Totals

    ----------------------------------------------------------------------

==============================================================================


      Code (inc. data)   RO Data    RW Data    ZI Data      Debug   

     33576       4226        640        112       2136    1203764   Grand Totals
     33576       4226        640        112       2136    1203764   ELF Image Totals
     33576       4226        640        112          0          0   ROM Totals

==============================================================================

    Total RO  Size (Code + RO Data)                34216 (  33.41kB)
    Total RW  Size (RW Data + ZI Data)              2248 (   2.20kB)
    Total ROM Size (Code + RO Data + RW Data)      34328 (  33.52kB)

==============================================================================

