Component: ARM Compiler 5.06 update 6 (build 750) Tool: armlink [4d35ed]

==============================================================================

Section Cross References

    startup_stm32l476xx.o(RESET) refers to startup_stm32l476xx.o(STACK) for __initial_sp
    startup_stm32l476xx.o(RESET) refers to startup_stm32l476xx.o(.text) for Reset_Handler
    startup_stm32l476xx.o(RESET) refers to stm32l4xx_it.o(i.NMI_Handler) for NMI_Handler
    startup_stm32l476xx.o(RESET) refers to stm32l4xx_it.o(i.HardFault_Handler) for HardFault_Handler
    startup_stm32l476xx.o(RESET) refers to stm32l4xx_it.o(i.MemManage_Handler) for MemManage_Handler
    startup_stm32l476xx.o(RESET) refers to stm32l4xx_it.o(i.BusFault_Handler) for BusFault_Handler
    startup_stm32l476xx.o(RESET) refers to stm32l4xx_it.o(i.UsageFault_Handler) for UsageFault_Handler
    startup_stm32l476xx.o(RESET) refers to stm32l4xx_it.o(i.SVC_Handler) for SVC_Handler
    startup_stm32l476xx.o(RESET) refers to stm32l4xx_it.o(i.DebugMon_Handler) for DebugMon_Handler
    startup_stm32l476xx.o(RESET) refers to stm32l4xx_it.o(i.PendSV_Handler) for PendSV_Handler
    startup_stm32l476xx.o(RESET) refers to stm32l4xx_it.o(i.SysTick_Handler) for SysTick_Handler
    startup_stm32l476xx.o(RESET) refers to stm32l4xx_it.o(i.DMA1_Channel1_IRQHandler) for DMA1_Channel1_IRQHandler
    startup_stm32l476xx.o(RESET) refers to stm32l4xx_it.o(i.TIM2_IRQHandler) for TIM2_IRQHandler
    startup_stm32l476xx.o(RESET) refers to stm32l4xx_it.o(i.USART1_IRQHandler) for USART1_IRQHandler
    startup_stm32l476xx.o(.text) refers to system_stm32l4xx.o(i.SystemInit) for SystemInit
    startup_stm32l476xx.o(.text) refers to entry.o(.ARM.Collect$$$$00000000) for __main
    bmp180.o(i.BMP_Init) refers to i2c.o(i.IIC_Init) for IIC_Init
    bmp180.o(i.BMP_ReadCalibrationData) refers to bmp180.o(i.BMP_ReadTwoByte) for BMP_ReadTwoByte
    bmp180.o(i.BMP_ReadCalibrationData) refers to bmp180.o(.bss) for .bss
    bmp180.o(i.BMP_ReadOneByte) refers to i2c.o(i.IIC_Start) for IIC_Start
    bmp180.o(i.BMP_ReadOneByte) refers to i2c.o(i.IIC_Send_Byte) for IIC_Send_Byte
    bmp180.o(i.BMP_ReadOneByte) refers to i2c.o(i.IIC_Wait_Ack) for IIC_Wait_Ack
    bmp180.o(i.BMP_ReadOneByte) refers to i2c.o(i.IIC_Read_Byte) for IIC_Read_Byte
    bmp180.o(i.BMP_ReadOneByte) refers to i2c.o(i.IIC_Stop) for IIC_Stop
    bmp180.o(i.BMP_ReadTwoByte) refers to i2c.o(i.IIC_Start) for IIC_Start
    bmp180.o(i.BMP_ReadTwoByte) refers to i2c.o(i.IIC_Send_Byte) for IIC_Send_Byte
    bmp180.o(i.BMP_ReadTwoByte) refers to i2c.o(i.IIC_Wait_Ack) for IIC_Wait_Ack
    bmp180.o(i.BMP_ReadTwoByte) refers to i2c.o(i.IIC_Read_Byte) for IIC_Read_Byte
    bmp180.o(i.BMP_ReadTwoByte) refers to i2c.o(i.IIC_Stop) for IIC_Stop
    bmp180.o(i.BMP_Read_UP) refers to bmp180.o(i.BMP_WriteOneByte) for BMP_WriteOneByte
    bmp180.o(i.BMP_Read_UP) refers to delay.o(i.myDelay) for myDelay
    bmp180.o(i.BMP_Read_UP) refers to bmp180.o(i.BMP_ReadTwoByte) for BMP_ReadTwoByte
    bmp180.o(i.BMP_Read_UT) refers to bmp180.o(i.BMP_WriteOneByte) for BMP_WriteOneByte
    bmp180.o(i.BMP_Read_UT) refers to delay.o(i.myDelay) for myDelay
    bmp180.o(i.BMP_Read_UT) refers to bmp180.o(i.BMP_ReadTwoByte) for BMP_ReadTwoByte
    bmp180.o(i.BMP_UncompemstatedToTrue) refers to bmp180.o(i.BMP_Read_UT) for BMP_Read_UT
    bmp180.o(i.BMP_UncompemstatedToTrue) refers to bmp180.o(i.BMP_Read_UP) for BMP_Read_UP
    bmp180.o(i.BMP_UncompemstatedToTrue) refers to dflti.o(.text) for __aeabi_i2d
    bmp180.o(i.BMP_UncompemstatedToTrue) refers to ddiv.o(.text) for __aeabi_ddiv
    bmp180.o(i.BMP_UncompemstatedToTrue) refers to pow.o(i.__hardfp_pow) for __hardfp_pow
    bmp180.o(i.BMP_UncompemstatedToTrue) refers to dadd.o(.text) for __aeabi_drsub
    bmp180.o(i.BMP_UncompemstatedToTrue) refers to dmul.o(.text) for __aeabi_dmul
    bmp180.o(i.BMP_UncompemstatedToTrue) refers to d2f.o(.text) for __aeabi_d2f
    bmp180.o(i.BMP_UncompemstatedToTrue) refers to bmp180.o(.bss) for .bss
    bmp180.o(i.BMP_WriteOneByte) refers to i2c.o(i.IIC_Start) for IIC_Start
    bmp180.o(i.BMP_WriteOneByte) refers to i2c.o(i.IIC_Send_Byte) for IIC_Send_Byte
    bmp180.o(i.BMP_WriteOneByte) refers to i2c.o(i.IIC_Wait_Ack) for IIC_Wait_Ack
    bmp180.o(i.BMP_WriteOneByte) refers to i2c.o(i.IIC_Stop) for IIC_Stop
    i2c.o(i.GPIO_SDA_IN) refers to i2c.o(i.LL_AHB2_GRP1_EnableClock) for LL_AHB2_GRP1_EnableClock
    i2c.o(i.GPIO_SDA_IN) refers to stm32l4xx_ll_gpio.o(i.LL_GPIO_Init) for LL_GPIO_Init
    i2c.o(i.IIC_Ack) refers to stm32l4xx_hal_gpio.o(i.HAL_GPIO_WritePin) for HAL_GPIO_WritePin
    i2c.o(i.IIC_Ack) refers to i2c.o(i.LL_GPIO_SetPinMode) for LL_GPIO_SetPinMode
    i2c.o(i.IIC_Ack) refers to delay.o(i.us_Dealy) for us_Dealy
    i2c.o(i.IIC_Init) refers to i2c.o(i.LL_AHB2_GRP1_EnableClock) for LL_AHB2_GRP1_EnableClock
    i2c.o(i.IIC_Init) refers to stm32l4xx_hal_gpio.o(i.HAL_GPIO_WritePin) for HAL_GPIO_WritePin
[...]
    UART_RxISR_8BIT                          0x08004323   Thumb Code    90  stm32l4xx_hal_uart.o(i.UART_RxISR_8BIT)
    i.UART_SetConfig                         0x0800437c   Section        0  stm32l4xx_hal_uart.o(i.UART_SetConfig)
    i.UART_TxISR_16BIT                       0x08004638   Section        0  stm32l4xx_hal_uart.o(i.UART_TxISR_16BIT)
    UART_TxISR_16BIT                         0x08004639   Thumb Code    66  stm32l4xx_hal_uart.o(i.UART_TxISR_16BIT)
    i.UART_TxISR_8BIT                        0x0800467a   Section        0  stm32l4xx_hal_uart.o(i.UART_TxISR_8BIT)
    UART_TxISR_8BIT                          0x0800467b   Thumb Code    60  stm32l4xx_hal_uart.o(i.UART_TxISR_8BIT)
    i.UART_WaitOnFlagUntilTimeout            0x080046b6   Section        0  stm32l4xx_hal_uart.o(i.UART_WaitOnFlagUntilTimeout)
    i.USART1_IRQHandler                      0x08004718   Section        0  stm32l4xx_it.o(i.USART1_IRQHandler)
    i.UsageFault_Handler                     0x08004724   Section        0  stm32l4xx_it.o(i.UsageFault_Handler)
    i._Error_Handler                         0x08004726   Section        0  main.o(i._Error_Handler)
    i.__0printf$8                            0x08004728   Section        0  printf8.o(i.__0printf$8)
    i.__ARM_fpclassify                       0x08004748   Section        0  fpclassify.o(i.__ARM_fpclassify)
    i.__hardfp_pow                           0x08004778   Section        0  pow.o(i.__hardfp_pow)
    i.__kernel_poly                          0x080053f8   Section        0  poly.o(i.__kernel_poly)
    i.__mathlib_dbl_divzero                  0x080054f0   Section        0  dunder.o(i.__mathlib_dbl_divzero)
    i.__mathlib_dbl_infnan2                  0x08005520   Section        0  dunder.o(i.__mathlib_dbl_infnan2)
    i.__mathlib_dbl_invalid                  0x08005538   Section        0  dunder.o(i.__mathlib_dbl_invalid)
    i.__mathlib_dbl_overflow                 0x08005558   Section        0  dunder.o(i.__mathlib_dbl_overflow)
    i.__mathlib_dbl_underflow                0x08005578   Section        0  dunder.o(i.__mathlib_dbl_underflow)
    i.__scatterload_copy                     0x08005598   Section       14  handlers.o(i.__scatterload_copy)
    i.__scatterload_null                     0x080055a6   Section        2  handlers.o(i.__scatterload_null)
    i.__scatterload_zeroinit                 0x080055a8   Section       14  handlers.o(i.__scatterload_zeroinit)
    i.__set_errno                            0x080055b8   Section        0  errno.o(i.__set_errno)
    i._printf_core                           0x080055c4   Section        0  printf8.o(i._printf_core)
    _printf_core                             0x080055c5   Thumb Code   996  printf8.o(i._printf_core)
    i._printf_post_padding                   0x080059da   Section        0  printf8.o(i._printf_post_padding)
    _printf_post_padding                     0x080059db   Thumb Code    36  printf8.o(i._printf_post_padding)
    i._printf_pre_padding                    0x080059fe   Section        0  printf8.o(i._printf_pre_padding)
    _printf_pre_padding                      0x080059ff   Thumb Code    46  printf8.o(i._printf_pre_padding)
    i.exchangeBytes                          0x08005a2c   Section        0  common.o(i.exchangeBytes)
    i.exchangeWord                           0x08005a4c   Section        0  common.o(i.exchangeWord)
    i.fabs                                   0x08005a50   Section        0  fabs.o(i.fabs)
    i.fputc                                  0x08005a68   Section        0  main.o(i.fputc)
    i.getKey                                 0x08005a80   Section        0  hal_key.o(i.getKey)
    i.gizCheckReport                         0x08005adc   Section        0  gizwits_protocol.o(i.gizCheckReport)
    gizCheckReport                           0x08005add   Thumb Code   192  gizwits_protocol.o(i.gizCheckReport)
    i.gizDataPoints2ReportData               0x08005c60   Section        0  gizwits_protocol.o(i.gizDataPoints2ReportData)
    gizDataPoints2ReportData                 0x08005c61   Thumb Code   102  gizwits_protocol.o(i.gizDataPoints2ReportData)
    i.gizDevReportPolicy                     0x08005cf8   Section        0  gizwits_protocol.o(i.gizDevReportPolicy)
    gizDevReportPolicy                       0x08005cf9   Thumb Code   130  gizwits_protocol.o(i.gizDevReportPolicy)
    i.gizGetTimerCount                       0x08005db8   Section        0  gizwits_product.o(i.gizGetTimerCount)
    i.gizProtocolAckHandle                   0x08005dc4   Section        0  gizwits_protocol.o(i.gizProtocolAckHandle)
    gizProtocolAckHandle                     0x08005dc5   Thumb Code    78  gizwits_protocol.o(i.gizProtocolAckHandle)
    i.gizProtocolCommonAck                   0x08005e40   Section        0  gizwits_protocol.o(i.gizProtocolCommonAck)
    gizProtocolCommonAck                     0x08005e41   Thumb Code    80  gizwits_protocol.o(i.gizProtocolCommonAck)
    i.gizProtocolErrorCmd                    0x08005ed8   Section        0  gizwits_protocol.o(i.gizProtocolErrorCmd)
    gizProtocolErrorCmd                      0x08005ed9   Thumb Code    88  gizwits_protocol.o(i.gizProtocolErrorCmd)
    i.gizProtocolGetDeviceInfo               0x08005f78   Section        0  gizwits_protocol.o(i.gizProtocolGetDeviceInfo)
    gizProtocolGetDeviceInfo                 0x08005f79   Thumb Code   180  gizwits_protocol.o(i.gizProtocolGetDeviceInfo)
    i.gizProtocolGetOnePacket                0x080060f0   Section        0  gizwits_protocol.o(i.gizProtocolGetOnePacket)
    gizProtocolGetOnePacket                  0x080060f1   Thumb Code   266  gizwits_protocol.o(i.gizProtocolGetOnePacket)
    i.gizProtocolHeadInit                    0x08006238   Section        0  gizwits_protocol.o(i.gizProtocolHeadInit)
    gizProtocolHeadInit                      0x08006239   Thumb Code    32  gizwits_protocol.o(i.gizProtocolHeadInit)
    i.gizProtocolIssuedDataAck               0x08006284   Section        0  gizwits_protocol.o(i.gizProtocolIssuedDataAck)
    gizProtocolIssuedDataAck                 0x08006285   Thumb Code   198  gizwits_protocol.o(i.gizProtocolIssuedDataAck)
    i.gizProtocolIssuedProcess               0x080063a4   Section        0  gizwits_protocol.o(i.gizProtocolIssuedProcess)
    gizProtocolIssuedProcess                 0x080063a5   Thumb Code   176  gizwits_protocol.o(i.gizProtocolIssuedProcess)
    i.gizProtocolModuleStatus                0x08006488   Section        0  gizwits_protocol.o(i.gizProtocolModuleStatus)
    gizProtocolModuleStatus                  0x08006489   Thumb Code   574  gizwits_protocol.o(i.gizProtocolModuleStatus)
    i.gizProtocolNTP                         0x0800689c   Section        0  gizwits_protocol.o(i.gizProtocolNTP)
    gizProtocolNTP                           0x0800689d   Thumb Code    88  gizwits_protocol.o(i.gizProtocolNTP)
    i.gizProtocolResendData                  0x0800690c   Section        0  gizwits_protocol.o(i.gizProtocolResendData)
    gizProtocolResendData                    0x0800690d   Thumb Code    52  gizwits_protocol.o(i.gizProtocolResendData)
    i.gizProtocolSum                         0x0800697c   Section        0  common.o(i.gizProtocolSum)
    i.gizProtocolWaitAck                     0x080069a0   Section        0  gizwits_protocol.o(i.gizProtocolWaitAck)
    gizProtocolWaitAck                       0x080069a1   Thumb Code    64  gizwits_protocol.o(i.gizProtocolWaitAck)
    i.gizProtocolWaitAckCheck                0x080069fc   Section        0  gizwits_protocol.o(i.gizProtocolWaitAckCheck)
    gizProtocolWaitAckCheck                  0x080069fd   Thumb Code    42  gizwits_protocol.o(i.gizProtocolWaitAckCheck)
    i.gizPutData                             0x08006a44   Section        0  gizwits_protocol.o(i.gizPutData)
    i.gizReportData                          0x08006aac   Section        0  gizwits_protocol.o(i.gizReportData)
    gizReportData                            0x08006aad   Thumb Code   128  gizwits_protocol.o(i.gizReportData)
    i.gizTimerMs                             0x08006b74   Section        0  gizwits_product.o(i.gizTimerMs)
    i.gizY2X                                 0x08006b84   Section        0  datapointtools.o(i.gizY2X)
    i.gizwitsEventProcess                    0x08006b8c   Section        0  gizwits_product.o(i.gizwitsEventProcess)
    i.gizwitsHandle                          0x08006c90   Section        0  gizwits_protocol.o(i.gizwitsHandle)
    i.gizwitsInit                            0x08006fd8   Section        0  gizwits_protocol.o(i.gizwitsInit)
    i.gizwitsSetMode                         0x08007034   Section        0  gizwits_protocol.o(i.gizwitsSetMode)
    i.key1LongPress                          0x08007148   Section        0  main.o(i.key1LongPress)
    i.key1ShortPress                         0x0800717c   Section        0  main.o(i.key1ShortPress)
    i.key2LongPress                          0x080071b0   Section        0  main.o(i.key2LongPress)
    i.key2ShortPress                         0x080071e4   Section        0  main.o(i.key2ShortPress)
    i.keyHandle                              0x08007214   Section        0  hal_key.o(i.keyHandle)
    i.keyInit                                0x08007290   Section        0  main.o(i.keyInit)
    i.keyInitOne                             0x0800730c   Section        0  hal_key.o(i.keyInitOne)
    i.keyParaInit                            0x0800734c   Section        0  hal_key.o(i.keyParaInit)
    i.main                                   0x08007364   Section        0  main.o(i.main)
    i.mcuRestart                             0x080074d4   Section        0  gizwits_product.o(i.mcuRestart)
    i.myDelay                                0x080074de   Section        0  delay.o(i.myDelay)
    i.rbCanRead                              0x080074f6   Section        0  ringbuffer.o(i.rbCanRead)
    i.rbCanWrite                             0x08007528   Section        0  ringbuffer.o(i.rbCanWrite)
    i.rbCapacity                             0x08007544   Section        0  ringbuffer.o(i.rbCapacity)
    i.rbCreate                               0x08007550   Section        0  ringbuffer.o(i.rbCreate)
    i.rbRead                                 0x08007562   Section        0  ringbuffer.o(i.rbRead)
    i.rbWrite                                0x080075e0   Section        0  ringbuffer.o(i.rbWrite)
    i.readKeyValue                           0x08007670   Section        0  hal_key.o(i.readKeyValue)
    i.sqrt                                   0x080076f8   Section        0  sqrt.o(i.sqrt)
    i.timerInit                              0x08007768   Section        0  gizwits_product.o(i.timerInit)
    i.uartInit                               0x08007774   Section        0  gizwits_product.o(i.uartInit)
    i.uartWrite                              0x08007788   Section        0  gizwits_product.o(i.uartWrite)
    i.us_Dealy                               0x08007840   Section        0  delay.o(i.us_Dealy)
    i.userHandle                             0x08007854   Section        0  main.o(i.userHandle)
    i.userInit                               0x080078bc   Section        0  gizwits_product.o(i.userInit)
    .constdata                               0x080078dc   Section       64  system_stm32l4xx.o(.constdata)
    .constdata                               0x0800791c   Section        8  system_stm32l4xx.o(.constdata)
    .constdata                               0x08007928   Section      136  pow.o(.constdata)
    bp                                       0x08007928   Data          16  pow.o(.constdata)
    dp_h                                     0x08007938   Data          16  pow.o(.constdata)
    dp_l                                     0x08007948   Data          16  pow.o(.constdata)
    L                                        0x08007958   Data          48  pow.o(.constdata)
    P                                        0x08007988   Data          40  pow.o(.constdata)
    .constdata                               0x080079b0   Section        8  qnan.o(.constdata)
    .data                                    0x20000000   Section        3  gy30.o(.data)
    .data                                    0x20000004   Section       21  main.o(.data)
    cnt                                      0x20000008   Data           4  main.o(.data)
    .data                                    0x2000001c   Section        4  stm32l4xx_hal.o(.data)
    .data                                    0x20000020   Section        4  system_stm32l4xx.o(.data)
    .data                                    0x20000024   Section        8  gizwits_product.o(.data)
    timerMsCount                             0x20000028   Data           4  gizwits_product.o(.data)
    .data                                    0x2000002c   Section       16  gizwits_protocol.o(.data)
    protocolFlag                             0x2000002c   Data           1  gizwits_protocol.o(.data)
    lastData                                 0x2000002d   Data           1  gizwits_protocol.o(.data)
    debugCount                               0x2000002e   Data           1  gizwits_protocol.o(.data)
    protocolCount                            0x20000030   Data           2  gizwits_protocol.o(.data)
    lastStatus                               0x20000032   Data           2  gizwits_protocol.o(.data)
    lastReportTime                           0x20000034   Data           4  gizwits_protocol.o(.data)
    lastRepTime                              0x20000038   Data           4  gizwits_protocol.o(.data)
    .data                                    0x2000003c   Section       10  hal_key.o(.data)
    keyTotolNum                              0x2000003c   Data           1  hal_key.o(.data)
    keyCheck                                 0x2000003d   Data           1  hal_key.o(.data)
    keyState                                 0x2000003e   Data           1  hal_key.o(.data)
    key_total                                0x2000003f   Data           1  hal_key.o(.data)
    keyLongCheck                             0x20000042   Data           2  hal_key.o(.data)
    keyPrev                                  0x20000044   Data           2  hal_key.o(.data)
    .data                                    0x20000048   Section        4  stdout.o(.data)
    .data                                    0x2000004c   Section        4  errno.o(.data)
    _errno                                   0x2000004c   Data           4  errno.o(.data)
    .bss                                     0x20000050   Section       76  bmp180.o(.bss)
    .bss                                     0x2000009c   Section       82  main.o(.bss)
    .bss                                     0x200000f0   Section      176  adc.o(.bss)
    .bss                                     0x200001a0   Section      128  tim.o(.bss)
    .bss                                     0x20000220   Section      240  usart.o(.bss)
    .bss                                     0x20000310   Section       20  gizwits_product.o(.bss)
    .bss                                     0x20000324   Section      381  gizwits_protocol.o(.bss)
    rbBuf                                    0x20000467   Data          58  gizwits_protocol.o(.bss)
    STACK                                    0x200004a8   Section     1024  startup_stm32l476xx.o(STACK)

    Global Symbols

    Symbol Name                              Value     Ov Type        Size  Object(Section)

    BuildAttributes$$THM_ISAv4$E$P$D$K$B$S$7EM$VFPi3$EXTD16$VFPS$VFMA$PE$A:L22UL41UL21$X:L11$S22US41US21$IEEE1$IW$USESV6$~STKCKD$USESV7$~SHL$OTIME$ROPI$IEEEX$EBA8$MICROLIB$REQ8$PRES8$EABIv2 0x00000000   Number         0  anon$$obj.o ABSOLUTE
    __ARM_use_no_argv                        0x00000000   Number         0  main.o ABSOLUTE
    _printf_a                                0x00000000   Number         0  stubs.o ABSOLUTE
    _printf_c                                0x00000000   Number         0  stubs.o ABSOLUTE
    _printf_charcount                        0x00000000   Number         0  stubs.o ABSOLUTE
    _printf_d                                0x00000000   Number         0  stubs.o ABSOLUTE
    _printf_e                                0x00000000   Number         0  stubs.o ABSOLUTE
    _printf_f                                0x00000000   Number         0  stubs.o ABSOLUTE
    _printf_flags                            0x00000000   Number         0  stubs.o ABSOLUTE
    _printf_fp_dec                           0x00000000   Number         0  stubs.o ABSOLUTE
    _printf_fp_hex                           0x00000000   Number         0  stubs.o ABSOLUTE
    _printf_g                                0x00000000   Number         0  stubs.o ABSOLUTE
    _printf_i                                0x00000000   Number         0  stubs.o ABSOLUTE
    _printf_int_dec                          0x00000000   Number         0  stubs.o ABSOLUTE
    _printf_l                                0x00000000   Number         0  stubs.o ABSOLUTE
    _printf_lc                               0x00000000   Number         0  stubs.o ABSOLUTE
    _printf_ll                               0x00000000   Number         0  stubs.o ABSOLUTE
    _printf_lld                              0x00000000   Number         0  stubs.o ABSOLUTE
    _printf_lli                              0x00000000   Number         0  stubs.o ABSOLUTE
    _printf_llo                              0x00000000   Number         0  stubs.o ABSOLUTE
    _printf_llu                              0x00000000   Number         0  stubs.o ABSOLUTE
    _printf_llx                              0x00000000   Number         0  stubs.o ABSOLUTE
    _printf_longlong_dec                     0x00000000   Number         0  stubs.o ABSOLUTE
    _printf_longlong_hex                     0x00000000   Number         0  stubs.o ABSOLUTE
    _printf_longlong_oct                     0x00000000   Number         0  stubs.o ABSOLUTE
    _printf_ls                               0x00000000   Number         0  stubs.o ABSOLUTE
    _printf_mbtowc                           0x00000000   Number         0  stubs.o ABSOLUTE
    _printf_n                                0x00000000   Number         0  stubs.o ABSOLUTE
    _printf_o                                0x00000000   Number         0  stubs.o ABSOLUTE
    _printf_p                                0x00000000   Number         0  stubs.o ABSOLUTE
    _printf_percent                          0x00000000   Number         0  stubs.o ABSOLUTE
    _printf_pre_padding                      0x00000000   Number         0  stubs.o ABSOLUTE
    _printf_return_value                     0x00000000   Number         0  stubs.o ABSOLUTE
    _printf_s                                0x00000000   Number         0  stubs.o ABSOLUTE
    _printf_sizespec                         0x00000000   Number         0  stubs.o ABSOLUTE
    _printf_str                              0x00000000   Number         0  stubs.o ABSOLUTE
    _printf_truncate_signed                  0x00000000   Number         0  stubs.o ABSOLUTE
    _printf_truncate_unsigned                0x00000000   Number         0  stubs.o ABSOLUTE
    _printf_u                                0x00000000   Number         0  stubs.o ABSOLUTE
    _printf_wc                               0x00000000   Number         0  stubs.o ABSOLUTE
    _printf_wctomb                           0x00000000   Number         0  stubs.o ABSOLUTE
    _printf_widthprec                        0x00000000   Number         0  stubs.o ABSOLUTE
    _printf_x                                0x00000000   Number         0  stubs.o ABSOLUTE
    __cpp_initialize__aeabi_                  - Undefined Weak Reference
    __cxa_finalize                            - Undefined Weak Reference
    __decompress                              - Undefined Weak Reference
    _clock_init                               - Undefined Weak Reference
    _microlib_exit                            - Undefined Weak Reference
    __Vectors_Size                           0x00000188   Number         0  startup_stm32l476xx.o ABSOLUTE
    __Vectors                                0x08000000   Data           4  startup_stm32l476xx.o(RESET)
    __Vectors_End                            0x08000188   Data           0  startup_stm32l476xx.o(RESET)
    __main                                   0x08000189   Thumb Code     0  entry.o(.ARM.Collect$$$$00000000)
    _main_stk                                0x08000189   Thumb Code     0  entry2.o(.ARM.Collect$$$$00000001)
    _main_scatterload                        0x0800018d   Thumb Code     0  entry5.o(.ARM.Collect$$$$00000004)
    __main_after_scatterload                 0x08000191   Thumb Code     0  entry5.o(.ARM.Collect$$$$00000004)
    _main_clock                              0x08000191   Thumb Code     0  entry7b.o(.ARM.Collect$$$$00000008)
    _main_cpp_init                           0x08000191   Thumb Code     0  entry8b.o(.ARM.Collect$$$$0000000A)
    _main_init                               0x08000191   Thumb Code     0  entry9a.o(.ARM.Collect$$$$0000000B)
    __rt_final_cpp                           0x08000199   Thumb Code     0  entry10a.o(.ARM.Collect$$$$0000000D)
    __rt_final_exit                          0x08000199   Thumb Code     0  entry11a.o(.ARM.Collect$$$$0000000F)
    Reset_Handler                            0x0800019d   Thumb Code     8  startup_stm32l476xx.o(.text)
    ADC1_2_IRQHandler                        0x080001b7   Thumb Code     0  startup_stm32l476xx.o(.text)
    ADC3_IRQHandler                          0x080001b7   Thumb Code     0  startup_stm32l476xx.o(.text)
    CAN1_RX0_IRQHandler                      0x080001b7   Thumb Code     0  startup_stm32l476xx.o(.text)
    CAN1_RX1_IRQHandler                      0x080001b7   Thumb Code     0  startup_stm32l476xx.o(.text)
    CAN1_SCE_IRQHandler                      0x080001b7   Thumb Code     0  startup_stm32l476xx.o(.text)
    CAN1_TX_IRQHandler                       0x080001b7   Thumb Code     0  startup_stm32l476xx.o(.text)
    COMP_IRQHandler                          0x080001b7   Thumb Code     0  startup_stm32l476xx.o(.text)
    DFSDM1_FLT0_IRQHandler                   0x080001b7   Thumb Code     0  startup_stm32l476xx.o(.text)
    DFSDM1_FLT1_IRQHandler                   0x080001b7   Thumb Code     0  startup_stm32l476xx.o(.text)
    DFSDM1_FLT2_IRQHandler                   0x080001b7   Thumb Code     0  startup_stm32l476xx.o(.text)
    DFSDM1_FLT3_IRQHandler                   0x080001b7   Thumb Code     0  startup_stm32l476xx.o(.text)
    DMA1_Channel2_IRQHandler                 0x080001b7   Thumb Code     0  startup_stm32l476xx.o(.text)
    DMA1_Channel3_IRQHandler                 0x080001b7   Thumb Code     0  startup_stm32l476xx.o(.text)
    DMA1_Channel4_IRQHandler                 0x080001b7   Thumb Code     0  startup_stm32l476xx.o(.text)
    DMA1_Channel5_IRQHandler                 0x080001b7   Thumb Code     0  startup_stm32l476xx.o(.text)
    DMA1_Channel6_IRQHandler                 0x080001b7   Thumb Code     0  startup_stm32l476xx.o(.text)
    DMA1_Channel7_IRQHandler                 0x080001b7   Thumb Code     0  startup_stm32l476xx.o(.text)
    DMA2_Channel1_IRQHandler                 0x080001b7   Thumb Code     0  startup_stm32l476xx.o(.text)
    DMA2_Channel2_IRQHandler                 0x080001b7   Thumb Code     0  startup_stm32l476xx.o(.text)
    DMA2_Channel3_IRQHandler                 0x080001b7   Thumb Code     0  startup_stm32l476xx.o(.text)
    DMA2_Channel4_IRQHandler                 0x080001b7   Thumb Code     0  startup_stm32l476xx.o(.text)
    DMA2_Channel5_IRQHandler                 0x080001b7   Thumb Code     0  startup_stm32l476xx.o(.text)
    DMA2_Channel6_IRQHandler                 0x080001b7   Thumb Code     0  startup_stm32l476xx.o(.text)
    DMA2_Channel7_IRQHandler                 0x080001b7   Thumb Code     0  startup_stm32l476xx.o(.text)
    EXTI0_IRQHandler                         0x080001b7   Thumb Code     0  startup_stm32l476xx.o(.text)
    EXTI15_10_IRQHandler                     0x080001b7   Thumb Code     0  startup_stm32l476xx.o(.text)
    EXTI1_IRQHandler                         0x080001b7   Thumb Code     0  startup_stm32l476xx.o(.text)
    EXTI2_IRQHandler                         0x080001b7   Thumb Code     0  startup_stm32l476xx.o(.text)
    EXTI3_IRQHandler                         0x080001b7   Thumb Code     0  startup_stm32l476xx.o(.text)
    EXTI4_IRQHandler                         0x080001b7   Thumb Code     0  startup_stm32l476xx.o(.text)
    EXTI9_5_IRQHandler                       0x080001b7   Thumb Code     0  startup_stm32l476xx.o(.text)
    FLASH_IRQHandler                         0x080001b7   Thumb Code     0  startup_stm32l476xx.o(.text)
    FMC_IRQHandler                           0x080001b7   Thumb Code     0  startup_stm32l476xx.o(.text)
    FPU_IRQHandler                           0x080001b7   Thumb Code     0  startup_stm32l476xx.o(.text)
    I2C1_ER_IRQHandler                       0x080001b7   Thumb Code     0  startup_stm32l476xx.o(.text)
    I2C1_EV_IRQHandler                       0x080001b7   Thumb Code     0  startup_stm32l476xx.o(.text)
    I2C2_ER_IRQHandler                       0x080001b7   Thumb Code     0  startup_stm32l476xx.o(.text)
    I2C2_EV_IRQHandler                       0x080001b7   Thumb Code     0  startup_stm32l476xx.o(.text)
    I2C3_ER_IRQHandler                       0x080001b7   Thumb Code     0  startup_stm32l476xx.o(.text)
    I2C3_EV_IRQHandler                       0x080001b7   Thumb Code     0  startup_stm32l476xx.o(.text)
    LCD_IRQHandler                           0x080001b7   Thumb Code     0  startup_stm32l476xx.o(.text)
    LPTIM1_IRQHandler                        0x080001b7   Thumb Code     0  startup_stm32l476xx.o(.text)
    LPTIM2_IRQHandler                        0x080001b7   Thumb Code     0  startup_stm32l476xx.o(.text)
    LPUART1_IRQHandler                       0x080001b7   Thumb Code     0  startup_stm32l476xx.o(.text)
    OTG_FS_IRQHandler                        0x080001b7   Thumb Code     0  startup_stm32l476xx.o(.text)
    PVD_PVM_IRQHandler                       0x080001b7   Thumb Code     0  startup_stm32l476xx.o(.text)
    QUADSPI_IRQHandler                       0x080001b7   Thumb Code     0  startup_stm32l476xx.o(.text)
    RCC_IRQHandler                           0x080001b7   Thumb Code     0  startup_stm32l476xx.o(.text)
    RNG_IRQHandler                           0x080001b7   Thumb Code     0  startup_stm32l476xx.o(.text)
    RTC_Alarm_IRQHandler                     0x080001b7   Thumb Code     0  startup_stm32l476xx.o(.text)
    RTC_WKUP_IRQHandler                      0x080001b7   Thumb Code     0  startup_stm32l476xx.o(.text)
    SAI1_IRQHandler                          0x080001b7   Thumb Code     0  startup_stm32l476xx.o(.text)
    SAI2_IRQHandler                          0x080001b7   Thumb Code     0  startup_stm32l476xx.o(.text)
    SDMMC1_IRQHandler                        0x080001b7   Thumb Code     0  startup_stm32l476xx.o(.text)
    SPI1_IRQHandler                          0x080001b7   Thumb Code     0  startup_stm32l476xx.o(.text)
    SPI2_IRQHandler                          0x080001b7   Thumb Code     0  startup_stm32l476xx.o(.text)
    SPI3_IRQHandler                          0x080001b7   Thumb Code     0  startup_stm32l476xx.o(.text)
    SWPMI1_IRQHandler                        0x080001b7   Thumb Code     0  startup_stm32l476xx.o(.text)
    TAMP_STAMP_IRQHandler                    0x080001b7   Thumb Code     0  startup_stm32l476xx.o(.text)
    TIM1_BRK_TIM15_IRQHandler                0x080001b7   Thumb Code     0  startup_stm32l476xx.o(.text)
    TIM1_CC_IRQHandler                       0x080001b7   Thumb Code     0  startup_stm32l476xx.o(.text)
    TIM1_TRG_COM_TIM17_IRQHandler            0x080001b7   Thumb Code     0  startup_stm32l476xx.o(.text)
    TIM1_UP_TIM16_IRQHandler                 0x080001b7   Thumb Code     0  startup_stm32l476xx.o(.text)
    TIM3_IRQHandler                          0x080001b7   Thumb Code     0  startup_stm32l476xx.o(.text)
    TIM4_IRQHandler                          0x080001b7   Thumb Code     0  startup_stm32l476xx.o(.text)
    TIM5_IRQHandler                          0x080001b7   Thumb Code     0  startup_stm32l476xx.o(.text)
    TIM6_DAC_IRQHandler                      0x080001b7   Thumb Code     0  startup_stm32l476xx.o(.text)
    TIM7_IRQHandler                          0x080001b7   Thumb Code     0  startup_stm32l476xx.o(.text)
    TIM8_BRK_IRQHandler                      0x080001b7   Thumb Code     0  startup_stm32l476xx.o(.text)
    TIM8_CC_IRQHandler                       0x080001b7   Thumb Code     0  startup_stm32l476xx.o(.text)
    TIM8_TRG_COM_IRQHandler                  0x080001b7   Thumb Code     0  startup_stm32l476xx.o(.text)
    TIM8_UP_IRQHandler                       0x080001b7   Thumb Code     0  startup_stm32l476xx.o(.text)
    TSC_IRQHandler                           0x080001b7   Thumb Code     0  startup_stm32l476xx.o(.text)
    UART4_IRQHandler                         0x080001b7   Thumb Code     0  startup_stm32l476xx.o(.text)
    UART5_IRQHandler                         0x080001b7   Thumb Code     0  startup_stm32l476xx.o(.text)
    USART2_IRQHandler                        0x080001b7   Thumb Code     0  startup_stm32l476xx.o(.text)
    USART3_IRQHandler                        0x080001b7   Thumb Code     0  startup_stm32l476xx.o(.text)
    WWDG_IRQHandler                          0x080001b7   Thumb Code     0  startup_stm32l476xx.o(.text)
    __aeabi_uldivmod                         0x080001c1   Thumb Code    98  uldiv.o(.text)
    __aeabi_memcpy                           0x08000229   Thumb Code    36  memcpya.o(.text)
    __aeabi_memcpy4                          0x08000229   Thumb Code     0  memcpya.o(.text)
    __aeabi_memcpy8                          0x08000229   Thumb Code     0  memcpya.o(.text)
    __aeabi_memset                           0x0800024d   Thumb Code    14  memseta.o(.text)
    __aeabi_memset4                          0x0800024d   Thumb Code     0  memseta.o(.text)
    __aeabi_memset8                          0x0800024d   Thumb Code     0  memseta.o(.text)
    __aeabi_memclr                           0x0800025b   Thumb Code     4  memseta.o(.text)
    __aeabi_memclr4                          0x0800025b   Thumb Code     0  memseta.o(.text)
    __aeabi_memclr8                          0x0800025b   Thumb Code     0  memseta.o(.text)
    _memset$wrapper                          0x0800025f   Thumb Code    18  memseta.o(.text)
    __aeabi_dadd                             0x08000271   Thumb Code   322  dadd.o(.text)
    __aeabi_dsub                             0x080003b3   Thumb Code     6  dadd.o(.text)
    __aeabi_drsub                            0x080003b9   Thumb Code     6  dadd.o(.text)
    __aeabi_dmul                             0x080003cf   Thumb Code   228  dmul.o(.text)
    __aeabi_ddiv                             0x080004b9   Thumb Code   222  ddiv.o(.text)
    __aeabi_i2d                              0x08000597   Thumb Code    34  dflti.o(.text)
    __aeabi_f2d                              0x080005b9   Thumb Code    38  f2d.o(.text)
    __aeabi_d2f                              0x080005df   Thumb Code    56  d2f.o(.text)
    __aeabi_llsl                             0x08000617   Thumb Code    30  llshl.o(.text)
    _ll_shift_l                              0x08000617   Thumb Code     0  llshl.o(.text)
    __aeabi_llsr                             0x08000635   Thumb Code    32  llushr.o(.text)
    _ll_ushift_r                             0x08000635   Thumb Code     0  llushr.o(.text)
    __aeabi_lasr                             0x08000655   Thumb Code    36  llsshr.o(.text)
    _ll_sshift_r                             0x08000655   Thumb Code     0  llsshr.o(.text)
    __I$use$fp                               0x08000679   Thumb Code     0  iusefp.o(.text)
    _float_round                             0x08000679   Thumb Code    18  fepilogue.o(.text)
    _float_epilogue                          0x0800068b   Thumb Code    92  fepilogue.o(.text)
    _double_round                            0x080006e7   Thumb Code    30  depilogue.o(.text)
    _double_epilogue                         0x08000705   Thumb Code   156  depilogue.o(.text)
    __ARM_scalbn                             0x080007a1   Thumb Code    46  dscalb.o(.text)
    scalbn                                   0x080007a1   Thumb Code     0  dscalb.o(.text)
    __aeabi_cdrcmple                         0x080007d1   Thumb Code    48  cdrcmple.o(.text)
    __scatterload                            0x08000801   Thumb Code    28  init.o(.text)
    __scatterload_rt2                        0x08000801   Thumb Code     0  init.o(.text)
    _dsqrt                                   0x08000825   Thumb Code   162  dsqrt.o(.text)
    ADC_DMAConvCplt                          0x080008c7   Thumb Code   104  stm32l4xx_hal_adc.o(i.ADC_DMAConvCplt)
    ADC_DMAError                             0x0800092f   Thumb Code    26  stm32l4xx_hal_adc.o(i.ADC_DMAError)
    ADC_DMAHalfConvCplt                      0x08000949   Thumb Code    10  stm32l4xx_hal_adc.o(i.ADC_DMAHalfConvCplt)
    ADC_Enable                               0x08000955   Thumb Code   138  stm32l4xx_hal_adc.o(i.ADC_Enable)
    BMP_Init                                 0x080009ed   Thumb Code     4  bmp180.o(i.BMP_Init)
    BMP_ReadCalibrationData                  0x080009f1   Thumb Code    94  bmp180.o(i.BMP_ReadCalibrationData)
    BMP_ReadTwoByte                          0x08000a55   Thumb Code    70  bmp180.o(i.BMP_ReadTwoByte)
    BMP_Read_UP                              0x08000a9b   Thumb Code    26  bmp180.o(i.BMP_Read_UP)
    BMP_Read_UT                              0x08000ab5   Thumb Code    26  bmp180.o(i.BMP_Read_UT)
    BMP_UncompemstatedToTrue                 0x08000ad1   Thumb Code   282  bmp180.o(i.BMP_UncompemstatedToTrue)
    BMP_WriteOneByte                         0x08000c15   Thumb Code    48  bmp180.o(i.BMP_WriteOneByte)
    BusFault_Handler                         0x08000c45   Thumb Code     2  stm32l4xx_it.o(i.BusFault_Handler)
    DHT11_Init                               0x08000c49   Thumb Code    46  dht11.o(i.DHT11_Init)
    DHT11_Read_TempAndHumidity               0x08000d0d   Thumb Code   242  dht11.o(i.DHT11_Read_TempAndHumidity)
    DMA1_Channel1_IRQHandler                 0x08000e09   Thumb Code     6  stm32l4xx_it.o(i.DMA1_Channel1_IRQHandler)
    DebugMon_Handler                         0x08000e3f   Thumb Code     2  stm32l4xx_it.o(i.DebugMon_Handler)
    GPIO_SDA_IN                              0x08000e41   Thumb Code    34  i2c.o(i.GPIO_SDA_IN)
    GPIO_SDA_IN_2                            0x08000e69   Thumb Code    36  i2c_2.o(i.GPIO_SDA_IN_2)
    GY30_GetLight                            0x08000e91   Thumb Code   110  gy30.o(i.GY30_GetLight)
    GY30_Int                                 0x08000f0d   Thumb Code    16  gy30.o(i.GY30_Int)
    GY30_Read3Bytes                          0x08000f1d   Thumb Code    68  gy30.o(i.GY30_Read3Bytes)
    GY30_WriteByte                           0x08000f65   Thumb Code    36  gy30.o(i.GY30_WriteByte)
    HAL_ADCEx_MultiModeConfigChannel         0x08000f89   Thumb Code   224  stm32l4xx_hal_adc_ex.o(i.HAL_ADCEx_MultiModeConfigChannel)
    HAL_ADC_ConfigChannel                    0x08001075   Thumb Code  1142  stm32l4xx_hal_adc.o(i.HAL_ADC_ConfigChannel)
    HAL_ADC_ConvCpltCallback                 0x0800151d   Thumb Code     2  stm32l4xx_hal_adc.o(i.HAL_ADC_ConvCpltCallback)
    HAL_ADC_ConvHalfCpltCallback             0x0800151f   Thumb Code     2  stm32l4xx_hal_adc.o(i.HAL_ADC_ConvHalfCpltCallback)
    HAL_ADC_ErrorCallback                    0x08001521   Thumb Code     2  stm32l4xx_hal_adc.o(i.HAL_ADC_ErrorCallback)
    HAL_ADC_Init                             0x08001525   Thumb Code   496  stm32l4xx_hal_adc.o(i.HAL_ADC_Init)
    HAL_ADC_MspInit                          0x08001739   Thumb Code   122  adc.o(i.HAL_ADC_MspInit)
    HAL_ADC_Start_DMA                        0x080017d9   Thumb Code   248  stm32l4xx_hal_adc.o(i.HAL_ADC_Start_DMA)
    HAL_DMA_Abort_IT                         0x080018ed   Thumb Code    74  stm32l4xx_hal_dma.o(i.HAL_DMA_Abort_IT)
    HAL_DMA_IRQHandler                       0x08001937   Thumb Code   170  stm32l4xx_hal_dma.o(i.HAL_DMA_IRQHandler)
    HAL_DMA_Init                             0x080019e1   Thumb Code   202  stm32l4xx_hal_dma.o(i.HAL_DMA_Init)
    HAL_DMA_Start_IT                         0x08001ab9   Thumb Code   112  stm32l4xx_hal_dma.o(i.HAL_DMA_Start_IT)
    HAL_GPIO_Init                            0x08001b29   Thumb Code   424  stm32l4xx_hal_gpio.o(i.HAL_GPIO_Init)
    HAL_GPIO_ReadPin                         0x08001cfb   Thumb Code    10  stm32l4xx_hal_gpio.o(i.HAL_GPIO_ReadPin)
    HAL_GPIO_WritePin                        0x08001d05   Thumb Code    10  stm32l4xx_hal_gpio.o(i.HAL_GPIO_WritePin)
    HAL_GetTick                              0x08001d11   Thumb Code     6  stm32l4xx_hal.o(i.HAL_GetTick)
    HAL_IncTick                              0x08001d1d   Thumb Code    10  stm32l4xx_hal.o(i.HAL_IncTick)
    HAL_Init                                 0x08001d2d   Thumb Code    32  stm32l4xx_hal.o(i.HAL_Init)
    HAL_InitTick                             0x08001d51   Thumb Code    34  stm32l4xx_hal.o(i.HAL_InitTick)
    HAL_MspInit                              0x08001d79   Thumb Code   122  stm32l4xx_hal_msp.o(i.HAL_MspInit)
    HAL_NVIC_EnableIRQ                       0x08001df9   Thumb Code    22  stm32l4xx_hal_cortex.o(i.HAL_NVIC_EnableIRQ)
    HAL_NVIC_SetPriority                     0x08001e11   Thumb Code    60  stm32l4xx_hal_cortex.o(i.HAL_NVIC_SetPriority)
    HAL_NVIC_SetPriorityGrouping             0x08001e51   Thumb Code    26  stm32l4xx_hal_cortex.o(i.HAL_NVIC_SetPriorityGrouping)
    HAL_NVIC_SystemReset                     0x08001e75   Thumb Code    26  stm32l4xx_hal_cortex.o(i.HAL_NVIC_SystemReset)
    HAL_PWREx_ControlVoltageScaling          0x08001e99   Thumb Code    86  stm32l4xx_hal_pwr_ex.o(i.HAL_PWREx_ControlVoltageScaling)
    HAL_PWREx_GetVoltageRange                0x08001efd   Thumb Code    10  stm32l4xx_hal_pwr_ex.o(i.HAL_PWREx_GetVoltageRange)
    HAL_RCCEx_PeriphCLKConfig                0x08001f0d   Thumb Code   924  stm32l4xx_hal_rcc_ex.o(i.HAL_RCCEx_PeriphCLKConfig)
    HAL_RCC_ClockConfig                      0x080022b9   Thumb Code   352  stm32l4xx_hal_rcc.o(i.HAL_RCC_ClockConfig)
    HAL_RCC_GetHCLKFreq                      0x08002429   Thumb Code     6  stm32l4xx_hal_rcc.o(i.HAL_RCC_GetHCLKFreq)
    HAL_RCC_GetPCLK1Freq                     0x08002435   Thumb Code    20  stm32l4xx_hal_rcc.o(i.HAL_RCC_GetPCLK1Freq)
    HAL_RCC_GetPCLK2Freq                     0x08002455   Thumb Code    20  stm32l4xx_hal_rcc.o(i.HAL_RCC_GetPCLK2Freq)
    HAL_RCC_GetSysClockFreq                  0x08002475   Thumb Code   182  stm32l4xx_hal_rcc.o(i.HAL_RCC_GetSysClockFreq)
    HAL_RCC_OscConfig                        0x08002539   Thumb Code  1114  stm32l4xx_hal_rcc.o(i.HAL_RCC_OscConfig)
    HAL_SYSTICK_CLKSourceConfig              0x08002993   Thumb Code    24  stm32l4xx_hal_cortex.o(i.HAL_SYSTICK_CLKSourceConfig)
    HAL_SYSTICK_Callback                     0x080029ab   Thumb Code     2  stm32l4xx_hal_cortex.o(i.HAL_SYSTICK_Callback)
    HAL_SYSTICK_Config                       0x080029ad   Thumb Code    40  stm32l4xx_hal_cortex.o(i.HAL_SYSTICK_Config)
    HAL_SYSTICK_IRQHandler                   0x080029d5   Thumb Code     8  stm32l4xx_hal_cortex.o(i.HAL_SYSTICK_IRQHandler)
    HAL_TIMEx_BreakCallback                  0x080029dd   Thumb Code     2  stm32l4xx_hal_tim_ex.o(i.HAL_TIMEx_BreakCallback)
    HAL_TIMEx_CommutationCallback            0x080029df   Thumb Code     2  stm32l4xx_hal_tim_ex.o(i.HAL_TIMEx_CommutationCallback)
    HAL_TIMEx_MasterConfigSynchronization    0x080029e1   Thumb Code    78  stm32l4xx_hal_tim_ex.o(i.HAL_TIMEx_MasterConfigSynchronization)
    HAL_TIM_Base_Init                        0x08002a39   Thumb Code    54  stm32l4xx_hal_tim.o(i.HAL_TIM_Base_Init)
    HAL_TIM_Base_MspInit                     0x08002a71   Thumb Code    72  tim.o(i.HAL_TIM_Base_MspInit)
    HAL_TIM_Base_Start_IT                    0x08002ac1   Thumb Code    24  stm32l4xx_hal_tim.o(i.HAL_TIM_Base_Start_IT)
    HAL_TIM_ConfigClockSource                0x08002ad9   Thumb Code   244  stm32l4xx_hal_tim.o(i.HAL_TIM_ConfigClockSource)
    HAL_TIM_IC_CaptureCallback               0x08002bd1   Thumb Code     2  stm32l4xx_hal_tim.o(i.HAL_TIM_IC_CaptureCallback)
    HAL_TIM_IRQHandler                       0x08002bd3   Thumb Code   358  stm32l4xx_hal_tim.o(i.HAL_TIM_IRQHandler)
    HAL_TIM_OC_DelayElapsedCallback          0x08002d39   Thumb Code     2  stm32l4xx_hal_tim.o(i.HAL_TIM_OC_DelayElapsedCallback)
    HAL_TIM_PWM_PulseFinishedCallback        0x08002d3b   Thumb Code     2  stm32l4xx_hal_tim.o(i.HAL_TIM_PWM_PulseFinishedCallback)
    HAL_TIM_PeriodElapsedCallback            0x08002d3d   Thumb Code    24  gizwits_product.o(i.HAL_TIM_PeriodElapsedCallback)
    HAL_TIM_TriggerCallback                  0x08002d5d   Thumb Code     2  stm32l4xx_hal_tim.o(i.HAL_TIM_TriggerCallback)
    HAL_UARTEx_WakeupCallback                0x08002d5f   Thumb Code     2  stm32l4xx_hal_uart_ex.o(i.HAL_UARTEx_WakeupCallback)
    HAL_UART_ErrorCallback                   0x08002d61   Thumb Code     2  stm32l4xx_hal_uart.o(i.HAL_UART_ErrorCallback)
    HAL_UART_IRQHandler                      0x08002d65   Thumb Code   328  stm32l4xx_hal_uart.o(i.HAL_UART_IRQHandler)
    HAL_UART_Init                            0x08002eb1   Thumb Code   106  stm32l4xx_hal_uart.o(i.HAL_UART_Init)
    HAL_UART_MspInit                         0x08002f1d   Thumb Code   110  usart.o(i.HAL_UART_MspInit)
    HAL_UART_Receive_IT                      0x08002f99   Thumb Code   164  stm32l4xx_hal_uart.o(i.HAL_UART_Receive_IT)
    HAL_UART_RxCpltCallback                  0x08003045   Thumb Code    34  gizwits_product.o(i.HAL_UART_RxCpltCallback)
    HAL_UART_Transmit                        0x08003075   Thumb Code   176  stm32l4xx_hal_uart.o(i.HAL_UART_Transmit)
    HAL_UART_Transmit_IT                     0x08003125   Thumb Code    96  stm32l4xx_hal_uart.o(i.HAL_UART_Transmit_IT)
    HAL_UART_TxCpltCallback                  0x0800318d   Thumb Code     2  stm32l4xx_hal_uart.o(i.HAL_UART_TxCpltCallback)
    HardFault_Handler                        0x0800318f   Thumb Code     2  stm32l4xx_it.o(i.HardFault_Handler)
    IIC_Ack                                  0x08003191   Thumb Code    70  i2c.o(i.IIC_Ack)
    IIC_Ack_2                                0x080031dd   Thumb Code    76  i2c_2.o(i.IIC_Ack_2)
    IIC_Init                                 0x0800322d   Thumb Code    60  i2c.o(i.IIC_Init)
    IIC_Init_2                               0x0800326d   Thumb Code    68  i2c_2.o(i.IIC_Init_2)
    IIC_NAck                                 0x080032b5   Thumb Code    70  i2c.o(i.IIC_NAck)
    IIC_NAck_2                               0x08003301   Thumb Code    76  i2c_2.o(i.IIC_NAck_2)
    IIC_Read_Byte                            0x08003351   Thumb Code    98  i2c.o(i.IIC_Read_Byte)
    IIC_Read_Byte_2                          0x080033b9   Thumb Code   110  i2c_2.o(i.IIC_Read_Byte_2)
    IIC_Send_Byte                            0x0800342d   Thumb Code    98  i2c.o(i.IIC_Send_Byte)
    IIC_Send_Byte_2                          0x08003495   Thumb Code   112  i2c_2.o(i.IIC_Send_Byte_2)
    IIC_Start                                0x08003509   Thumb Code    70  i2c.o(i.IIC_Start)
    IIC_Start_2                              0x08003555   Thumb Code    74  i2c_2.o(i.IIC_Start_2)
    IIC_Stop                                 0x080035a5   Thumb Code    70  i2c.o(i.IIC_Stop)
    IIC_Stop_2                               0x080035f1   Thumb Code    74  i2c_2.o(i.IIC_Stop_2)
    IIC_Wait_Ack                             0x08003641   Thumb Code    96  i2c.o(i.IIC_Wait_Ack)
    IIC_Wait_Ack_2                           0x080036a5   Thumb Code   104  i2c_2.o(i.IIC_Wait_Ack_2)
    LL_GPIO_Init                             0x080037cd   Thumb Code   282  stm32l4xx_ll_gpio.o(i.LL_GPIO_Init)
    MX_ADC1_Init                             0x08003935   Thumb Code   192  adc.o(i.MX_ADC1_Init)
    MX_DMA_Init                              0x08003a1d   Thumb Code    40  dma.o(i.MX_DMA_Init)
    MX_GPIO_Init                             0x08003a49   Thumb Code   124  gpio.o(i.MX_GPIO_Init)
    MX_TIM1_Init                             0x08003acd   Thumb Code    92  tim.o(i.MX_TIM1_Init)
    MX_TIM2_Init                             0x08003b41   Thumb Code    96  tim.o(i.MX_TIM2_Init)
    MX_USART1_UART_Init                      0x08003bb5   Thumb Code    56  usart.o(i.MX_USART1_UART_Init)
    MX_USART2_UART_Init                      0x08003c05   Thumb Code    56  usart.o(i.MX_USART2_UART_Init)
    MemManage_Handler                        0x08003c55   Thumb Code     2  stm32l4xx_it.o(i.MemManage_Handler)
    NMI_Handler                              0x08003c57   Thumb Code     2  stm32l4xx_it.o(i.NMI_Handler)
    PendSV_Handler                           0x08003c79   Thumb Code     2  stm32l4xx_it.o(i.PendSV_Handler)
    SVC_Handler                              0x08003f31   Thumb Code     2  stm32l4xx_it.o(i.SVC_Handler)
    SysTick_Handler                          0x08003f33   Thumb Code    14  stm32l4xx_it.o(i.SysTick_Handler)
    SystemClock_Config                       0x08003f41   Thumb Code   178  main.o(i.SystemClock_Config)
    SystemInit                               0x08003ff5   Thumb Code    56  system_stm32l4xx.o(i.SystemInit)
    TIM2_IRQHandler                          0x08004039   Thumb Code     6  stm32l4xx_it.o(i.TIM2_IRQHandler)
    TIM_Base_SetConfig                       0x08004045   Thumb Code   160  stm32l4xx_hal_tim.o(i.TIM_Base_SetConfig)
    TIM_ETR_SetConfig                        0x08004105   Thumb Code    20  stm32l4xx_hal_tim.o(i.TIM_ETR_SetConfig)
    UART_AdvFeatureConfig                    0x0800416f   Thumb Code   200  stm32l4xx_hal_uart.o(i.UART_AdvFeatureConfig)
    UART_CheckIdleState                      0x08004237   Thumb Code    92  stm32l4xx_hal_uart.o(i.UART_CheckIdleState)
    UART_SetConfig                           0x0800437d   Thumb Code   652  stm32l4xx_hal_uart.o(i.UART_SetConfig)
    UART_WaitOnFlagUntilTimeout              0x080046b7   Thumb Code    98  stm32l4xx_hal_uart.o(i.UART_WaitOnFlagUntilTimeout)
    USART1_IRQHandler                        0x08004719   Thumb Code     6  stm32l4xx_it.o(i.USART1_IRQHandler)
    UsageFault_Handler                       0x08004725   Thumb Code     2  stm32l4xx_it.o(i.UsageFault_Handler)
    _Error_Handler                           0x08004727   Thumb Code     2  main.o(i._Error_Handler)
    __0printf$8                              0x08004729   Thumb Code    22  printf8.o(i.__0printf$8)
    __1printf$8                              0x08004729   Thumb Code     0  printf8.o(i.__0printf$8)
    __2printf                                0x08004729   Thumb Code     0  printf8.o(i.__0printf$8)
    __ARM_fpclassify                         0x08004749   Thumb Code    48  fpclassify.o(i.__ARM_fpclassify)
    __hardfp_pow                             0x08004779   Thumb Code  3072  pow.o(i.__hardfp_pow)
    __kernel_poly                            0x080053f9   Thumb Code   248  poly.o(i.__kernel_poly)
    __mathlib_dbl_divzero                    0x080054f1   Thumb Code    28  dunder.o(i.__mathlib_dbl_divzero)
    __mathlib_dbl_infnan2                    0x08005521   Thumb Code    20  dunder.o(i.__mathlib_dbl_infnan2)
    __mathlib_dbl_invalid                    0x08005539   Thumb Code    24  dunder.o(i.__mathlib_dbl_invalid)
    __mathlib_dbl_overflow                   0x08005559   Thumb Code    24  dunder.o(i.__mathlib_dbl_overflow)
    __mathlib_dbl_underflow                  0x08005579   Thumb Code    24  dunder.o(i.__mathlib_dbl_underflow)
    __scatterload_copy                       0x08005599   Thumb Code    14  handlers.o(i.__scatterload_copy)
    __scatterload_null                       0x080055a7   Thumb Code     2  handlers.o(i.__scatterload_null)
    __scatterload_zeroinit                   0x080055a9   Thumb Code    14  handlers.o(i.__scatterload_zeroinit)
    __set_errno                              0x080055b9   Thumb Code     6  errno.o(i.__set_errno)
    exchangeBytes                            0x08005a2d   Thumb Code    32  common.o(i.exchangeBytes)
    exchangeWord                             0x08005a4d   Thumb Code     4  common.o(i.exchangeWord)
    fabs                                     0x08005a51   Thumb Code    24  fabs.o(i.fabs)
    fputc                                    0x08005a69   Thumb Code    20  main.o(i.fputc)
    getKey                                   0x08005a81   Thumb Code    86  hal_key.o(i.getKey)
    gizGetTimerCount                         0x08005db9   Thumb Code     6  gizwits_product.o(i.gizGetTimerCount)
    gizProtocolSum                           0x0800697d   Thumb Code    36  common.o(i.gizProtocolSum)
    gizPutData                               0x08006a45   Thumb Code    38  gizwits_protocol.o(i.gizPutData)
    gizTimerMs                               0x08006b75   Thumb Code    10  gizwits_product.o(i.gizTimerMs)
    gizY2X                                   0x08006b85   Thumb Code     8  datapointtools.o(i.gizY2X)
    gizwitsEventProcess                      0x08006b8d   Thumb Code   128  gizwits_product.o(i.gizwitsEventProcess)
    gizwitsHandle                            0x08006c91   Thumb Code   554  gizwits_protocol.o(i.gizwitsHandle)
    gizwitsInit                              0x08006fd9   Thumb Code    44  gizwits_protocol.o(i.gizwitsInit)
    gizwitsSetMode                           0x08007035   Thumb Code   220  gizwits_protocol.o(i.gizwitsSetMode)
    key1LongPress                            0x08007149   Thumb Code    18  main.o(i.key1LongPress)
    key1ShortPress                           0x0800717d   Thumb Code    18  main.o(i.key1ShortPress)
    key2LongPress                            0x080071b1   Thumb Code    18  main.o(i.key2LongPress)
    key2ShortPress                           0x080071e5   Thumb Code    18  main.o(i.key2ShortPress)
    keyHandle                                0x08007215   Thumb Code   122  hal_key.o(i.keyHandle)
    keyInit                                  0x08007291   Thumb Code    90  main.o(i.keyInit)
    keyInitOne                               0x0800730d   Thumb Code    58  hal_key.o(i.keyInitOne)
    keyParaInit                              0x0800734d   Thumb Code    20  hal_key.o(i.keyParaInit)
    main                                     0x08007365   Thumb Code   332  main.o(i.main)
    mcuRestart                               0x080074d5   Thumb Code    10  gizwits_product.o(i.mcuRestart)
    myDelay                                  0x080074df   Thumb Code    24  delay.o(i.myDelay)
    rbCanRead                                0x080074f7   Thumb Code    50  ringbuffer.o(i.rbCanRead)
    rbCanWrite                               0x08007529   Thumb Code    28  ringbuffer.o(i.rbCanWrite)
    rbCapacity                               0x08007545   Thumb Code    12  ringbuffer.o(i.rbCapacity)
    rbCreate                                 0x08007551   Thumb Code    18  ringbuffer.o(i.rbCreate)
    rbRead                                   0x08007563   Thumb Code   126  ringbuffer.o(i.rbRead)
    rbWrite                                  0x080075e1   Thumb Code   142  ringbuffer.o(i.rbWrite)
    readKeyValue                             0x08007671   Thumb Code   130  hal_key.o(i.readKeyValue)
    sqrt                                     0x080076f9   Thumb Code   110  sqrt.o(i.sqrt)
    timerInit                                0x08007769   Thumb Code     6  gizwits_product.o(i.timerInit)
    uartInit                                 0x08007775   Thumb Code    10  gizwits_product.o(i.uartInit)
    uartWrite                                0x08007789   Thumb Code   138  gizwits_product.o(i.uartWrite)
    us_Dealy                                 0x08007841   Thumb Code    18  delay.o(i.us_Dealy)
    userHandle                               0x08007855   Thumb Code    88  main.o(i.userHandle)
    userInit                                 0x080078bd   Thumb Code    26  gizwits_product.o(i.userInit)
    AHBPrescTable                            0x080078dc   Data          16  system_stm32l4xx.o(.constdata)
    MSIRangeTable                            0x080078ec   Data          48  system_stm32l4xx.o(.constdata)
    APBPrescTable                            0x0800791c   Data           8  system_stm32l4xx.o(.constdata)
    __mathlib_zero                           0x080079b0   Data           8  qnan.o(.constdata)
    Region$$Table$$Base                      0x080079b8   Number         0  anon$$obj.o(Region$$Table)
    Region$$Table$$Limit                     0x080079d8   Number         0  anon$$obj.o(Region$$Table)
    Buf                                      0x20000000   Data           3  gy30.o(.data)
    UV_index                                 0x20000004   Data           1  main.o(.data)
    GY_30_value                              0x2000000c   Data           4  main.o(.data)
    ADC_UV                                   0x20000010   Data           4  main.o(.data)
    keys                                     0x20000014   Data           5  main.o(.data)
    uwTick                                   0x2000001c   Data           4  stm32l4xx_hal.o(.data)
    SystemCoreClock                          0x20000020   Data           4  system_stm32l4xx.o(.data)
    aRxBuffer                                0x20000024   Data           1  gizwits_product.o(.data)
    keyCountTime                             0x20000040   Data           1  hal_key.o(.data)
    __stdout                                 0x20000048   Data           4  stdout.o(.data)
    bmp180                                   0x20000050   Data          76  bmp180.o(.bss)
    dht11                                    0x2000009c   Data          16  main.o(.bss)
    ADC_Value                                0x200000ac   Data          24  main.o(.bss)
    singleKey                                0x200000c4   Data          42  main.o(.bss)
    hadc1                                    0x200000f0   Data         104  adc.o(.bss)
    hdma_adc1                                0x20000158   Data          72  adc.o(.bss)
    htim1                                    0x200001a0   Data          64  tim.o(.bss)
    htim2                                    0x200001e0   Data          64  tim.o(.bss)
    huart1                                   0x20000220   Data         120  usart.o(.bss)
    huart2                                   0x20000298   Data         120  usart.o(.bss)
    currentDataPoint                         0x20000310   Data          20  gizwits_product.o(.bss)
    gizwitsProtocol                          0x20000324   Data         307  gizwits_protocol.o(.bss)
    pRb                                      0x20000457   Data          16  gizwits_protocol.o(.bss)
    __initial_sp                             0x200008a8   Data           0  startup_stm32l476xx.o(STACK)



==============================================================================

Memory Map of the image

  Image Entry point : 0x08000189

  Load Region LR_IROM1 (Base: 0x08000000, Size: 0x00007a28, Max: 0x00100000, ABSOLUTE)

    Execution Region ER_IROM1 (Exec base: 0x08000000, Load base: 0x08000000, Size: 0x000079d8, Max: 0x00100000, ABSOLUTE)

    Exec Addr    Load Addr    Size         Type   Attr      Idx    E Section Name        Object

    0x08000000   0x08000000   0x00000188   Data   RO            3    RESET               startup_stm32l476xx.o
    0x08000188   0x08000188   0x00000000   Code   RO         5413  * .ARM.Collect$$$$00000000  mc_w.l(entry.o)
    0x08000188   0x08000188   0x00000004   Code   RO         5738    .ARM.Collect$$$$00000001  mc_w.l(entry2.o)
    0x0800018c   0x0800018c   0x00000004   Code   RO         5741    .ARM.Collect$$$$00000004  mc_w.l(entry5.o)
    0x08000190   0x08000190   0x00000000   Code   RO         5743    .ARM.Collect$$$$00000008  mc_w.l(entry7b.o)
    0x08000190   0x08000190   0x00000000   Code   RO         5745    .ARM.Collect$$$$0000000A  mc_w.l(entry8b.o)
    0x08000190   0x08000190   0x00000008   Code   RO         5746    .ARM.Collect$$$$0000000B  mc_w.l(entry9a.o)
    0x08000198   0x08000198   0x00000000   Code   RO         5748    .ARM.Collect$$$$0000000D  mc_w.l(entry10a.o)
    0x08000198   0x08000198   0x00000000   Code   RO         5750    .ARM.Collect$$$$0000000F  mc_w.l(entry11a.o)
    0x08000198   0x08000198   0x00000004   Code   RO         5739    .ARM.Collect$$$$00002712  mc_w.l(entry2.o)
    0x0800019c   0x0800019c   0x00000024   Code   RO            4    .text               startup_stm32l476xx.o
    0x080001c0   0x080001c0   0x00000068   Code   RO         5416    .text               mc_w.l(uldiv.o)
    0x08000228   0x08000228   0x00000024   Code   RO         5420    .text               mc_w.l(memcpya.o)
    0x0800024c   0x0800024c   0x00000024   Code   RO         5422    .text               mc_w.l(memseta.o)
    0x08000270   0x08000270   0x0000015e   Code   RO         5689    .text               mf_w.l(dadd.o)
    0x080003ce   0x080003ce   0x000000ea   Code   RO         5691    .text               mf_w.l(dmul.o)
    0x080004b8   0x080004b8   0x000000de   Code   RO         5693    .text               mf_w.l(ddiv.o)
    0x08000596   0x08000596   0x00000022   Code   RO         5695    .text               mf_w.l(dflti.o)
    0x080005b8   0x080005b8   0x00000026   Code   RO         5697    .text               mf_w.l(f2d.o)
    0x080005de   0x080005de   0x00000038   Code   RO         5699    .text               mf_w.l(d2f.o)
    0x08000616   0x08000616   0x0000001e   Code   RO         5755    .text               mc_w.l(llshl.o)
    0x08000634   0x08000634   0x00000020   Code   RO         5757    .text               mc_w.l(llushr.o)
    0x08000654   0x08000654   0x00000024   Code   RO         5759    .text               mc_w.l(llsshr.o)
    0x08000678   0x08000678   0x00000000   Code   RO         5768    .text               mc_w.l(iusefp.o)
    0x08000678   0x08000678   0x0000006e   Code   RO         5769    .text               mf_w.l(fepilogue.o)
    0x080006e6   0x080006e6   0x000000ba   Code   RO         5771    .text               mf_w.l(depilogue.o)
    0x080007a0   0x080007a0   0x0000002e   Code   RO         5775    .text               mf_w.l(dscalb.o)
    0x080007ce   0x080007ce   0x00000002   PAD
    0x080007d0   0x080007d0   0x00000030   Code   RO         5779    .text               mf_w.l(cdrcmple.o)
    0x08000800   0x08000800   0x00000024   Code   RO         5781    .text               mc_w.l(init.o)
    0x08000824   0x08000824   0x000000a2   Code   RO         5783    .text               mf_w.l(dsqrt.o)
    0x080008c6   0x080008c6   0x00000068   Code   RO         1323    i.ADC_DMAConvCplt   stm32l4xx_hal_adc.o
    0x0800092e   0x0800092e   0x0000001a   Code   RO         1324    i.ADC_DMAError      stm32l4xx_hal_adc.o
    0x08000948   0x08000948   0x0000000a   Code   RO         1325    i.ADC_DMAHalfConvCplt  stm32l4xx_hal_adc.o
    0x08000952   0x08000952   0x00000002   PAD
    0x08000954   0x08000954   0x00000098   Code   RO         1327    i.ADC_Enable        stm32l4xx_hal_adc.o
    0x080009ec   0x080009ec   0x00000004   Code   RO           13    i.BMP_Init          bmp180.o
    0x080009f0   0x080009f0   0x00000064   Code   RO           14    i.BMP_ReadCalibrationData  bmp180.o
    0x08000a54   0x08000a54   0x00000046   Code   RO           16    i.BMP_ReadTwoByte   bmp180.o
    0x08000a9a   0x08000a9a   0x0000001a   Code   RO           17    i.BMP_Read_UP       bmp180.o
    0x08000ab4   0x08000ab4   0x0000001a   Code   RO           18    i.BMP_Read_UT       bmp180.o
    0x08000ace   0x08000ace   0x00000002   PAD
    0x08000ad0   0x08000ad0   0x00000144   Code   RO           19    i.BMP_UncompemstatedToTrue  bmp180.o
    0x08000c14   0x08000c14   0x00000030   Code   RO           20    i.BMP_WriteOneByte  bmp180.o
    0x08000c44   0x08000c44   0x00000002   Code   RO         1022    i.BusFault_Handler  stm32l4xx_it.o
    0x08000c46   0x08000c46   0x00000002   PAD
    0x08000c48   0x08000c48   0x00000038   Code   RO          364    i.DHT11_Init        dht11.o
    0x08000c80   0x08000c80   0x00000024   Code   RO          365    i.DHT11_Mode_Out_PP  dht11.o
    0x08000ca4   0x08000ca4   0x00000068   Code   RO          366    i.DHT11_ReadByte    dht11.o
    0x08000d0c   0x08000d0c   0x000000fc   Code   RO          367    i.DHT11_Read_TempAndHumidity  dht11.o
    0x08000e08   0x08000e08   0x0000000c   Code   RO         1023    i.DMA1_Channel1_IRQHandler  stm32l4xx_it.o
    0x08000e14   0x08000e14   0x0000002a   Code   RO         4268    i.DMA_SetConfig     stm32l4xx_hal_dma.o
    0x08000e3e   0x08000e3e   0x00000002   Code   RO         1024    i.DebugMon_Handler  stm32l4xx_it.o
    0x08000e40   0x08000e40   0x00000028   Code   RO          269    i.GPIO_SDA_IN       i2c.o
    0x08000e68   0x08000e68   0x00000028   Code   RO          463    i.GPIO_SDA_IN_2     i2c_2.o
    0x08000e90   0x08000e90   0x0000007c   Code   RO          412    i.GY30_GetLight     gy30.o
    0x08000f0c   0x08000f0c   0x00000010   Code   RO          413    i.GY30_Int          gy30.o
    0x08000f1c   0x08000f1c   0x00000048   Code   RO          414    i.GY30_Read3Bytes   gy30.o
    0x08000f64   0x08000f64   0x00000024   Code   RO          415    i.GY30_WriteByte    gy30.o
    0x08000f88   0x08000f88   0x000000ec   Code   RO         1560    i.HAL_ADCEx_MultiModeConfigChannel  stm32l4xx_hal_adc_ex.o
    0x08001074   0x08001074   0x000004a8   Code   RO         1329    i.HAL_ADC_ConfigChannel  stm32l4xx_hal_adc.o
    0x0800151c   0x0800151c   0x00000002   Code   RO         1330    i.HAL_ADC_ConvCpltCallback  stm32l4xx_hal_adc.o
    0x0800151e   0x0800151e   0x00000002   Code   RO         1331    i.HAL_ADC_ConvHalfCpltCallback  stm32l4xx_hal_adc.o
    0x08001520   0x08001520   0x00000002   Code   RO         1333    i.HAL_ADC_ErrorCallback  stm32l4xx_hal_adc.o
    0x08001522   0x08001522   0x00000002   PAD
    0x08001524   0x08001524   0x00000214   Code   RO         1338    i.HAL_ADC_Init      stm32l4xx_hal_adc.o
    0x08001738   0x08001738   0x000000a0   Code   RO          858    i.HAL_ADC_MspInit   adc.o
    0x080017d8   0x080017d8   0x00000114   Code   RO         1345    i.HAL_ADC_Start_DMA  stm32l4xx_hal_adc.o
    0x080018ec   0x080018ec   0x0000004a   Code   RO         4270    i.HAL_DMA_Abort_IT  stm32l4xx_hal_dma.o
    0x08001936   0x08001936   0x000000aa   Code   RO         4274    i.HAL_DMA_IRQHandler  stm32l4xx_hal_dma.o
    0x080019e0   0x080019e0   0x000000d8   Code   RO         4275    i.HAL_DMA_Init      stm32l4xx_hal_dma.o
    0x08001ab8   0x08001ab8   0x00000070   Code   RO         4279    i.HAL_DMA_Start_IT  stm32l4xx_hal_dma.o
    0x08001b28   0x08001b28   0x000001d2   Code   RO         4205    i.HAL_GPIO_Init     stm32l4xx_hal_gpio.o
    0x08001cfa   0x08001cfa   0x0000000a   Code   RO         4207    i.HAL_GPIO_ReadPin  stm32l4xx_hal_gpio.o
    0x08001d04   0x08001d04   0x0000000a   Code   RO         4209    i.HAL_GPIO_WritePin  stm32l4xx_hal_gpio.o
    0x08001d0e   0x08001d0e   0x00000002   PAD
    0x08001d10   0x08001d10   0x0000000c   Code   RO         3062    i.HAL_GetTick       stm32l4xx_hal.o
    0x08001d1c   0x08001d1c   0x00000010   Code   RO         3066    i.HAL_IncTick       stm32l4xx_hal.o
    0x08001d2c   0x08001d2c   0x00000024   Code   RO         3067    i.HAL_Init          stm32l4xx_hal.o
    0x08001d50   0x08001d50   0x00000028   Code   RO         3068    i.HAL_InitTick      stm32l4xx_hal.o
    0x08001d78   0x08001d78   0x00000080   Code   RO         1116    i.HAL_MspInit       stm32l4xx_hal_msp.o
    0x08001df8   0x08001df8   0x00000016   Code   RO         4744    i.HAL_NVIC_EnableIRQ  stm32l4xx_hal_cortex.o
    0x08001e0e   0x08001e0e   0x00000002   PAD
    0x08001e10   0x08001e10   0x00000040   Code   RO         4750    i.HAL_NVIC_SetPriority  stm32l4xx_hal_cortex.o
    0x08001e50   0x08001e50   0x00000024   Code   RO         4751    i.HAL_NVIC_SetPriorityGrouping  stm32l4xx_hal_cortex.o
    0x08001e74   0x08001e74   0x00000024   Code   RO         4752    i.HAL_NVIC_SystemReset  stm32l4xx_hal_cortex.o
    0x08001e98   0x08001e98   0x00000064   Code   RO         4496    i.HAL_PWREx_ControlVoltageScaling  stm32l4xx_hal_pwr_ex.o
    0x08001efc   0x08001efc   0x00000010   Code   RO         4527    i.HAL_PWREx_GetVoltageRange  stm32l4xx_hal_pwr_ex.o
    0x08001f0c   0x08001f0c   0x000003aa   Code   RO         3862    i.HAL_RCCEx_PeriphCLKConfig  stm32l4xx_hal_rcc_ex.o
    0x080022b6   0x080022b6   0x00000002   PAD
    0x080022b8   0x080022b8   0x00000170   Code   RO         3747    i.HAL_RCC_ClockConfig  stm32l4xx_hal_rcc.o
    0x08002428   0x08002428   0x0000000c   Code   RO         3751    i.HAL_RCC_GetHCLKFreq  stm32l4xx_hal_rcc.o
    0x08002434   0x08002434   0x00000020   Code   RO         3753    i.HAL_RCC_GetPCLK1Freq  stm32l4xx_hal_rcc.o
    0x08002454   0x08002454   0x00000020   Code   RO         3754    i.HAL_RCC_GetPCLK2Freq  stm32l4xx_hal_rcc.o
    0x08002474   0x08002474   0x000000c4   Code   RO         3755    i.HAL_RCC_GetSysClockFreq  stm32l4xx_hal_rcc.o
    0x08002538   0x08002538   0x0000045a   Code   RO         3758    i.HAL_RCC_OscConfig  stm32l4xx_hal_rcc.o
    0x08002992   0x08002992   0x00000018   Code   RO         4753    i.HAL_SYSTICK_CLKSourceConfig  stm32l4xx_hal_cortex.o
    0x080029aa   0x080029aa   0x00000002   Code   RO         4754    i.HAL_SYSTICK_Callback  stm32l4xx_hal_cortex.o
    0x080029ac   0x080029ac   0x00000028   Code   RO         4755    i.HAL_SYSTICK_Config  stm32l4xx_hal_cortex.o
    0x080029d4   0x080029d4   0x00000008   Code   RO         4756    i.HAL_SYSTICK_IRQHandler  stm32l4xx_hal_cortex.o
    0x080029dc   0x080029dc   0x00000002   Code   RO         2390    i.HAL_TIMEx_BreakCallback  stm32l4xx_hal_tim_ex.o
    0x080029de   0x080029de   0x00000002   Code   RO         2391    i.HAL_TIMEx_CommutationCallback  stm32l4xx_hal_tim_ex.o
    0x080029e0   0x080029e0   0x00000058   Code   RO         2409    i.HAL_TIMEx_MasterConfigSynchronization  stm32l4xx_hal_tim_ex.o
    0x08002a38   0x08002a38   0x00000036   Code   RO         1751    i.HAL_TIM_Base_Init  stm32l4xx_hal_tim.o
    0x08002a6e   0x08002a6e   0x00000002   PAD
    0x08002a70   0x08002a70   0x00000050   Code   RO          927    i.HAL_TIM_Base_MspInit  tim.o
    0x08002ac0   0x08002ac0   0x00000018   Code   RO         1756    i.HAL_TIM_Base_Start_IT  stm32l4xx_hal_tim.o
    0x08002ad8   0x08002ad8   0x000000f8   Code   RO         1760    i.HAL_TIM_ConfigClockSource  stm32l4xx_hal_tim.o
    0x08002bd0   0x08002bd0   0x00000002   Code   RO         1780    i.HAL_TIM_IC_CaptureCallback  stm32l4xx_hal_tim.o
    0x08002bd2   0x08002bd2   0x00000166   Code   RO         1793    i.HAL_TIM_IRQHandler  stm32l4xx_hal_tim.o
    0x08002d38   0x08002d38   0x00000002   Code   RO         1796    i.HAL_TIM_OC_DelayElapsedCallback  stm32l4xx_hal_tim.o
    0x08002d3a   0x08002d3a   0x00000002   Code   RO         1823    i.HAL_TIM_PWM_PulseFinishedCallback  stm32l4xx_hal_tim.o
    0x08002d3c   0x08002d3c   0x00000020   Code   RO         4902    i.HAL_TIM_PeriodElapsedCallback  gizwits_product.o
    0x08002d5c   0x08002d5c   0x00000002   Code   RO         1834    i.HAL_TIM_TriggerCallback  stm32l4xx_hal_tim.o
    0x08002d5e   0x08002d5e   0x00000002   Code   RO         3002    i.HAL_UARTEx_WakeupCallback  stm32l4xx_hal_uart_ex.o
    0x08002d60   0x08002d60   0x00000002   Code   RO         2663    i.HAL_UART_ErrorCallback  stm32l4xx_hal_uart.o
    0x08002d62   0x08002d62   0x00000002   PAD
    0x08002d64   0x08002d64   0x0000014c   Code   RO         2666    i.HAL_UART_IRQHandler  stm32l4xx_hal_uart.o
    0x08002eb0   0x08002eb0   0x0000006a   Code   RO         2667    i.HAL_UART_Init     stm32l4xx_hal_uart.o
    0x08002f1a   0x08002f1a   0x00000002   PAD
    0x08002f1c   0x08002f1c   0x0000007c   Code   RO          975    i.HAL_UART_MspInit  usart.o
    0x08002f98   0x08002f98   0x000000ac   Code   RO         2672    i.HAL_UART_Receive_IT  stm32l4xx_hal_uart.o
    0x08003044   0x08003044   0x00000030   Code   RO         4903    i.HAL_UART_RxCpltCallback  gizwits_product.o
    0x08003074   0x08003074   0x000000b0   Code   RO         2675    i.HAL_UART_Transmit  stm32l4xx_hal_uart.o
    0x08003124   0x08003124   0x00000068   Code   RO         2677    i.HAL_UART_Transmit_IT  stm32l4xx_hal_uart.o
    0x0800318c   0x0800318c   0x00000002   Code   RO         2678    i.HAL_UART_TxCpltCallback  stm32l4xx_hal_uart.o
    0x0800318e   0x0800318e   0x00000002   Code   RO         1025    i.HardFault_Handler  stm32l4xx_it.o
    0x08003190   0x08003190   0x0000004c   Code   RO          270    i.IIC_Ack           i2c.o
    0x080031dc   0x080031dc   0x00000050   Code   RO          464    i.IIC_Ack_2         i2c_2.o
    0x0800322c   0x0800322c   0x00000040   Code   RO          271    i.IIC_Init          i2c.o
    0x0800326c   0x0800326c   0x00000048   Code   RO          465    i.IIC_Init_2        i2c_2.o
    0x080032b4   0x080032b4   0x0000004c   Code   RO          272    i.IIC_NAck          i2c.o
    0x08003300   0x08003300   0x00000050   Code   RO          466    i.IIC_NAck_2        i2c_2.o
    0x08003350   0x08003350   0x00000068   Code   RO          273    i.IIC_Read_Byte     i2c.o
    0x080033b8   0x080033b8   0x00000074   Code   RO          467    i.IIC_Read_Byte_2   i2c_2.o
    0x0800342c   0x0800342c   0x00000068   Code   RO          274    i.IIC_Send_Byte     i2c.o
    0x08003494   0x08003494   0x00000074   Code   RO          468    i.IIC_Send_Byte_2   i2c_2.o
    0x08003508   0x08003508   0x0000004c   Code   RO          275    i.IIC_Start         i2c.o
    0x08003554   0x08003554   0x00000050   Code   RO          469    i.IIC_Start_2       i2c_2.o
    0x080035a4   0x080035a4   0x0000004c   Code   RO          276    i.IIC_Stop          i2c.o
    0x080035f0   0x080035f0   0x00000050   Code   RO          470    i.IIC_Stop_2        i2c_2.o
    0x08003640   0x08003640   0x00000064   Code   RO          277    i.IIC_Wait_Ack      i2c.o
    0x080036a4   0x080036a4   0x0000006c   Code   RO          471    i.IIC_Wait_Ack_2    i2c_2.o
    0x08003710   0x08003710   0x0000000c   Code   RO         1351    i.LL_ADC_GetOffsetChannel  stm32l4xx_hal_adc.o
    0x0800371c   0x0800371c   0x00000008   Code   RO         1352    i.LL_ADC_REG_IsConversionOngoing  stm32l4xx_hal_adc.o
    0x08003724   0x08003724   0x00000008   Code   RO         1570    i.LL_ADC_REG_IsConversionOngoing  stm32l4xx_hal_adc_ex.o
    0x0800372c   0x0800372c   0x00000046   Code   RO         1354    i.LL_ADC_SetChannelSamplingTime  stm32l4xx_hal_adc.o
    0x08003772   0x08003772   0x00000010   Code   RO         1355    i.LL_ADC_SetOffsetState  stm32l4xx_hal_adc.o
    0x08003782   0x08003782   0x00000002   PAD
    0x08003784   0x08003784   0x00000018   Code   RO          278    i.LL_AHB2_GRP1_EnableClock  i2c.o
    0x0800379c   0x0800379c   0x00000018   Code   RO          472    i.LL_AHB2_GRP1_EnableClock  i2c_2.o
    0x080037b4   0x080037b4   0x00000018   Code   RO          822    i.LL_AHB2_GRP1_EnableClock  gpio.o
    0x080037cc   0x080037cc   0x0000011a   Code   RO         1273    i.LL_GPIO_Init      stm32l4xx_ll_gpio.o
    0x080038e6   0x080038e6   0x00000026   Code   RO          279    i.LL_GPIO_SetPinMode  i2c.o
    0x0800390c   0x0800390c   0x00000026   Code   RO          473    i.LL_GPIO_SetPinMode  i2c_2.o
    0x08003932   0x08003932   0x00000002   PAD
    0x08003934   0x08003934   0x000000e8   Code   RO          859    i.MX_ADC1_Init      adc.o
    0x08003a1c   0x08003a1c   0x0000002c   Code   RO          902    i.MX_DMA_Init       dma.o
    0x08003a48   0x08003a48   0x00000084   Code   RO          823    i.MX_GPIO_Init      gpio.o
    0x08003acc   0x08003acc   0x00000074   Code   RO          928    i.MX_TIM1_Init      tim.o
    0x08003b40   0x08003b40   0x00000074   Code   RO          929    i.MX_TIM2_Init      tim.o
    0x08003bb4   0x08003bb4   0x00000050   Code   RO          976    i.MX_USART1_UART_Init  usart.o
    0x08003c04   0x08003c04   0x00000050   Code   RO          977    i.MX_USART2_UART_Init  usart.o
    0x08003c54   0x08003c54   0x00000002   Code   RO         1026    i.MemManage_Handler  stm32l4xx_it.o
    0x08003c56   0x08003c56   0x00000002   Code   RO         1027    i.NMI_Handler       stm32l4xx_it.o
    0x08003c58   0x08003c58   0x00000020   Code   RO         4757    i.NVIC_SetPriority  stm32l4xx_hal_cortex.o
    0x08003c78   0x08003c78   0x00000002   Code   RO         1028    i.PendSV_Handler    stm32l4xx_it.o
    0x08003c7a   0x08003c7a   0x00000002   PAD
    0x08003c7c   0x08003c7c   0x0000012c   Code   RO         3865    i.RCCEx_PLLSAI1_Config  stm32l4xx_hal_rcc_ex.o
    0x08003da8   0x08003da8   0x0000010c   Code   RO         3866    i.RCCEx_PLLSAI2_Config  stm32l4xx_hal_rcc_ex.o
    0x08003eb4   0x08003eb4   0x0000007c   Code   RO         3759    i.RCC_SetFlashLatencyFromMSIRange  stm32l4xx_hal_rcc.o
    0x08003f30   0x08003f30   0x00000002   Code   RO         1029    i.SVC_Handler       stm32l4xx_it.o
    0x08003f32   0x08003f32   0x0000000e   Code   RO         1030    i.SysTick_Handler   stm32l4xx_it.o
    0x08003f40   0x08003f40   0x000000b2   Code   RO          545    i.SystemClock_Config  main.o
    0x08003ff2   0x08003ff2   0x00000002   PAD
    0x08003ff4   0x08003ff4   0x00000044   Code   RO         4865    i.SystemInit        system_stm32l4xx.o
    0x08004038   0x08004038   0x0000000c   Code   RO         1031    i.TIM2_IRQHandler   stm32l4xx_it.o
    0x08004044   0x08004044   0x000000c0   Code   RO         1835    i.TIM_Base_SetConfig  stm32l4xx_hal_tim.o
    0x08004104   0x08004104   0x00000014   Code   RO         1842    i.TIM_ETR_SetConfig  stm32l4xx_hal_tim.o
    0x08004118   0x08004118   0x00000010   Code   RO         1843    i.TIM_ITRx_SetConfig  stm32l4xx_hal_tim.o
    0x08004128   0x08004128   0x00000022   Code   RO         1851    i.TIM_TI1_ConfigInputStage  stm32l4xx_hal_tim.o
    0x0800414a   0x0800414a   0x00000024   Code   RO         1853    i.TIM_TI2_ConfigInputStage  stm32l4xx_hal_tim.o
    0x0800416e   0x0800416e   0x000000c8   Code   RO         2680    i.UART_AdvFeatureConfig  stm32l4xx_hal_uart.o
    0x08004236   0x08004236   0x0000005c   Code   RO         2681    i.UART_CheckIdleState  stm32l4xx_hal_uart.o
    0x08004292   0x08004292   0x00000014   Code   RO         2682    i.UART_DMAAbortOnError  stm32l4xx_hal_uart.o
    0x080042a6   0x080042a6   0x00000020   Code   RO         2692    i.UART_EndRxTransfer  stm32l4xx_hal_uart.o
    0x080042c6   0x080042c6   0x0000005c   Code   RO         2694    i.UART_RxISR_16BIT  stm32l4xx_hal_uart.o
    0x08004322   0x08004322   0x0000005a   Code   RO         2695    i.UART_RxISR_8BIT   stm32l4xx_hal_uart.o
    0x0800437c   0x0800437c   0x000002bc   Code   RO         2696    i.UART_SetConfig    stm32l4xx_hal_uart.o
    0x08004638   0x08004638   0x00000042   Code   RO         2697    i.UART_TxISR_16BIT  stm32l4xx_hal_uart.o
    0x0800467a   0x0800467a   0x0000003c   Code   RO         2698    i.UART_TxISR_8BIT   stm32l4xx_hal_uart.o
    0x080046b6   0x080046b6   0x00000062   Code   RO         2699    i.UART_WaitOnFlagUntilTimeout  stm32l4xx_hal_uart.o
    0x08004718   0x08004718   0x0000000c   Code   RO         1032    i.USART1_IRQHandler  stm32l4xx_it.o
    0x08004724   0x08004724   0x00000002   Code   RO         1033    i.UsageFault_Handler  stm32l4xx_it.o
    0x08004726   0x08004726   0x00000002   Code   RO          546    i._Error_Handler    main.o
    0x08004728   0x08004728   0x00000020   Code   RO         5635    i.__0printf$8       mc_w.l(printf8.o)
    0x08004748   0x08004748   0x00000030   Code   RO         5721    i.__ARM_fpclassify  m_wm.l(fpclassify.o)
    0x08004778   0x08004778   0x00000c80   Code   RO         5399    i.__hardfp_pow      m_wm.l(pow.o)
    0x080053f8   0x080053f8   0x000000f8   Code   RO         5723    i.__kernel_poly     m_wm.l(poly.o)
    0x080054f0   0x080054f0   0x00000030   Code   RO         5701    i.__mathlib_dbl_divzero  m_wm.l(dunder.o)
    0x08005520   0x08005520   0x00000014   Code   RO         5703    i.__mathlib_dbl_infnan2  m_wm.l(dunder.o)
    0x08005534   0x08005534   0x00000004   PAD
    0x08005538   0x08005538   0x00000020   Code   RO         5704    i.__mathlib_dbl_invalid  m_wm.l(dunder.o)
    0x08005558   0x08005558   0x00000020   Code   RO         5705    i.__mathlib_dbl_overflow  m_wm.l(dunder.o)
    0x08005578   0x08005578   0x00000020   Code   RO         5707    i.__mathlib_dbl_underflow  m_wm.l(dunder.o)
    0x08005598   0x08005598   0x0000000e   Code   RO         5789    i.__scatterload_copy  mc_w.l(handlers.o)
    0x080055a6   0x080055a6   0x00000002   Code   RO         5790    i.__scatterload_null  mc_w.l(handlers.o)
    0x080055a8   0x080055a8   0x0000000e   Code   RO         5791    i.__scatterload_zeroinit  mc_w.l(handlers.o)
    0x080055b6   0x080055b6   0x00000002   PAD
    0x080055b8   0x080055b8   0x0000000c   Code   RO         5763    i.__set_errno       mc_w.l(errno.o)
    0x080055c4   0x080055c4   0x00000416   Code   RO         5642    i._printf_core      mc_w.l(printf8.o)
    0x080059da   0x080059da   0x00000024   Code   RO         5643    i._printf_post_padding  mc_w.l(printf8.o)
    0x080059fe   0x080059fe   0x0000002e   Code   RO         5644    i._printf_pre_padding  mc_w.l(printf8.o)
    0x08005a2c   0x08005a2c   0x00000020   Code   RO         5213    i.exchangeBytes     common.o
    0x08005a4c   0x08005a4c   0x00000004   Code   RO         5214    i.exchangeWord      common.o
    0x08005a50   0x08005a50   0x00000018   Code   RO         5717    i.fabs              m_wm.l(fabs.o)
    0x08005a68   0x08005a68   0x00000018   Code   RO          547    i.fputc             main.o
    0x08005a80   0x08005a80   0x0000005c   Code   RO         5162    i.getKey            hal_key.o
    0x08005adc   0x08005adc   0x00000184   Code   RO         5003    i.gizCheckReport    gizwits_protocol.o
    0x08005c60   0x08005c60   0x00000098   Code   RO         5004    i.gizDataPoints2ReportData  gizwits_protocol.o
    0x08005cf8   0x08005cf8   0x000000c0   Code   RO         5005    i.gizDevReportPolicy  gizwits_protocol.o
    0x08005db8   0x08005db8   0x0000000c   Code   RO         4904    i.gizGetTimerCount  gizwits_product.o
    0x08005dc4   0x08005dc4   0x0000007c   Code   RO         5006    i.gizProtocolAckHandle  gizwits_protocol.o
    0x08005e40   0x08005e40   0x00000098   Code   RO         5007    i.gizProtocolCommonAck  gizwits_protocol.o
    0x08005ed8   0x08005ed8   0x000000a0   Code   RO         5008    i.gizProtocolErrorCmd  gizwits_protocol.o
    0x08005f78   0x08005f78   0x00000178   Code   RO         5009    i.gizProtocolGetDeviceInfo  gizwits_protocol.o
    0x080060f0   0x080060f0   0x00000146   Code   RO         5010    i.gizProtocolGetOnePacket  gizwits_protocol.o
    0x08006236   0x08006236   0x00000002   PAD
    0x08006238   0x08006238   0x0000004c   Code   RO         5011    i.gizProtocolHeadInit  gizwits_protocol.o
    0x08006284   0x08006284   0x00000120   Code   RO         5012    i.gizProtocolIssuedDataAck  gizwits_protocol.o
    0x080063a4   0x080063a4   0x000000e4   Code   RO         5013    i.gizProtocolIssuedProcess  gizwits_protocol.o
    0x08006488   0x08006488   0x00000414   Code   RO         5014    i.gizProtocolModuleStatus  gizwits_protocol.o
    0x0800689c   0x0800689c   0x00000070   Code   RO         5015    i.gizProtocolNTP    gizwits_protocol.o
    0x0800690c   0x0800690c   0x00000070   Code   RO         5016    i.gizProtocolResendData  gizwits_protocol.o
    0x0800697c   0x0800697c   0x00000024   Code   RO         5215    i.gizProtocolSum    common.o
    0x080069a0   0x080069a0   0x0000005c   Code   RO         5017    i.gizProtocolWaitAck  gizwits_protocol.o
    0x080069fc   0x080069fc   0x00000048   Code   RO         5018    i.gizProtocolWaitAckCheck  gizwits_protocol.o
    0x08006a44   0x08006a44   0x00000068   Code   RO         5019    i.gizPutData        gizwits_protocol.o
    0x08006aac   0x08006aac   0x000000c8   Code   RO         5020    i.gizReportData     gizwits_protocol.o
    0x08006b74   0x08006b74   0x00000010   Code   RO         4905    i.gizTimerMs        gizwits_product.o
    0x08006b84   0x08006b84   0x00000008   Code   RO         5288    i.gizY2X            datapointtools.o
    0x08006b8c   0x08006b8c   0x00000104   Code   RO         4906    i.gizwitsEventProcess  gizwits_product.o
    0x08006c90   0x08006c90   0x00000346   Code   RO         5023    i.gizwitsHandle     gizwits_protocol.o
    0x08006fd6   0x08006fd6   0x00000002   PAD
    0x08006fd8   0x08006fd8   0x0000005c   Code   RO         5024    i.gizwitsInit       gizwits_protocol.o
    0x08007034   0x08007034   0x00000114   Code   RO         5026    i.gizwitsSetMode    gizwits_protocol.o
    0x08007148   0x08007148   0x00000034   Code   RO          548    i.key1LongPress     main.o
    0x0800717c   0x0800717c   0x00000034   Code   RO          549    i.key1ShortPress    main.o
    0x080071b0   0x080071b0   0x00000034   Code   RO          550    i.key2LongPress     main.o
    0x080071e4   0x080071e4   0x00000030   Code   RO          551    i.key2ShortPress    main.o
    0x08007214   0x08007214   0x0000007a   Code   RO         5163    i.keyHandle         hal_key.o
    0x0800728e   0x0800728e   0x00000002   PAD
    0x08007290   0x08007290   0x0000007c   Code   RO          552    i.keyInit           main.o
    0x0800730c   0x0800730c   0x00000040   Code   RO         5164    i.keyInitOne        hal_key.o
    0x0800734c   0x0800734c   0x00000018   Code   RO         5165    i.keyParaInit       hal_key.o
    0x08007364   0x08007364   0x00000170   Code   RO          553    i.main              main.o
    0x080074d4   0x080074d4   0x0000000a   Code   RO         4907    i.mcuRestart        gizwits_product.o
    0x080074de   0x080074de   0x00000018   Code   RO          234    i.myDelay           delay.o
    0x080074f6   0x080074f6   0x00000032   Code   RO         5349    i.rbCanRead         ringbuffer.o
    0x08007528   0x08007528   0x0000001c   Code   RO         5350    i.rbCanWrite        ringbuffer.o
    0x08007544   0x08007544   0x0000000c   Code   RO         5351    i.rbCapacity        ringbuffer.o
    0x08007550   0x08007550   0x00000012   Code   RO         5352    i.rbCreate          ringbuffer.o
    0x08007562   0x08007562   0x0000007e   Code   RO         5354    i.rbRead            ringbuffer.o
    0x080075e0   0x080075e0   0x0000008e   Code   RO         5355    i.rbWrite           ringbuffer.o
    0x0800766e   0x0800766e   0x00000002   PAD
    0x08007670   0x08007670   0x00000088   Code   RO         5166    i.readKeyValue      hal_key.o
    0x080076f8   0x080076f8   0x0000006e   Code   RO         5728    i.sqrt              m_wm.l(sqrt.o)
    0x08007766   0x08007766   0x00000002   PAD
    0x08007768   0x08007768   0x0000000c   Code   RO         4908    i.timerInit         gizwits_product.o
    0x08007774   0x08007774   0x00000014   Code   RO         4909    i.uartInit          gizwits_product.o
    0x08007788   0x08007788   0x000000b8   Code   RO         4910    i.uartWrite         gizwits_product.o
    0x08007840   0x08007840   0x00000012   Code   RO          235    i.us_Dealy          delay.o
    0x08007852   0x08007852   0x00000002   PAD
    0x08007854   0x08007854   0x00000068   Code   RO          554    i.userHandle        main.o
    0x080078bc   0x080078bc   0x00000020   Code   RO         4911    i.userInit          gizwits_product.o
    0x080078dc   0x080078dc   0x00000040   Data   RO         4866    .constdata          system_stm32l4xx.o
    0x0800791c   0x0800791c   0x00000008   Data   RO         4867    .constdata          system_stm32l4xx.o
    0x08007924   0x08007924   0x00000004   PAD
    0x08007928   0x08007928   0x00000088   Data   RO         5402    .constdata          m_wm.l(pow.o)
    0x080079b0   0x080079b0   0x00000008   Data   RO         5725    .constdata          m_wm.l(qnan.o)
    0x080079b8   0x080079b8   0x00000020   Data   RO         5787    Region$$Table       anon$$obj.o


    Execution Region RW_IRAM1 (Exec base: 0x20000000, Load base: 0x080079d8, Size: 0x000008a8, Max: 0x00018000, ABSOLUTE)

    Exec Addr    Load Addr    Size         Type   Attr      Idx    E Section Name        Object

    0x20000000   0x080079d8   0x00000003   Data   RW          416    .data               gy30.o
    0x20000003   0x080079db   0x00000001   PAD
    0x20000004   0x080079dc   0x00000015   Data   RW          557    .data               main.o
    0x20000019   0x080079f1   0x00000003   PAD
    0x2000001c   0x080079f4   0x00000004   Data   RW         3083    .data               stm32l4xx_hal.o
    0x20000020   0x080079f8   0x00000004   Data   RW         4868    .data               system_stm32l4xx.o
    0x20000024   0x080079fc   0x00000008   Data   RW         4914    .data               gizwits_product.o
    0x2000002c   0x08007a04   0x00000010   Data   RW         5028    .data               gizwits_protocol.o
    0x2000003c   0x08007a14   0x0000000a   Data   RW         5167    .data               hal_key.o
    0x20000046   0x08007a1e   0x00000002   PAD
    0x20000048   0x08007a20   0x00000004   Data   RW         5752    .data               mc_w.l(stdout.o)
    0x2000004c   0x08007a24   0x00000004   Data   RW         5764    .data               mc_w.l(errno.o)
    0x20000050        -       0x0000004c   Zero   RW           21    .bss                bmp180.o
    0x2000009c        -       0x00000052   Zero   RW          555    .bss                main.o
    0x200000ee   0x08007a28   0x00000002   PAD
    0x200000f0        -       0x000000b0   Zero   RW          860    .bss                adc.o
    0x200001a0        -       0x00000080   Zero   RW          930    .bss                tim.o
    0x20000220        -       0x000000f0   Zero   RW          978    .bss                usart.o
    0x20000310        -       0x00000014   Zero   RW         4913    .bss                gizwits_product.o
    0x20000324        -       0x0000017d   Zero   RW         5027    .bss                gizwits_protocol.o
    0x200004a1   0x08007a28   0x00000007   PAD
    0x200004a8        -       0x00000400   Zero   RW            1    STACK               startup_stm32l476xx.o


==============================================================================

Image component sizes


      Code (inc. data)   RO Data    RW Data    ZI Data      Debug   Object Name

       392         78          0          0        176       1939   adc.o
       598         48          0          0         76     874380   bmp180.o
        72          0          0          0          0       3660   common.o
         8          0          0          0          0        617   datapointtools.o
        42          0          0          0          0       1097   delay.o
       448         32          0          0          0       3742   dht11.o
        44          4          0          0          0        794   dma.o
       626        252          0          8         20      19230   gizwits_product.o
      5404       2092          0         16        381      18978   gizwits_protocol.o
       156         14          0          0          0       5643   gpio.o
       248         18          0          3          0       2756   gy30.o
       438         22          0         10          0       4221   hal_key.o
       778         56          0          0          0      16864   i2c.o
       834         48          0          0          0       6762   i2c_2.o
      1004        222          0         21         82     765640   main.o
       376          0          0          0          0       4986   ringbuffer.o
        36          8        392          0       1024        856   startup_stm32l476xx.o
       104         22          0          4          0       3651   stm32l4xx_hal.o
      2404        128          0          0          0      70053   stm32l4xx_hal_adc.o
       244         12          0          0          0      59415   stm32l4xx_hal_adc_ex.o
       264         24          0          0          0      32944   stm32l4xx_hal_cortex.o
       614         14          0          0          0       4602   stm32l4xx_hal_dma.o
       486         36          0          0          0       3387   stm32l4xx_hal_gpio.o
       128          6          0          0          0        946   stm32l4xx_hal_msp.o
       116         20          0          0          0       1406   stm32l4xx_hal_pwr_ex.o
      1878         92          0          0          0       7600   stm32l4xx_hal_rcc.o
      1506         44          0          0          0       4352   stm32l4xx_hal_rcc_ex.o
       990         36          0          0          0      10489   stm32l4xx_hal_tim.o
        92         10          0          0          0       2746   stm32l4xx_hal_tim_ex.o
      2344         88          0          0          0      14715   stm32l4xx_hal_uart.o
         2          0          0          0          0       1068   stm32l4xx_hal_uart_ex.o
        66         18          0          0          0       5763   stm32l4xx_it.o
       282          0          0          0          0       7575   stm32l4xx_ll_gpio.o
        68         12         72          4          0       1277   system_stm32l4xx.o
       312         52          0          0        128       2423   tim.o
       284         62          0          0        240       2407   usart.o

    ----------------------------------------------------------------------
     23726       3570        500         72       2136    1968984   Object Totals
         0          0         32          0          0          0   (incl. Generated)
        38          0          4          6          9          0   (incl. Padding)

    ----------------------------------------------------------------------

      Code (inc. data)   RO Data    RW Data    ZI Data      Debug   Library Member Name

       164         44          0          0          0        620   dunder.o
        24          0          0          0          0        124   fabs.o
        48          0          0          0          0        124   fpclassify.o
       248          0          0          0          0        152   poly.o
      3200        296        136          0          0        352   pow.o
         0          0          8          0          0          0   qnan.o
       110          0          0          0          0        148   sqrt.o
         0          0          0          0          0          0   entry.o
         0          0          0          0          0          0   entry10a.o
         0          0          0          0          0          0   entry11a.o
         8          4          0          0          0          0   entry2.o
         4          0          0          0          0          0   entry5.o
         0          0          0          0          0          0   entry7b.o
         0          0          0          0          0          0   entry8b.o
         8          4          0          0          0          0   entry9a.o
        12          6          0          4          0         68   errno.o
        30          0          0          0          0          0   handlers.o
        36          8          0          0          0         68   init.o
         0          0          0          0          0          0   iusefp.o
        30          0          0          0          0         68   llshl.o
        36          0          0          0          0         68   llsshr.o
        32          0          0          0          0         68   llushr.o
        36          0          0          0          0         68   memcpya.o
        36          0          0          0          0        108   memseta.o
      1160         54          0          0          0        352   printf8.o
         0          0          0          4          0          0   stdout.o
       104          0          0          0          0         92   uldiv.o
        48          0          0          0          0         68   cdrcmple.o
        56          0          0          0          0         88   d2f.o
       350          0          0          0          0        148   dadd.o
       222          0          0          0          0        100   ddiv.o
       186          0          0          0          0        176   depilogue.o
        34          0          0          0          0         76   dflti.o
       234          0          0          0          0         96   dmul.o
        46          0          0          0          0         80   dscalb.o
       162          0          0          0          0        100   dsqrt.o
        38          0          0          0          0         68   f2d.o
       110          0          0          0          0        168   fepilogue.o

    ----------------------------------------------------------------------
      6822        416        144          8          0       3648   Library Totals
        10          0          0          0          0          0   (incl. Padding)

    ----------------------------------------------------------------------

      Code (inc. data)   RO Data    RW Data    ZI Data      Debug   Library Name

      3794        340        144          0          0       1520   m_wm.l
      1532         76          0          8          0        960   mc_w.l
      1486          0          0          0          0       1168   mf_w.l

    ----------------------------------------------------------------------
      6822        416        144          8          0       3648   Library Totals

    ----------------------------------------------------------------------

==============================================================================


      Code (inc. data)   RO Data    RW Data    ZI Data      Debug   

     30548       3986        644         80       2136    1951296   Grand Totals
     30548       3986        644         80       2136    1951296   ELF Image Totals
     30548       3986        644         80          0          0   ROM Totals

==============================================================================

    Total RO  Size (Code + RO Data)                31192 (  30.46kB)
    Total RW  Size (RW Data + ZI Data)              2216 (   2.16kB)
    Total ROM Size (Code + RO Data + RW Data)      31272 (  30.54kB)

==============================================================================

